
> stellar-uzima-backend@1.0.0 prebuild
> rimraf dist


> stellar-uzima-backend@1.0.0 build
> nest build

[1m[31mERROR[39m[22m in [1m./src/modules/auth/services/email-verification.service.ts[39m[22m [1m[32m56:24-50[39m[22m
[1mModule [1m[31mnot found[39m[22m[1m: [1m[31mError[39m[22m[1m: Can't resolve './users.service' in 'C:\Users\Godsmiracle\Desktop\Uzima-Backend\src\modules\auth\services'[39m[22m
 @ ./src/modules/auth/auth.module.ts 22:37-85
 @ ./src/app.module.ts 19:22-58
 @ ./src/main.ts 6:21-44

[1m[31mERROR[39m[22m in [1m./src/modules/auth/services/session.service.ts[39m[22m [1m[32m21:24-50[39m[22m
[1mModule [1m[31mnot found[39m[22m[1m: [1m[31mError[39m[22m[1m: Can't resolve './users.service' in 'C:\Users\Godsmiracle\Desktop\Uzima-Backend\src\modules\auth\services'[39m[22m
 @ ./src/modules/auth/auth.module.ts 23:26-63
 @ ./src/app.module.ts 19:22-58
 @ ./src/main.ts 6:21-44

[1m[31mERROR[39m[22m in [1mC:\Users\Godsmiracle\Desktop\Uzima-Backend\src\modules\consultations\consultations.module.ts[39m[22m
[1m./src/modules/consultations/consultations.module.ts[39m[22m [1m[32m1:0[39m[22m
[1m[tsl] [1m[31mERROR[39m[22m[1m in C:\Users\Godsmiracle\Desktop\Uzima-Backend\src\modules\consultations\consultations.module.ts(1,1)
      TS1490: File appears to be binary.[39m[22m
 @ ./src/app.module.ts 23:31-85
 @ ./src/main.ts 6:21-44

[1m[31mERROR[39m[22m in [1m./src/modules/health-tasks/health-tasks.controller.ts[39m[22m [1m[32m42:144[39m[22m
[1mModule parse [1m[31mfailed[39m[22m[1m: Argument name clash (42:144)
File was processed with these loaders:
 * ./node_modules/ts-loader/index.js
You may need an additional loader to handle the result of these loaders.
| ], JwtAuthGuard);
| let HealthTasksController = class HealthTasksController {
>     constructor(healthTasksService, archiveService, completionService, analyticsService, searchService, attachmentsService, duplicationService, analyticsService) {
|         this.healthTasksService = healthTasksService;
|         this.archiveService = archiveService;[39m[22m
 @ ./src/modules/health-tasks/health-tasks.module.ts 13:34-70
 @ ./src/app.module.ts 21:30-82
 @ ./src/main.ts 6:21-44

[1m[31mERROR[39m[22m in [1mC:\Users\Godsmiracle\Desktop\Uzima-Backend\src\modules\notifications\notifications.module.ts[39m[22m
[1m./src/modules/notifications/notifications.module.ts[39m[22m [1m[32m1:0[39m[22m
[1m[tsl] [1m[31mERROR[39m[22m[1m in C:\Users\Godsmiracle\Desktop\Uzima-Backend\src\modules\notifications\notifications.module.ts(1,1)
      TS1490: File appears to be binary.[39m[22m
 @ ./src/app.module.ts 24:31-85
 @ ./src/main.ts 6:21-44

[1m[31mERROR[39m[22m in [1m./src/modules/reports/reports.controller.ts[39m[22m [1m[32m20:18-36[39m[22m
[1mModule [1m[31mnot found[39m[22m[1m: [1m[31mError[39m[22m[1m: Can't resolve 'express' in 'C:\Users\Godsmiracle\Desktop\Uzima-Backend\src\modules\reports'[39m[22m
 @ ./src/modules/reports/reports.module.ts 13:29-60
 @ ./src/app.module.ts 26:25-67
 @ ./src/main.ts 6:21-44

[1m[31mERROR[39m[22m in [1m./src/modules/usage/usage.service.ts[39m[22m [1m[32m21:32-84[39m[22m
[1mModule [1m[31mnot found[39m[22m[1m: [1m[31mError[39m[22m[1m: Can't resolve '../../notifications/notifications.service' in 'C:\Users\Godsmiracle\Desktop\Uzima-Backend\src\modules\usage'[39m[22m
 @ ./src/modules/usage/usage.module.ts 12:24-50
 @ ./src/app.module.ts 30:23-62
 @ ./src/main.ts 6:21-44

[1m[31mERROR[39m[22m in [1m./src/modules/users/services/preferences.service.ts[39m[22m [1m[32m21:34-92[39m[22m
[1mModule [1m[31mnot found[39m[22m[1m: [1m[31mError[39m[22m[1m: Can't resolve '../../database/entities/user-preferences.entity' in 'C:\Users\Godsmiracle\Desktop\Uzima-Backend\src\modules\users\services'[39m[22m
 @ ./src/modules/users/users.service.ts 28:30-71
 @ ./src/modules/users/users.module.ts 21:24-50
 @ ./src/app.module.ts 20:23-61
 @ ./src/main.ts 6:21-44

[1m[31mERROR[39m[22m in [1m./src/modules/users/services/preferences.service.ts[39m[22m [1m[32m22:22-68[39m[22m
[1mModule [1m[31mnot found[39m[22m[1m: [1m[31mError[39m[22m[1m: Can't resolve '../../database/entities/user.entity' in 'C:\Users\Godsmiracle\Desktop\Uzima-Backend\src\modules\users\services'[39m[22m
 @ ./src/modules/users/users.service.ts 28:30-71
 @ ./src/modules/users/users.module.ts 21:24-50
 @ ./src/app.module.ts 20:23-61
 @ ./src/main.ts 6:21-44

[1m[31mERROR[39m[22m in [1mC:\Users\Godsmiracle\Desktop\Uzima-Backend\src\modules\wallet\wallet.module.ts[39m[22m
[1m./src/modules/wallet/wallet.module.ts[39m[22m [1m[32m1:0[39m[22m
[1m[tsl] [1m[31mERROR[39m[22m[1m in C:\Users\Godsmiracle\Desktop\Uzima-Backend\src\modules\wallet\wallet.module.ts(1,1)
      TS1490: File appears to be binary.[39m[22m
 @ ./src/app.module.ts 22:24-65
 @ ./src/main.ts 6:21-44

[1m[31mERROR[39m[22m in [1m./src/shared/monitoring/monitoring.service.ts[39m[22m [1m[32m50:32-92[39m[22m
[1mModule [1m[31mnot found[39m[22m[1m: [1m[31mError[39m[22m[1m: Can't resolve '../../modules/notifications/notifications.service' in 'C:\Users\Godsmiracle\Desktop\Uzima-Backend\src\shared\monitoring'[39m[22m
 @ ./src/common/interceptors/monitoring.interceptor.ts 16:29-82
 @ ./src/main.ts 9:33-88

[1m[31mERROR[39m[22m in [1mC:\Users\Godsmiracle\Desktop\Uzima-Backend\src\shared\storage\storage.module.ts[39m[22m
[1m./src/shared/storage/storage.module.ts[39m[22m [1m[32m1:0[39m[22m
[1m[tsl] [1m[31mERROR[39m[22m[1m in C:\Users\Godsmiracle\Desktop\Uzima-Backend\src\shared\storage\storage.module.ts(1,1)
      TS1490: File appears to be binary.[39m[22m
 @ ./src/app.module.ts 28:25-67
 @ ./src/main.ts 6:21-44

[1m[31mERROR[39m[22m in [1m./src/admin/rewards/failed-reward-job.service.ts:86:43[39m[22m
TS18046: 'error' is of type 'unknown'.
  [0m [90m 84 |[39m       [36mreturn[39m {
   [90m 85 |[39m         success[33m:[39m [36mfalse[39m[33m,[39m
  [31m[1m>[22m[39m[90m 86 |[39m         message[33m:[39m [32m`Failed to replay job: ${error.message || String(error)}`[39m[33m,[39m
   [90m    |[39m                                           [31m[1m^[22m[39m[31m[1m^[22m[39m[31m[1m^[22m[39m[31m[1m^[22m[39m[31m[1m^[22m[39m
   [90m 87 |[39m       }[33m;[39m
   [90m 88 |[39m     }
   [90m 89 |[39m   }[0m

[1m[31mERROR[39m[22m in [1m./src/audit/audit.service.ts:213:7[39m[22m
TS2322: Type '{}' is not assignable to type 'Date | FindOperator<Date> | undefined'.
  [0m [90m 211 |[39m
   [90m 212 |[39m     [36mif[39m (startDate [33m||[39m endDate) {
  [31m[1m>[22m[39m[90m 213 |[39m       where[33m.[39mcreatedAt [33m=[39m {}[33m;[39m
   [90m     |[39m       [31m[1m^[22m[39m[31m[1m^[22m[39m[31m[1m^[22m[39m[31m[1m^[22m[39m[31m[1m^[22m[39m[31m[1m^[22m[39m[31m[1m^[22m[39m[31m[1m^[22m[39m[31m[1m^[22m[39m[31m[1m^[22m[39m[31m[1m^[22m[39m[31m[1m^[22m[39m[31m[1m^[22m[39m[31m[1m^[22m[39m[31m[1m^[22m[39m
   [90m 214 |[39m       [36mif[39m (startDate) {
   [90m 215 |[39m         (where[33m.[39mcreatedAt [36mas[39m any)[33m.[39mgte [33m=[39m startDate[33m;[39m
   [90m 216 |[39m       }[0m

[1m[31mERROR[39m[22m in [1m./src/audit/audit.service.ts:251:22[39m[22m
TS2322: Type '{ isComplianceEvent: true; createdAt: { gte: Date; lte: Date; }; }' is not assignable to type 'FindOptionsWhere<AuditLog> | FindOptionsWhere<AuditLog>[] | undefined'.
  Types of property 'createdAt' are incompatible.
    Object literal may only specify known properties, and 'gte' does not exist in type 'Date | FindOperator<Date>'.
  [0m [90m 249 |[39m       where[33m:[39m {
   [90m 250 |[39m         isComplianceEvent[33m:[39m [36mtrue[39m[33m,[39m
  [31m[1m>[22m[39m[90m 251 |[39m         createdAt[33m:[39m { gte[33m:[39m startDate[33m,[39m lte[33m:[39m endDate }[33m,[39m
   [90m     |[39m                      [31m[1m^[22m[39m[31m[1m^[22m[39m[31m[1m^[22m[39m
   [90m 252 |[39m       }[33m,[39m
   [90m 253 |[39m       order[33m:[39m { createdAt[33m:[39m [32m'DESC'[39m }[33m,[39m
   [90m 254 |[39m     })[33m;[39m[0m

[1m[31mERROR[39m[22m in [1m./src/auth/auth.controller.ts:144:37[39m[22m
TS2345: Argument of type 'string | undefined' is not assignable to parameter of type 'string'.
  Type 'undefined' is not assignable to type 'string'.
  [0m [90m 142 |[39m   [36masync[39m refresh([33m@[39m[33mReq[39m() req[33m:[39m [33mRequest[39m) {
   [90m 143 |[39m     [36mconst[39m refreshToken [33m=[39m req[33m.[39mheaders[33m.[39mauthorization[33m?[39m[33m.[39mreplace([32m'Bearer '[39m[33m,[39m [32m''[39m)[33m;[39m
  [31m[1m>[22m[39m[90m 144 |[39m     [36mreturn[39m [36mthis[39m[33m.[39mauthService[33m.[39mrefresh(refreshToken)[33m;[39m
   [90m     |[39m                                     [31m[1m^[22m[39m[31m[1m^[22m[39m[31m[1m^[22m[39m[31m[1m^[22m[39m[31m[1m^[22m[39m[31m[1m^[22m[39m[31m[1m^[22m[39m[31m[1m^[22m[39m[31m[1m^[22m[39m[31m[1m^[22m[39m[31m[1m^[22m[39m[31m[1m^[22m[39m
   [90m 145 |[39m   }
   [90m 146 |[39m
   [90m 147 |[39m   [33m@[39m[33mPost[39m([32m'logout'[39m)[0m

[1m[31mERROR[39m[22m in [1m./src/auth/auth.controller.ts:155:29[39m[22m
TS2554: Expected 2 arguments, but got 1.
  [0m [90m 153 |[39m   [36masync[39m logout([33m@[39m[33mReq[39m() req[33m:[39m [33mRequest[39m) {
   [90m 154 |[39m     [36mconst[39m refreshToken [33m=[39m req[33m.[39mheaders[33m.[39mauthorization[33m?[39m[33m.[39mreplace([32m'Bearer '[39m[33m,[39m [32m''[39m)[33m;[39m
  [31m[1m>[22m[39m[90m 155 |[39m     [36mreturn[39m [36mthis[39m[33m.[39mauthService[33m.[39mlogout(refreshToken)[33m;[39m
   [90m     |[39m                             [31m[1m^[22m[39m[31m[1m^[22m[39m[31m[1m^[22m[39m[31m[1m^[22m[39m[31m[1m^[22m[39m[31m[1m^[22m[39m
   [90m 156 |[39m   }
   [90m 157 |[39m }[0m

[1m[31mERROR[39m[22m in [1m./src/auth/auth.module.ts:9:33[39m[22m
TS2306: File 'C:/Users/Godsmiracle/Desktop/Uzima-Backend/src/auth/services/password.service.ts' is not a module.
  [0m [90m  7 |[39m [36mimport[39m { [33mAuthService[39m } [36mfrom[39m [32m'./services/auth.service'[39m[33m;[39m
   [90m  8 |[39m [36mimport[39m { [33mUsersService[39m } [36mfrom[39m [32m'./services/users.service'[39m[33m;[39m
  [31m[1m>[22m[39m[90m  9 |[39m [36mimport[39m { [33mPasswordService[39m } [36mfrom[39m [32m'./services/password.service'[39m[33m;[39m
   [90m    |[39m                                 [31m[1m^[22m[39m[31m[1m^[22m[39m[31m[1m^[22m[39m[31m[1m^[22m[39m[31m[1m^[22m[39m[31m[1m^[22m[39m[31m[1m^[22m[39m[31m[1m^[22m[39m[31m[1m^[22m[39m[31m[1m^[22m[39m[31m[1m^[22m[39m[31m[1m^[22m[39m[31m[1m^[22m[39m[31m[1m^[22m[39m[31m[1m^[22m[39m[31m[1m^[22m[39m[31m[1m^[22m[39m[31m[1m^[22m[39m[31m[1m^[22m[39m[31m[1m^[22m[39m[31m[1m^[22m[39m[31m[1m^[22m[39m[31m[1m^[22m[39m[31m[1m^[22m[39m[31m[1m^[22m[39m[31m[1m^[22m[39m[31m[1m^[22m[39m[31m[1m^[22m[39m[31m[1m^[22m[39m
   [90m 10 |[39m [36mimport[39m { [33mJwtTokenService[39m } [36mfrom[39m [32m'./services/jwt.service'[39m[33m;[39m
   [90m 11 |[39m [36mimport[39m { [33mApiKeyService[39m } [36mfrom[39m [32m'./services/api-key.service'[39m[33m;[39m
   [90m 12 |[39m [36mimport[39m { [33mOtpModule[39m } [36mfrom[39m [32m'../otp/otp.module'[39m[33m;[39m[0m

[1m[31mERROR[39m[22m in [1m./src/auth/auth.module.ts:11:31[39m[22m
TS2307: Cannot find module './services/api-key.service' or its corresponding type declarations.
  [0m [90m  9 |[39m [36mimport[39m { [33mPasswordService[39m } [36mfrom[39m [32m'./services/password.service'[39m[33m;[39m
   [90m 10 |[39m [36mimport[39m { [33mJwtTokenService[39m } [36mfrom[39m [32m'./services/jwt.service'[39m[33m;[39m
  [31m[1m>[22m[39m[90m 11 |[39m [36mimport[39m { [33mApiKeyService[39m } [36mfrom[39m [32m'./services/api-key.service'[39m[33m;[39m
   [90m    |[39m                               [31m[1m^[22m[39m[31m[1m^[22m[39m[31m[1m^[22m[39m[31m[1m^[22m[39m[31m[1m^[22m[39m[31m[1m^[22m[39m[31m[1m^[22m[39m[31m[1m^[22m[39m[31m[1m^[22m[39m[31m[1m^[22m[39m[31m[1m^[22m[39m[31m[1m^[22m[39m[31m[1m^[22m[39m[31m[1m^[22m[39m[31m[1m^[22m[39m[31m[1m^[22m[39m[31m[1m^[22m[39m[31m[1m^[22m[39m[31m[1m^[22m[39m[31m[1m^[22m[39m[31m[1m^[22m[39m[31m[1m^[22m[39m[31m[1m^[22m[39m[31m[1m^[22m[39m[31m[1m^[22m[39m[31m[1m^[22m[39m[31m[1m^[22m[39m[31m[1m^[22m[39m
   [90m 12 |[39m [36mimport[39m { [33mOtpModule[39m } [36mfrom[39m [32m'../otp/otp.module'[39m[33m;[39m
   [90m 13 |[39m [36mimport[39m { [33mUser[39m } [36mfrom[39m [32m'../entities/user.entity'[39m[33m;[39m
   [90m 14 |[39m [36mimport[39m { [33mApiKey[39m } [36mfrom[39m [32m'../database/entities/api-key.entity'[39m[33m;[39m[0m

[1m[31mERROR[39m[22m in [1m./src/auth/services/auth.service.ts:81:45[39m[22m
TS2339: Property 'getProfile' does not exist on type 'UsersService'.
  [0m [90m 79 |[39m
   [90m 80 |[39m     [36mconst[39m tokens [33m=[39m [36mawait[39m [36mthis[39m[33m.[39mgenerateTokens(user[33m.[39mid[33m,[39m user[33m.[39memail[33m,[39m user[33m.[39mrole)[33m;[39m
  [31m[1m>[22m[39m[90m 81 |[39m     [36mconst[39m profile [33m=[39m [36mawait[39m [36mthis[39m[33m.[39musersService[33m.[39mgetProfile(user[33m.[39mid)[33m;[39m
   [90m    |[39m                                             [31m[1m^[22m[39m[31m[1m^[22m[39m[31m[1m^[22m[39m[31m[1m^[22m[39m[31m[1m^[22m[39m[31m[1m^[22m[39m[31m[1m^[22m[39m[31m[1m^[22m[39m[31m[1m^[22m[39m[31m[1m^[22m[39m
   [90m 82 |[39m
   [90m 83 |[39m     [36mreturn[39m {
   [90m 84 |[39m       [33m...[39mtokens[33m,[39m[0m

[1m[31mERROR[39m[22m in [1m./src/auth/services/auth.service.ts:109:45[39m[22m
TS2339: Property 'getProfile' does not exist on type 'UsersService'.
  [0m [90m 107 |[39m
   [90m 108 |[39m     [36mconst[39m tokens [33m=[39m [36mawait[39m [36mthis[39m[33m.[39mgenerateTokens(user[33m.[39mid[33m,[39m user[33m.[39memail[33m,[39m user[33m.[39mrole)[33m;[39m
  [31m[1m>[22m[39m[90m 109 |[39m     [36mconst[39m profile [33m=[39m [36mawait[39m [36mthis[39m[33m.[39musersService[33m.[39mgetProfile(user[33m.[39mid)[33m;[39m
   [90m     |[39m                                             [31m[1m^[22m[39m[31m[1m^[22m[39m[31m[1m^[22m[39m[31m[1m^[22m[39m[31m[1m^[22m[39m[31m[1m^[22m[39m[31m[1m^[22m[39m[31m[1m^[22m[39m[31m[1m^[22m[39m[31m[1m^[22m[39m
   [90m 110 |[39m
   [90m 111 |[39m     [36mreturn[39m {
   [90m 112 |[39m       [33m...[39mtokens[33m,[39m[0m

[1m[31mERROR[39m[22m in [1m./src/auth/services/auth.service.ts:249:70[39m[22m
TS18046: 'redisError' is of type 'unknown'.
  [0m [90m 247 |[39m       } [36mcatch[39m (redisError) {
   [90m 248 |[39m         [90m// Redis failure shouldn't fail the logout[39m
  [31m[1m>[22m[39m[90m 249 |[39m         [36mthis[39m[33m.[39mlogger[33m.[39mwarn([32m`Redis cleanup failed for user ${userId}: ${redisError.message}`[39m)[33m;[39m
   [90m     |[39m                                                                      [31m[1m^[22m[39m[31m[1m^[22m[39m[31m[1m^[22m[39m[31m[1m^[22m[39m[31m[1m^[22m[39m[31m[1m^[22m[39m[31m[1m^[22m[39m[31m[1m^[22m[39m[31m[1m^[22m[39m[31m[1m^[22m[39m
   [90m 250 |[39m       }
   [90m 251 |[39m
   [90m 252 |[39m       [90m// Log successful logout with performance metrics[39m[0m

[1m[31mERROR[39m[22m in [1m./src/auth/services/auth.service.ts:266:82[39m[22m
TS18046: 'error' is of type 'unknown'.
  [0m [90m 264 |[39m     } [36mcatch[39m (error) {
   [90m 265 |[39m       [36mconst[39m duration [33m=[39m [33mDate[39m[33m.[39mnow() [33m-[39m startTime[33m;[39m
  [31m[1m>[22m[39m[90m 266 |[39m       [36mthis[39m[33m.[39mlogger[33m.[39merror([32m`Logout failed for user ${userId} after ${duration}ms: ${error.message}`[39m[33m,[39m error[33m.[39mstack)[33m;[39m
   [90m     |[39m                                                                                  [31m[1m^[22m[39m[31m[1m^[22m[39m[31m[1m^[22m[39m[31m[1m^[22m[39m[31m[1m^[22m[39m
   [90m 267 |[39m
   [90m 268 |[39m       [90m// Re-throw with appropriate error type[39m
   [90m 269 |[39m       [36mif[39m (error [36minstanceof[39m [33mUnauthorizedException[39m) {[0m

[1m[31mERROR[39m[22m in [1m./src/auth/services/auth.service.ts:266:99[39m[22m
TS18046: 'error' is of type 'unknown'.
  [0m [90m 264 |[39m     } [36mcatch[39m (error) {
   [90m 265 |[39m       [36mconst[39m duration [33m=[39m [33mDate[39m[33m.[39mnow() [33m-[39m startTime[33m;[39m
  [31m[1m>[22m[39m[90m 266 |[39m       [36mthis[39m[33m.[39mlogger[33m.[39merror([32m`Logout failed for user ${userId} after ${duration}ms: ${error.message}`[39m[33m,[39m error[33m.[39mstack)[33m;[39m
   [90m     |[39m                                                                                                   [31m[1m^[22m[39m[31m[1m^[22m[39m[31m[1m^[22m[39m[31m[1m^[22m[39m[31m[1m^[22m[39m
   [90m 267 |[39m
   [90m 268 |[39m       [90m// Re-throw with appropriate error type[39m
   [90m 269 |[39m       [36mif[39m (error [36minstanceof[39m [33mUnauthorizedException[39m) {[0m

[1m[31mERROR[39m[22m in [1m./src/auth/services/auth.service.ts:273:17[39m[22m
TS2304: Cannot find name 'InternalServerErrorException'.
  [0m [90m 271 |[39m       }
   [90m 272 |[39m
  [31m[1m>[22m[39m[90m 273 |[39m       [36mthrow[39m [36mnew[39m [33mInternalServerErrorException[39m([32m'Logout operation failed'[39m)[33m;[39m
   [90m     |[39m                 [31m[1m^[22m[39m[31m[1m^[22m[39m[31m[1m^[22m[39m[31m[1m^[22m[39m[31m[1m^[22m[39m[31m[1m^[22m[39m[31m[1m^[22m[39m[31m[1m^[22m[39m[31m[1m^[22m[39m[31m[1m^[22m[39m[31m[1m^[22m[39m[31m[1m^[22m[39m[31m[1m^[22m[39m[31m[1m^[22m[39m[31m[1m^[22m[39m[31m[1m^[22m[39m[31m[1m^[22m[39m[31m[1m^[22m[39m[31m[1m^[22m[39m[31m[1m^[22m[39m[31m[1m^[22m[39m[31m[1m^[22m[39m[31m[1m^[22m[39m[31m[1m^[22m[39m[31m[1m^[22m[39m[31m[1m^[22m[39m[31m[1m^[22m[39m[31m[1m^[22m[39m
   [90m 274 |[39m     }
   [90m 275 |[39m   }
   [90m 276 |[39m[0m

[1m[31mERROR[39m[22m in [1m./src/auth/services/auth.service.ts:306:60[39m[22m
TS18046: 'error' is of type 'unknown'.
  [0m [90m 304 |[39m       [36mreturn[39m isBlacklisted[33m;[39m
   [90m 305 |[39m     } [36mcatch[39m (error) {
  [31m[1m>[22m[39m[90m 306 |[39m       [36mthis[39m[33m.[39mlogger[33m.[39merror([32m`Error checking token blacklist: ${error.message}`[39m)[33m;[39m
   [90m     |[39m                                                            [31m[1m^[22m[39m[31m[1m^[22m[39m[31m[1m^[22m[39m[31m[1m^[22m[39m[31m[1m^[22m[39m
   [90m 307 |[39m       [90m// On database error, assume token is not blacklisted for safety[39m
   [90m 308 |[39m       [36mreturn[39m [36mfalse[39m[33m;[39m
   [90m 309 |[39m     }[0m

[1m[31mERROR[39m[22m in [1m./src/auth/services/auth.service.ts:338:62[39m[22m
TS18046: 'error' is of type 'unknown'.
  [0m [90m 336 |[39m       [36mreturn[39m deletedCount[33m;[39m
   [90m 337 |[39m     } [36mcatch[39m (error) {
  [31m[1m>[22m[39m[90m 338 |[39m       [36mthis[39m[33m.[39mlogger[33m.[39merror([32m`Failed to cleanup expired tokens: ${error.message}`[39m)[33m;[39m
   [90m     |[39m                                                              [31m[1m^[22m[39m[31m[1m^[22m[39m[31m[1m^[22m[39m[31m[1m^[22m[39m[31m[1m^[22m[39m
   [90m 339 |[39m       [36mreturn[39m [35m0[39m[33m;[39m
   [90m 340 |[39m     }
   [90m 341 |[39m   }[0m

[1m[31mERROR[39m[22m in [1m./src/auth/services/auth.service.ts:382:46[39m[22m
TS18047: 'user' is possibly 'null'.
  [0m [90m 380 |[39m     }
   [90m 381 |[39m
  [31m[1m>[22m[39m[90m 382 |[39m     [36mconst[39m tokens [33m=[39m [36mawait[39m [36mthis[39m[33m.[39mgenerateTokens(user[33m.[39mid[33m,[39m user[33m.[39memail [33m||[39m user[33m.[39mphoneNumber[33m,[39m user[33m.[39mrole)[33m;[39m
   [90m     |[39m                                              [31m[1m^[22m[39m[31m[1m^[22m[39m[31m[1m^[22m[39m[31m[1m^[22m[39m
   [90m 383 |[39m     [36mreturn[39m {
   [90m 384 |[39m       success[33m:[39m [36mtrue[39m[33m,[39m
   [90m 385 |[39m       message[33m:[39m [32m'Authentication successful'[39m[33m,[39m[0m

[1m[31mERROR[39m[22m in [1m./src/auth/services/auth.service.ts:382:55[39m[22m
TS18047: 'user' is possibly 'null'.
  [0m [90m 380 |[39m     }
   [90m 381 |[39m
  [31m[1m>[22m[39m[90m 382 |[39m     [36mconst[39m tokens [33m=[39m [36mawait[39m [36mthis[39m[33m.[39mgenerateTokens(user[33m.[39mid[33m,[39m user[33m.[39memail [33m||[39m user[33m.[39mphoneNumber[33m,[39m user[33m.[39mrole)[33m;[39m
   [90m     |[39m                                                       [31m[1m^[22m[39m[31m[1m^[22m[39m[31m[1m^[22m[39m[31m[1m^[22m[39m
   [90m 383 |[39m     [36mreturn[39m {
   [90m 384 |[39m       success[33m:[39m [36mtrue[39m[33m,[39m
   [90m 385 |[39m       message[33m:[39m [32m'Authentication successful'[39m[33m,[39m[0m

[1m[31mERROR[39m[22m in [1m./src/auth/services/auth.service.ts:382:69[39m[22m
TS18047: 'user' is possibly 'null'.
  [0m [90m 380 |[39m     }
   [90m 381 |[39m
  [31m[1m>[22m[39m[90m 382 |[39m     [36mconst[39m tokens [33m=[39m [36mawait[39m [36mthis[39m[33m.[39mgenerateTokens(user[33m.[39mid[33m,[39m user[33m.[39memail [33m||[39m user[33m.[39mphoneNumber[33m,[39m user[33m.[39mrole)[33m;[39m
   [90m     |[39m                                                                     [31m[1m^[22m[39m[31m[1m^[22m[39m[31m[1m^[22m[39m[31m[1m^[22m[39m
   [90m 383 |[39m     [36mreturn[39m {
   [90m 384 |[39m       success[33m:[39m [36mtrue[39m[33m,[39m
   [90m 385 |[39m       message[33m:[39m [32m'Authentication successful'[39m[33m,[39m[0m

[1m[31mERROR[39m[22m in [1m./src/auth/services/auth.service.ts:382:87[39m[22m
TS18047: 'user' is possibly 'null'.
  [0m [90m 380 |[39m     }
   [90m 381 |[39m
  [31m[1m>[22m[39m[90m 382 |[39m     [36mconst[39m tokens [33m=[39m [36mawait[39m [36mthis[39m[33m.[39mgenerateTokens(user[33m.[39mid[33m,[39m user[33m.[39memail [33m||[39m user[33m.[39mphoneNumber[33m,[39m user[33m.[39mrole)[33m;[39m
   [90m     |[39m                                                                                       [31m[1m^[22m[39m[31m[1m^[22m[39m[31m[1m^[22m[39m[31m[1m^[22m[39m
   [90m 383 |[39m     [36mreturn[39m {
   [90m 384 |[39m       success[33m:[39m [36mtrue[39m[33m,[39m
   [90m 385 |[39m       message[33m:[39m [32m'Authentication successful'[39m[33m,[39m[0m

[1m[31mERROR[39m[22m in [1m./src/auth/services/auth.service.ts:389:13[39m[22m
TS18047: 'user' is possibly 'null'.
  [0m [90m 387 |[39m       refreshToken[33m:[39m tokens[33m.[39mrefreshToken[33m,[39m
   [90m 388 |[39m       user[33m:[39m {
  [31m[1m>[22m[39m[90m 389 |[39m         id[33m:[39m user[33m.[39mid[33m,[39m
   [90m     |[39m             [31m[1m^[22m[39m[31m[1m^[22m[39m[31m[1m^[22m[39m[31m[1m^[22m[39m
   [90m 390 |[39m         phoneNumber[33m:[39m user[33m.[39mphoneNumber[33m,[39m
   [90m 391 |[39m         isNewUser[33m,[39m
   [90m 392 |[39m       }[33m,[39m[0m

[1m[31mERROR[39m[22m in [1m./src/auth/services/auth.service.ts:390:22[39m[22m
TS18047: 'user' is possibly 'null'.
  [0m [90m 388 |[39m       user[33m:[39m {
   [90m 389 |[39m         id[33m:[39m user[33m.[39mid[33m,[39m
  [31m[1m>[22m[39m[90m 390 |[39m         phoneNumber[33m:[39m user[33m.[39mphoneNumber[33m,[39m
   [90m     |[39m                      [31m[1m^[22m[39m[31m[1m^[22m[39m[31m[1m^[22m[39m[31m[1m^[22m[39m
   [90m 391 |[39m         isNewUser[33m,[39m
   [90m 392 |[39m       }[33m,[39m
   [90m 393 |[39m     }[33m;[39m[0m

[1m[31mERROR[39m[22m in [1m./src/auth/services/auth.service.ts:404:10[39m[22m
TS2339: Property 'isVerified' does not exist on type 'User'.
  [0m [90m 402 |[39m
   [90m 403 |[39m     [36mconst[39m user [33m=[39m record[33m.[39muser[33m;[39m
  [31m[1m>[22m[39m[90m 404 |[39m     user[33m.[39misVerified [33m=[39m [36mtrue[39m[33m;[39m
   [90m     |[39m          [31m[1m^[22m[39m[31m[1m^[22m[39m[31m[1m^[22m[39m[31m[1m^[22m[39m[31m[1m^[22m[39m[31m[1m^[22m[39m[31m[1m^[22m[39m[31m[1m^[22m[39m[31m[1m^[22m[39m[31m[1m^[22m[39m
   [90m 405 |[39m     [90m// clear legacy fields if present[39m
   [90m 406 |[39m     user[33m.[39memailVerificationToken [33m=[39m [36mnull[39m[33m;[39m
   [90m 407 |[39m     user[33m.[39memailVerificationExpiry [33m=[39m [36mnull[39m[33m;[39m[0m

[1m[31mERROR[39m[22m in [1m./src/auth/services/auth.service.ts:406:10[39m[22m
TS2339: Property 'emailVerificationToken' does not exist on type 'User'.
  [0m [90m 404 |[39m     user[33m.[39misVerified [33m=[39m [36mtrue[39m[33m;[39m
   [90m 405 |[39m     [90m// clear legacy fields if present[39m
  [31m[1m>[22m[39m[90m 406 |[39m     user[33m.[39memailVerificationToken [33m=[39m [36mnull[39m[33m;[39m
   [90m     |[39m          [31m[1m^[22m[39m[31m[1m^[22m[39m[31m[1m^[22m[39m[31m[1m^[22m[39m[31m[1m^[22m[39m[31m[1m^[22m[39m[31m[1m^[22m[39m[31m[1m^[22m[39m[31m[1m^[22m[39m[31m[1m^[22m[39m[31m[1m^[22m[39m[31m[1m^[22m[39m[31m[1m^[22m[39m[31m[1m^[22m[39m[31m[1m^[22m[39m[31m[1m^[22m[39m[31m[1m^[22m[39m[31m[1m^[22m[39m[31m[1m^[22m[39m[31m[1m^[22m[39m[31m[1m^[22m[39m[31m[1m^[22m[39m
   [90m 407 |[39m     user[33m.[39memailVerificationExpiry [33m=[39m [36mnull[39m[33m;[39m
   [90m 408 |[39m     [36mawait[39m [36mthis[39m[33m.[39musersService[33m.[39msave(user)[33m;[39m
   [90m 409 |[39m[0m

[1m[31mERROR[39m[22m in [1m./src/auth/services/auth.service.ts:407:10[39m[22m
TS2339: Property 'emailVerificationExpiry' does not exist on type 'User'.
  [0m [90m 405 |[39m     [90m// clear legacy fields if present[39m
   [90m 406 |[39m     user[33m.[39memailVerificationToken [33m=[39m [36mnull[39m[33m;[39m
  [31m[1m>[22m[39m[90m 407 |[39m     user[33m.[39memailVerificationExpiry [33m=[39m [36mnull[39m[33m;[39m
   [90m     |[39m          [31m[1m^[22m[39m[31m[1m^[22m[39m[31m[1m^[22m[39m[31m[1m^[22m[39m[31m[1m^[22m[39m[31m[1m^[22m[39m[31m[1m^[22m[39m[31m[1m^[22m[39m[31m[1m^[22m[39m[31m[1m^[22m[39m[31m[1m^[22m[39m[31m[1m^[22m[39m[31m[1m^[22m[39m[31m[1m^[22m[39m[31m[1m^[22m[39m[31m[1m^[22m[39m[31m[1m^[22m[39m[31m[1m^[22m[39m[31m[1m^[22m[39m[31m[1m^[22m[39m[31m[1m^[22m[39m[31m[1m^[22m[39m[31m[1m^[22m[39m
   [90m 408 |[39m     [36mawait[39m [36mthis[39m[33m.[39musersService[33m.[39msave(user)[33m;[39m
   [90m 409 |[39m
   [90m 410 |[39m     [90m// Emit email verified event[39m[0m

[1m[31mERROR[39m[22m in [1m./src/auth/services/auth.service.ts:408:34[39m[22m
TS2345: Argument of type 'import("C:/Users/Godsmiracle/Desktop/Uzima-Backend/src/database/entities/user.entity").User' is not assignable to parameter of type 'import("C:/Users/Godsmiracle/Desktop/Uzima-Backend/src/entities/user.entity").User'.
  Type 'User' is missing the following properties from type 'User': phoneNumber, country, preferredLanguage, status, and 9 more.
  [0m [90m 406 |[39m     user[33m.[39memailVerificationToken [33m=[39m [36mnull[39m[33m;[39m
   [90m 407 |[39m     user[33m.[39memailVerificationExpiry [33m=[39m [36mnull[39m[33m;[39m
  [31m[1m>[22m[39m[90m 408 |[39m     [36mawait[39m [36mthis[39m[33m.[39musersService[33m.[39msave(user)[33m;[39m
   [90m     |[39m                                  [31m[1m^[22m[39m[31m[1m^[22m[39m[31m[1m^[22m[39m[31m[1m^[22m[39m
   [90m 409 |[39m
   [90m 410 |[39m     [90m// Emit email verified event[39m
   [90m 411 |[39m     [36mthis[39m[33m.[39meventEmitter[33m.[39memit([32m'user.email.verified'[39m[33m,[39m {[0m

[1m[31mERROR[39m[22m in [1m./src/auth/services/jwt.service.ts:8:8[39m[22m
TS2307: Cannot find module '../../../common/interfaces/token.interface' or its corresponding type declarations.
  [0m [90m  6 |[39m   [33mTokenPair[39m[33m,[39m
   [90m  7 |[39m   [33mValidatedToken[39m[33m,[39m
  [31m[1m>[22m[39m[90m  8 |[39m } [36mfrom[39m [32m'../../../common/interfaces/token.interface'[39m[33m;[39m
   [90m    |[39m        [31m[1m^[22m[39m[31m[1m^[22m[39m[31m[1m^[22m[39m[31m[1m^[22m[39m[31m[1m^[22m[39m[31m[1m^[22m[39m[31m[1m^[22m[39m[31m[1m^[22m[39m[31m[1m^[22m[39m[31m[1m^[22m[39m[31m[1m^[22m[39m[31m[1m^[22m[39m[31m[1m^[22m[39m[31m[1m^[22m[39m[31m[1m^[22m[39m[31m[1m^[22m[39m[31m[1m^[22m[39m[31m[1m^[22m[39m[31m[1m^[22m[39m[31m[1m^[22m[39m[31m[1m^[22m[39m[31m[1m^[22m[39m[31m[1m^[22m[39m[31m[1m^[22m[39m[31m[1m^[22m[39m[31m[1m^[22m[39m[31m[1m^[22m[39m[31m[1m^[22m[39m[31m[1m^[22m[39m[31m[1m^[22m[39m[31m[1m^[22m[39m[31m[1m^[22m[39m[31m[1m^[22m[39m[31m[1m^[22m[39m[31m[1m^[22m[39m[31m[1m^[22m[39m[31m[1m^[22m[39m[31m[1m^[22m[39m[31m[1m^[22m[39m[31m[1m^[22m[39m[31m[1m^[22m[39m[31m[1m^[22m[39m[31m[1m^[22m[39m[31m[1m^[22m[39m
   [90m  9 |[39m
   [90m 10 |[39m [33m@[39m[33mInjectable[39m()
   [90m 11 |[39m [36mexport[39m [36mclass[39m [33mJwtTokenService[39m {[0m

[1m[31mERROR[39m[22m in [1m./src/auth/services/jwt.service.ts:72:58[39m[22m
TS2339: Property 'message' does not exist on type '{}'.
  [0m [90m 70 |[39m       }
   [90m 71 |[39m
  [31m[1m>[22m[39m[90m 72 |[39m       [36mthis[39m[33m.[39mlogger[33m.[39mwarn([32m'Token validation failed'[39m[33m,[39m error[33m?[39m[33m.[39mmessage)[33m;[39m
   [90m    |[39m                                                          [31m[1m^[22m[39m[31m[1m^[22m[39m[31m[1m^[22m[39m[31m[1m^[22m[39m[31m[1m^[22m[39m[31m[1m^[22m[39m[31m[1m^[22m[39m
   [90m 73 |[39m       [36mreturn[39m { payload[33m:[39m [36mnull[39m[33m,[39m expired[33m:[39m [36mfalse[39m[33m,[39m error[33m:[39m error[33m?[39m[33m.[39mmessage [33m?[39m[33m?[39m [32m'Invalid token'[39m }[33m;[39m
   [90m 74 |[39m     }
   [90m 75 |[39m   }[0m

[1m[31mERROR[39m[22m in [1m./src/auth/services/jwt.service.ts:73:61[39m[22m
TS2339: Property 'message' does not exist on type '{}'.
  [0m [90m 71 |[39m
   [90m 72 |[39m       [36mthis[39m[33m.[39mlogger[33m.[39mwarn([32m'Token validation failed'[39m[33m,[39m error[33m?[39m[33m.[39mmessage)[33m;[39m
  [31m[1m>[22m[39m[90m 73 |[39m       [36mreturn[39m { payload[33m:[39m [36mnull[39m[33m,[39m expired[33m:[39m [36mfalse[39m[33m,[39m error[33m:[39m error[33m?[39m[33m.[39mmessage [33m?[39m[33m?[39m [32m'Invalid token'[39m }[33m;[39m
   [90m    |[39m                                                             [31m[1m^[22m[39m[31m[1m^[22m[39m[31m[1m^[22m[39m[31m[1m^[22m[39m[31m[1m^[22m[39m[31m[1m^[22m[39m[31m[1m^[22m[39m
   [90m 74 |[39m     }
   [90m 75 |[39m   }
   [90m 76 |[39m[0m

[1m[31mERROR[39m[22m in [1m./src/common/dtos/pagination.dto.ts:77:4[39m[22m
TS2304: Cannot find name 'ApiProperty'.
  [0m [90m 75 |[39m
   [90m 76 |[39m [36mexport[39m [36mclass[39m [33mPaginationMetaDto[39m {
  [31m[1m>[22m[39m[90m 77 |[39m   [33m@[39m[33mApiProperty[39m({
   [90m    |[39m    [31m[1m^[22m[39m[31m[1m^[22m[39m[31m[1m^[22m[39m[31m[1m^[22m[39m[31m[1m^[22m[39m[31m[1m^[22m[39m[31m[1m^[22m[39m[31m[1m^[22m[39m[31m[1m^[22m[39m[31m[1m^[22m[39m[31m[1m^[22m[39m
   [90m 78 |[39m     description[33m:[39m [32m'Current page number'[39m
   [90m 79 |[39m   })
   [90m 80 |[39m   page[33m:[39m number[33m;[39m[0m

[1m[31mERROR[39m[22m in [1m./src/common/dtos/pagination.dto.ts:82:4[39m[22m
TS2304: Cannot find name 'ApiProperty'.
  [0m [90m 80 |[39m   page[33m:[39m number[33m;[39m
   [90m 81 |[39m
  [31m[1m>[22m[39m[90m 82 |[39m   [33m@[39m[33mApiProperty[39m({
   [90m    |[39m    [31m[1m^[22m[39m[31m[1m^[22m[39m[31m[1m^[22m[39m[31m[1m^[22m[39m[31m[1m^[22m[39m[31m[1m^[22m[39m[31m[1m^[22m[39m[31m[1m^[22m[39m[31m[1m^[22m[39m[31m[1m^[22m[39m[31m[1m^[22m[39m
   [90m 83 |[39m     description[33m:[39m [32m'Number of items per page'[39m
   [90m 84 |[39m   })
   [90m 85 |[39m   limit[33m:[39m number[33m;[39m[0m

[1m[31mERROR[39m[22m in [1m./src/common/dtos/pagination.dto.ts:87:4[39m[22m
TS2304: Cannot find name 'ApiProperty'.
  [0m [90m 85 |[39m   limit[33m:[39m number[33m;[39m
   [90m 86 |[39m
  [31m[1m>[22m[39m[90m 87 |[39m   [33m@[39m[33mApiProperty[39m({
   [90m    |[39m    [31m[1m^[22m[39m[31m[1m^[22m[39m[31m[1m^[22m[39m[31m[1m^[22m[39m[31m[1m^[22m[39m[31m[1m^[22m[39m[31m[1m^[22m[39m[31m[1m^[22m[39m[31m[1m^[22m[39m[31m[1m^[22m[39m[31m[1m^[22m[39m
   [90m 88 |[39m     description[33m:[39m [32m'Total number of items'[39m
   [90m 89 |[39m   })
   [90m 90 |[39m   total[33m:[39m number[33m;[39m[0m

[1m[31mERROR[39m[22m in [1m./src/common/dtos/pagination.dto.ts:92:4[39m[22m
TS2304: Cannot find name 'ApiProperty'.
  [0m [90m 90 |[39m   total[33m:[39m number[33m;[39m
   [90m 91 |[39m
  [31m[1m>[22m[39m[90m 92 |[39m   [33m@[39m[33mApiProperty[39m({
   [90m    |[39m    [31m[1m^[22m[39m[31m[1m^[22m[39m[31m[1m^[22m[39m[31m[1m^[22m[39m[31m[1m^[22m[39m[31m[1m^[22m[39m[31m[1m^[22m[39m[31m[1m^[22m[39m[31m[1m^[22m[39m[31m[1m^[22m[39m[31m[1m^[22m[39m
   [90m 93 |[39m     description[33m:[39m [32m'Total number of pages'[39m
   [90m 94 |[39m   })
   [90m 95 |[39m   totalPages[33m:[39m number[33m;[39m[0m

[1m[31mERROR[39m[22m in [1m./src/common/dtos/pagination.dto.ts:97:4[39m[22m
TS2304: Cannot find name 'ApiProperty'.
  [0m [90m  95 |[39m   totalPages[33m:[39m number[33m;[39m
   [90m  96 |[39m
  [31m[1m>[22m[39m[90m  97 |[39m   [33m@[39m[33mApiProperty[39m({
   [90m     |[39m    [31m[1m^[22m[39m[31m[1m^[22m[39m[31m[1m^[22m[39m[31m[1m^[22m[39m[31m[1m^[22m[39m[31m[1m^[22m[39m[31m[1m^[22m[39m[31m[1m^[22m[39m[31m[1m^[22m[39m[31m[1m^[22m[39m[31m[1m^[22m[39m
   [90m  98 |[39m     description[33m:[39m [32m'Has next page'[39m
   [90m  99 |[39m   })
   [90m 100 |[39m   hasNext[33m:[39m boolean[33m;[39m[0m

[1m[31mERROR[39m[22m in [1m./src/common/dtos/pagination.dto.ts:102:4[39m[22m
TS2304: Cannot find name 'ApiProperty'.
  [0m [90m 100 |[39m   hasNext[33m:[39m boolean[33m;[39m
   [90m 101 |[39m
  [31m[1m>[22m[39m[90m 102 |[39m   [33m@[39m[33mApiProperty[39m({
   [90m     |[39m    [31m[1m^[22m[39m[31m[1m^[22m[39m[31m[1m^[22m[39m[31m[1m^[22m[39m[31m[1m^[22m[39m[31m[1m^[22m[39m[31m[1m^[22m[39m[31m[1m^[22m[39m[31m[1m^[22m[39m[31m[1m^[22m[39m[31m[1m^[22m[39m
   [90m 103 |[39m     description[33m:[39m [32m'Has previous page'[39m
   [90m 104 |[39m   })
   [90m 105 |[39m   hasPrev[33m:[39m boolean[33m;[39m[0m

[1m[31mERROR[39m[22m in [1m./src/common/dtos/pagination.dto.ts:107:4[39m[22m
TS2304: Cannot find name 'ApiProperty'.
  [0m [90m 105 |[39m   hasPrev[33m:[39m boolean[33m;[39m
   [90m 106 |[39m
  [31m[1m>[22m[39m[90m 107 |[39m   [33m@[39m[33mApiProperty[39m({
   [90m     |[39m    [31m[1m^[22m[39m[31m[1m^[22m[39m[31m[1m^[22m[39m[31m[1m^[22m[39m[31m[1m^[22m[39m[31m[1m^[22m[39m[31m[1m^[22m[39m[31m[1m^[22m[39m[31m[1m^[22m[39m[31m[1m^[22m[39m[31m[1m^[22m[39m
   [90m 108 |[39m     description[33m:[39m [32m'Next page number'[39m
   [90m 109 |[39m   })
   [90m 110 |[39m   nextPage[33m?[39m[33m:[39m number[33m;[39m[0m

[1m[31mERROR[39m[22m in [1m./src/common/dtos/pagination.dto.ts:112:4[39m[22m
TS2304: Cannot find name 'ApiProperty'.
  [0m [90m 110 |[39m   nextPage[33m?[39m[33m:[39m number[33m;[39m
   [90m 111 |[39m
  [31m[1m>[22m[39m[90m 112 |[39m   [33m@[39m[33mApiProperty[39m({
   [90m     |[39m    [31m[1m^[22m[39m[31m[1m^[22m[39m[31m[1m^[22m[39m[31m[1m^[22m[39m[31m[1m^[22m[39m[31m[1m^[22m[39m[31m[1m^[22m[39m[31m[1m^[22m[39m[31m[1m^[22m[39m[31m[1m^[22m[39m[31m[1m^[22m[39m
   [90m 113 |[39m     description[33m:[39m [32m'Previous page number'[39m
   [90m 114 |[39m   })
   [90m 115 |[39m   prevPage[33m?[39m[33m:[39m number[33m;[39m[0m

[1m[31mERROR[39m[22m in [1m./src/common/dtos/pagination.dto.ts:119:4[39m[22m
TS2304: Cannot find name 'ApiProperty'.
  [0m [90m 117 |[39m
   [90m 118 |[39m [36mexport[39m [36mclass[39m [33mPaginatedResponseDto[39m[33m<[39m[33mT[39m[33m>[39m {
  [31m[1m>[22m[39m[90m 119 |[39m   [33m@[39m[33mApiProperty[39m({
   [90m     |[39m    [31m[1m^[22m[39m[31m[1m^[22m[39m[31m[1m^[22m[39m[31m[1m^[22m[39m[31m[1m^[22m[39m[31m[1m^[22m[39m[31m[1m^[22m[39m[31m[1m^[22m[39m[31m[1m^[22m[39m[31m[1m^[22m[39m[31m[1m^[22m[39m
   [90m 120 |[39m     description[33m:[39m [32m'Array of items'[39m
   [90m 121 |[39m   })
   [90m 122 |[39m   data[33m:[39m [33mT[39m[][33m;[39m[0m

[1m[31mERROR[39m[22m in [1m./src/common/dtos/pagination.dto.ts:124:4[39m[22m
TS2304: Cannot find name 'ApiProperty'.
  [0m [90m 122 |[39m   data[33m:[39m [33mT[39m[][33m;[39m
   [90m 123 |[39m
  [31m[1m>[22m[39m[90m 124 |[39m   [33m@[39m[33mApiProperty[39m({
   [90m     |[39m    [31m[1m^[22m[39m[31m[1m^[22m[39m[31m[1m^[22m[39m[31m[1m^[22m[39m[31m[1m^[22m[39m[31m[1m^[22m[39m[31m[1m^[22m[39m[31m[1m^[22m[39m[31m[1m^[22m[39m[31m[1m^[22m[39m[31m[1m^[22m[39m
   [90m 125 |[39m     description[33m:[39m [32m'Pagination metadata'[39m[33m,[39m
   [90m 126 |[39m     type[33m:[39m [33mPaginationMetaDto[39m
   [90m 127 |[39m   })[0m

[1m[31mERROR[39m[22m in [1m./src/common/interceptors/logging.interceptor.ts:83:11[39m[22m
TS2322: Type 'null' is not assignable to type 'Record<string, any> | undefined'.
  [0m [90m 81 |[39m           userId[33m:[39m [36mthis[39m[33m.[39mextractUserId(request)[33m,[39m
   [90m 82 |[39m           statusCode[33m,[39m
  [31m[1m>[22m[39m[90m 83 |[39m           response[33m:[39m [36mnull[39m[33m,[39m
   [90m    |[39m           [31m[1m^[22m[39m[31m[1m^[22m[39m[31m[1m^[22m[39m[31m[1m^[22m[39m[31m[1m^[22m[39m[31m[1m^[22m[39m[31m[1m^[22m[39m[31m[1m^[22m[39m
   [90m 84 |[39m           responseTime[33m,[39m
   [90m 85 |[39m           error[33m:[39m error[33m.[39mmessage[33m,[39m
   [90m 86 |[39m         })[33m;[39m[0m

[1m[31mERROR[39m[22m in [1m./src/common/middleware/logging.middleware.ts:4:26[39m[22m
TS2307: Cannot find module 'winston' or its corresponding type declarations.
  [0m [90m 2 |[39m [36mimport[39m { [33mRequest[39m[33m,[39m [33mResponse[39m[33m,[39m [33mNextFunction[39m } [36mfrom[39m [32m'express'[39m[33m;[39m
   [90m 3 |[39m [36mimport[39m { v4 [36mas[39m uuidv4 } [36mfrom[39m [32m'uuid'[39m[33m;[39m
  [31m[1m>[22m[39m[90m 4 |[39m [36mimport[39m [33m*[39m [36mas[39m winston [36mfrom[39m [32m'winston'[39m[33m;[39m
   [90m   |[39m                          [31m[1m^[22m[39m[31m[1m^[22m[39m[31m[1m^[22m[39m[31m[1m^[22m[39m[31m[1m^[22m[39m[31m[1m^[22m[39m[31m[1m^[22m[39m[31m[1m^[22m[39m[31m[1m^[22m[39m
   [90m 5 |[39m
   [90m 6 |[39m [33m@[39m[33mInjectable[39m()
   [90m 7 |[39m [36mexport[39m [36mclass[39m [33mLoggingMiddleware[39m [36mimplements[39m [33mNestMiddleware[39m {[0m

[1m[31mERROR[39m[22m in [1m./src/common/middleware/sanitize.middleware.ts:3:17[39m[22m
TS2307: Cannot find module 'xss' or its corresponding type declarations.
  [0m [90m 1 |[39m [36mimport[39m { [33mInjectable[39m[33m,[39m [33mNestMiddleware[39m } [36mfrom[39m [32m'@nestjs/common'[39m[33m;[39m
   [90m 2 |[39m [36mimport[39m { [33mRequest[39m[33m,[39m [33mResponse[39m[33m,[39m [33mNextFunction[39m } [36mfrom[39m [32m'express'[39m[33m;[39m
  [31m[1m>[22m[39m[90m 3 |[39m [36mimport[39m xss [36mfrom[39m [32m'xss'[39m[33m;[39m
   [90m   |[39m                 [31m[1m^[22m[39m[31m[1m^[22m[39m[31m[1m^[22m[39m[31m[1m^[22m[39m[31m[1m^[22m[39m
   [90m 4 |[39m
   [90m 5 |[39m [33m@[39m[33mInjectable[39m()
   [90m 6 |[39m [36mexport[39m [36mclass[39m [33mSanitizeMiddleware[39m [36mimplements[39m [33mNestMiddleware[39m {[0m

[1m[31mERROR[39m[22m in [1m./src/config/app.config.ts:5:18[39m[22m
TS2345: Argument of type 'string | undefined' is not assignable to parameter of type 'string'.
  Type 'undefined' is not assignable to type 'string'.
  [0m [90m 3 |[39m [36mexport[39m [36mdefault[39m registerAs([32m'app'[39m[33m,[39m () [33m=>[39m ({
   [90m 4 |[39m   nodeEnv[33m:[39m process[33m.[39menv[33m.[39m[33mNODE_ENV[39m [33m||[39m [32m'development'[39m[33m,[39m
  [31m[1m>[22m[39m[90m 5 |[39m   port[33m:[39m parseInt(process[33m.[39menv[33m.[39m[33mPORT[39m[33m,[39m [35m10[39m) [33m||[39m [35m3000[39m[33m,[39m
   [90m   |[39m                  [31m[1m^[22m[39m[31m[1m^[22m[39m[31m[1m^[22m[39m[31m[1m^[22m[39m[31m[1m^[22m[39m[31m[1m^[22m[39m[31m[1m^[22m[39m[31m[1m^[22m[39m[31m[1m^[22m[39m[31m[1m^[22m[39m[31m[1m^[22m[39m[31m[1m^[22m[39m[31m[1m^[22m[39m[31m[1m^[22m[39m[31m[1m^[22m[39m[31m[1m^[22m[39m
   [90m 6 |[39m   apiPrefix[33m:[39m process[33m.[39menv[33m.[39m[33mAPI_PREFIX[39m [33m||[39m [32m'api'[39m[33m,[39m
   [90m 7 |[39m   name[33m:[39m [32m'Stellar Uzima Backend'[39m[33m,[39m
   [90m 8 |[39m   version[33m:[39m [32m'1.0.0'[39m[33m,[39m[0m

[1m[31mERROR[39m[22m in [1m./src/config/secrets.ts:36:7[39m[22m
TS2345: Argument of type 'string | undefined' is not assignable to parameter of type 'string'.
  Type 'undefined' is not assignable to type 'string'.
  [0m [90m 34 |[39m     [36mthis[39m[33m.[39mvaultFilePath [33m=[39m path[33m.[39mresolve(
   [90m 35 |[39m       process[33m.[39mcwd()[33m,[39m
  [31m[1m>[22m[39m[90m 36 |[39m       [36mthis[39m[33m.[39mconfigService[33m.[39m[36mget[39m[33m<[39m[33mstring[39m[33m>[39m([32m'secrets.vaultFilePath'[39m)[33m,[39m
   [90m    |[39m       [31m[1m^[22m[39m[31m[1m^[22m[39m[31m[1m^[22m[39m[31m[1m^[22m[39m[31m[1m^[22m[39m[31m[1m^[22m[39m[31m[1m^[22m[39m[31m[1m^[22m[39m[31m[1m^[22m[39m[31m[1m^[22m[39m[31m[1m^[22m[39m[31m[1m^[22m[39m[31m[1m^[22m[39m[31m[1m^[22m[39m[31m[1m^[22m[39m[31m[1m^[22m[39m[31m[1m^[22m[39m[31m[1m^[22m[39m[31m[1m^[22m[39m[31m[1m^[22m[39m[31m[1m^[22m[39m[31m[1m^[22m[39m[31m[1m^[22m[39m[31m[1m^[22m[39m[31m[1m^[22m[39m[31m[1m^[22m[39m[31m[1m^[22m[39m[31m[1m^[22m[39m[31m[1m^[22m[39m[31m[1m^[22m[39m[31m[1m^[22m[39m[31m[1m^[22m[39m[31m[1m^[22m[39m[31m[1m^[22m[39m[31m[1m^[22m[39m[31m[1m^[22m[39m[31m[1m^[22m[39m[31m[1m^[22m[39m[31m[1m^[22m[39m[31m[1m^[22m[39m[31m[1m^[22m[39m[31m[1m^[22m[39m[31m[1m^[22m[39m[31m[1m^[22m[39m[31m[1m^[22m[39m[31m[1m^[22m[39m[31m[1m^[22m[39m[31m[1m^[22m[39m[31m[1m^[22m[39m[31m[1m^[22m[39m[31m[1m^[22m[39m[31m[1m^[22m[39m[31m[1m^[22m[39m[31m[1m^[22m[39m[31m[1m^[22m[39m
   [90m 37 |[39m     )[33m;[39m
   [90m 38 |[39m     [36mthis[39m[33m.[39mauditLogPath [33m=[39m path[33m.[39mresolve(
   [90m 39 |[39m       process[33m.[39mcwd()[33m,[39m[0m

[1m[31mERROR[39m[22m in [1m./src/config/secrets.ts:40:7[39m[22m
TS2345: Argument of type 'string | undefined' is not assignable to parameter of type 'string'.
  Type 'undefined' is not assignable to type 'string'.
  [0m [90m 38 |[39m     [36mthis[39m[33m.[39mauditLogPath [33m=[39m path[33m.[39mresolve(
   [90m 39 |[39m       process[33m.[39mcwd()[33m,[39m
  [31m[1m>[22m[39m[90m 40 |[39m       [36mthis[39m[33m.[39mconfigService[33m.[39m[36mget[39m[33m<[39m[33mstring[39m[33m>[39m([32m'secrets.auditLogPath'[39m)[33m,[39m
   [90m    |[39m       [31m[1m^[22m[39m[31m[1m^[22m[39m[31m[1m^[22m[39m[31m[1m^[22m[39m[31m[1m^[22m[39m[31m[1m^[22m[39m[31m[1m^[22m[39m[31m[1m^[22m[39m[31m[1m^[22m[39m[31m[1m^[22m[39m[31m[1m^[22m[39m[31m[1m^[22m[39m[31m[1m^[22m[39m[31m[1m^[22m[39m[31m[1m^[22m[39m[31m[1m^[22m[39m[31m[1m^[22m[39m[31m[1m^[22m[39m[31m[1m^[22m[39m[31m[1m^[22m[39m[31m[1m^[22m[39m[31m[1m^[22m[39m[31m[1m^[22m[39m[31m[1m^[22m[39m[31m[1m^[22m[39m[31m[1m^[22m[39m[31m[1m^[22m[39m[31m[1m^[22m[39m[31m[1m^[22m[39m[31m[1m^[22m[39m[31m[1m^[22m[39m[31m[1m^[22m[39m[31m[1m^[22m[39m[31m[1m^[22m[39m[31m[1m^[22m[39m[31m[1m^[22m[39m[31m[1m^[22m[39m[31m[1m^[22m[39m[31m[1m^[22m[39m[31m[1m^[22m[39m[31m[1m^[22m[39m[31m[1m^[22m[39m[31m[1m^[22m[39m[31m[1m^[22m[39m[31m[1m^[22m[39m[31m[1m^[22m[39m[31m[1m^[22m[39m[31m[1m^[22m[39m[31m[1m^[22m[39m[31m[1m^[22m[39m[31m[1m^[22m[39m[31m[1m^[22m[39m[31m[1m^[22m[39m[31m[1m^[22m[39m
   [90m 41 |[39m     )[33m;[39m
   [90m 42 |[39m     [36mconst[39m rawKey [33m=[39m [36mthis[39m[33m.[39mconfigService[33m.[39m[36mget[39m[33m<[39m[33mstring[39m[33m>[39m([32m'secrets.vaultKey'[39m)[33m;[39m
   [90m 43 |[39m     [36mthis[39m[33m.[39mencryptionKey [33m=[39m crypto[33m.[39mcreateHash([32m'sha256'[39m)[33m.[39mupdate(rawKey)[33m.[39mdigest()[33m;[39m[0m

[1m[31mERROR[39m[22m in [1m./src/config/secrets.ts:43:61[39m[22m
TS2345: Argument of type 'string | undefined' is not assignable to parameter of type 'BinaryLike'.
  Type 'undefined' is not assignable to type 'BinaryLike'.
  [0m [90m 41 |[39m     )[33m;[39m
   [90m 42 |[39m     [36mconst[39m rawKey [33m=[39m [36mthis[39m[33m.[39mconfigService[33m.[39m[36mget[39m[33m<[39m[33mstring[39m[33m>[39m([32m'secrets.vaultKey'[39m)[33m;[39m
  [31m[1m>[22m[39m[90m 43 |[39m     [36mthis[39m[33m.[39mencryptionKey [33m=[39m crypto[33m.[39mcreateHash([32m'sha256'[39m)[33m.[39mupdate(rawKey)[33m.[39mdigest()[33m;[39m
   [90m    |[39m                                                             [31m[1m^[22m[39m[31m[1m^[22m[39m[31m[1m^[22m[39m[31m[1m^[22m[39m[31m[1m^[22m[39m[31m[1m^[22m[39m
   [90m 44 |[39m   }
   [90m 45 |[39m
   [90m 46 |[39m   [36masync[39m getSecret(key[33m:[39m string)[33m:[39m [33mPromise[39m[33m<[39m[33mstring[39m[33m>[39m {[0m

[1m[31mERROR[39m[22m in [1m./src/coupons/coupon.service.ts:92:42[39m[22m
TS2769: No overload matches this call.
  Overload 1 of 3, '(entityLikeArray: DeepPartial<Coupon>[]): Coupon[]', gave the following error.
    Object literal may only specify known properties, and 'userId' does not exist in type 'DeepPartial<Coupon>[]'.
  Overload 2 of 3, '(entityLike: DeepPartial<Coupon>): Coupon', gave the following error.
    Type 'string | null' is not assignable to type 'string | undefined'.
      Type 'null' is not assignable to type 'string | undefined'.
  [0m [90m 90 |[39m     expiresAt[33m.[39msetDate(expiresAt[33m.[39mgetDate() [33m+[39m [33mDEFAULT_COUPON_DAYS_VALID[39m)[33m;[39m
   [90m 91 |[39m
  [31m[1m>[22m[39m[90m 92 |[39m     [36mconst[39m coupon [33m=[39m [36mthis[39m[33m.[39mcouponRepository[33m.[39mcreate({
   [90m    |[39m                                          [31m[1m^[22m[39m[31m[1m^[22m[39m[31m[1m^[22m[39m[31m[1m^[22m[39m[31m[1m^[22m[39m[31m[1m^[22m[39m
   [90m 93 |[39m       userId[33m,[39m
   [90m 94 |[39m       discount[33m:[39m payload[33m?[39m[33m.[39mdiscount [33m?[39m[33m?[39m [33mDEFAULT_DISCOUNT_PERCENT[39m[33m,[39m
   [90m 95 |[39m       specialistType[33m:[39m payload[33m?[39m[33m.[39mspecialistType [33m?[39m[33m?[39m [36mnull[39m[33m,[39m[0m

[1m[31mERROR[39m[22m in [1m./src/coupons/coupon.service.ts:99:5[39m[22m
TS2740: Type 'Coupon[]' is missing the following properties from type 'Coupon': id, code, userId, user, and 6 more.
  [0m [90m  97 |[39m       status[33m:[39m [33mCouponStatus[39m[33m.[39m[33mACTIVE[39m[33m,[39m
   [90m  98 |[39m     })[33m;[39m
  [31m[1m>[22m[39m[90m  99 |[39m     [36mreturn[39m [36mthis[39m[33m.[39mcouponRepository[33m.[39msave(coupon)[33m;[39m
   [90m     |[39m     [31m[1m^[22m[39m[31m[1m^[22m[39m[31m[1m^[22m[39m[31m[1m^[22m[39m[31m[1m^[22m[39m[31m[1m^[22m[39m
   [90m 100 |[39m   }
   [90m 101 |[39m
   [90m 102 |[39m   [90m/**[39m[0m

[1m[31mERROR[39m[22m in [1m./src/database/entities/api-key.entity.ts:2:22[39m[22m
TS2307: Cannot find module '../../users/user.entity' or its corresponding type declarations.
  [0m [90m 1 |[39m [36mimport[39m { [33mEntity[39m[33m,[39m [33mColumn[39m[33m,[39m [33mPrimaryGeneratedColumn[39m[33m,[39m [33mCreateDateColumn[39m[33m,[39m [33mUpdateDateColumn[39m[33m,[39m [33mManyToOne[39m[33m,[39m [33mJoinColumn[39m } [36mfrom[39m [32m'typeorm'[39m[33m;[39m
  [31m[1m>[22m[39m[90m 2 |[39m [36mimport[39m { [33mUser[39m } [36mfrom[39m [32m'../../users/user.entity'[39m[33m;[39m [90m// Assuming User entity exists[39m
   [90m   |[39m                      [31m[1m^[22m[39m[31m[1m^[22m[39m[31m[1m^[22m[39m[31m[1m^[22m[39m[31m[1m^[22m[39m[31m[1m^[22m[39m[31m[1m^[22m[39m[31m[1m^[22m[39m[31m[1m^[22m[39m[31m[1m^[22m[39m[31m[1m^[22m[39m[31m[1m^[22m[39m[31m[1m^[22m[39m[31m[1m^[22m[39m[31m[1m^[22m[39m[31m[1m^[22m[39m[31m[1m^[22m[39m[31m[1m^[22m[39m[31m[1m^[22m[39m[31m[1m^[22m[39m[31m[1m^[22m[39m[31m[1m^[22m[39m[31m[1m^[22m[39m[31m[1m^[22m[39m[31m[1m^[22m[39m
   [90m 3 |[39m
   [90m 4 |[39m [33m@[39m[33mEntity[39m([32m'api_keys'[39m)
   [90m 5 |[39m [36mexport[39m [36mclass[39m [33mApiKey[39m {[0m

[1m[31mERROR[39m[22m in [1m./src/database/entities/organization.entity.ts:34:42[39m[22m
TS2339: Property 'organizations' does not exist on type 'User'.
  [0m [90m 32 |[39m   website[33m?[39m[33m:[39m string[33m;[39m
   [90m 33 |[39m
  [31m[1m>[22m[39m[90m 34 |[39m   [33m@[39m[33mManyToMany[39m(() [33m=>[39m [33mUser[39m[33m,[39m (user) [33m=>[39m user[33m.[39morganizations)
   [90m    |[39m                                          [31m[1m^[22m[39m[31m[1m^[22m[39m[31m[1m^[22m[39m[31m[1m^[22m[39m[31m[1m^[22m[39m[31m[1m^[22m[39m[31m[1m^[22m[39m[31m[1m^[22m[39m[31m[1m^[22m[39m[31m[1m^[22m[39m[31m[1m^[22m[39m[31m[1m^[22m[39m[31m[1m^[22m[39m
   [90m 35 |[39m   users[33m:[39m [33mUser[39m[][33m;[39m
   [90m 36 |[39m
   [90m 37 |[39m   [33m@[39m[33mCreateDateColumn[39m()[0m

[1m[31mERROR[39m[22m in [1m./src/database/entities/session.entity.ts:23:41[39m[22m
TS2339: Property 'sessions' does not exist on type 'User'.
  [0m [90m 21 |[39m   tokenId[33m:[39m string[33m;[39m
   [90m 22 |[39m
  [31m[1m>[22m[39m[90m 23 |[39m   [33m@[39m[33mManyToOne[39m(() [33m=>[39m [33mUser[39m[33m,[39m (user) [33m=>[39m user[33m.[39msessions[33m,[39m { nullable[33m:[39m [36mfalse[39m[33m,[39m onDelete[33m:[39m [32m'CASCADE'[39m })
   [90m    |[39m                                         [31m[1m^[22m[39m[31m[1m^[22m[39m[31m[1m^[22m[39m[31m[1m^[22m[39m[31m[1m^[22m[39m[31m[1m^[22m[39m[31m[1m^[22m[39m[31m[1m^[22m[39m
   [90m 24 |[39m   [33m@[39m[33mJoinColumn[39m({ name[33m:[39m [32m'userId'[39m })
   [90m 25 |[39m   user[33m:[39m [33mUser[39m[33m;[39m
   [90m 26 |[39m[0m

[1m[31mERROR[39m[22m in [1m./src/database/seeders/health-task.seeder.ts:144:41[39m[22m
TS2769: No overload matches this call.
  Overload 1 of 3, '(entityLikeArray: DeepPartial<HealthTask>[]): HealthTask[]', gave the following error.
    Object literal may only specify known properties, and 'title' does not exist in type 'DeepPartial<HealthTask>[]'.
  Overload 2 of 3, '(entityLike: DeepPartial<HealthTask>): HealthTask', gave the following error.
    Type 'Record<string, any> | null' is not assignable to type 'DeepPartial<Record<string, any>> | undefined'.
      Type 'null' is not assignable to type 'DeepPartial<Record<string, any>> | undefined'.
  [0m [90m 142 |[39m
   [90m 143 |[39m       [90m// Create health task[39m
  [31m[1m>[22m[39m[90m 144 |[39m       [36mconst[39m task [33m=[39m healthTaskRepository[33m.[39mcreate({
   [90m     |[39m                                         [31m[1m^[22m[39m[31m[1m^[22m[39m[31m[1m^[22m[39m[31m[1m^[22m[39m[31m[1m^[22m[39m[31m[1m^[22m[39m
   [90m 145 |[39m         title[33m:[39m taskData[33m.[39mtitle[33m,[39m
   [90m 146 |[39m         description[33m:[39m taskData[33m.[39mdescription[33m,[39m
   [90m 147 |[39m         category[33m:[39m taskData[33m.[39mcategory[33m,[39m[0m

[1m[31mERROR[39m[22m in [1m./src/database/services/transaction.examples.ts:15:14[39m[22m
TS2323: Cannot redeclare exported variable 'UserService'.
  [0m [90m 13 |[39m [90m// Example 1: Basic transaction execution with callback pattern[39m
   [90m 14 |[39m [33m@[39m[33mInjectable[39m()
  [31m[1m>[22m[39m[90m 15 |[39m [36mexport[39m [36mclass[39m [33mUserService[39m {
   [90m    |[39m              [31m[1m^[22m[39m[31m[1m^[22m[39m[31m[1m^[22m[39m[31m[1m^[22m[39m[31m[1m^[22m[39m[31m[1m^[22m[39m[31m[1m^[22m[39m[31m[1m^[22m[39m[31m[1m^[22m[39m[31m[1m^[22m[39m[31m[1m^[22m[39m
   [90m 16 |[39m   [36mprivate[39m readonly logger [33m=[39m [36mnew[39m [33mLogger[39m([33mUserService[39m[33m.[39mname)[33m;[39m
   [90m 17 |[39m
   [90m 18 |[39m   constructor([0m

[1m[31mERROR[39m[22m in [1m./src/database/services/transaction.examples.ts:19:23[39m[22m
TS2449: Class 'User' used before its declaration.
  [0m [90m 17 |[39m
   [90m 18 |[39m   constructor(
  [31m[1m>[22m[39m[90m 19 |[39m     [33m@[39m[33mInjectRepository[39m([33mUser[39m)
   [90m    |[39m                       [31m[1m^[22m[39m[31m[1m^[22m[39m[31m[1m^[22m[39m[31m[1m^[22m[39m
   [90m 20 |[39m     [36mprivate[39m readonly userRepository[33m:[39m [33mRepository[39m[33m<[39m[33mUser[39m[33m>[39m[33m,[39m
   [90m 21 |[39m     [33m@[39m[33mInjectTransaction[39m()
   [90m 22 |[39m     [36mprivate[39m readonly transactionService[33m:[39m [33mTransactionService[39m[33m,[39m[0m

[1m[31mERROR[39m[22m in [1m./src/database/services/transaction.examples.ts:52:14[39m[22m
TS2323: Cannot redeclare exported variable 'TransferService'.
  [0m [90m 50 |[39m [90m// Example 2: Manual transaction control for complex operations[39m
   [90m 51 |[39m [33m@[39m[33mInjectable[39m()
  [31m[1m>[22m[39m[90m 52 |[39m [36mexport[39m [36mclass[39m [33mTransferService[39m {
   [90m    |[39m              [31m[1m^[22m[39m[31m[1m^[22m[39m[31m[1m^[22m[39m[31m[1m^[22m[39m[31m[1m^[22m[39m[31m[1m^[22m[39m[31m[1m^[22m[39m[31m[1m^[22m[39m[31m[1m^[22m[39m[31m[1m^[22m[39m[31m[1m^[22m[39m[31m[1m^[22m[39m[31m[1m^[22m[39m[31m[1m^[22m[39m[31m[1m^[22m[39m
   [90m 53 |[39m   [36mprivate[39m readonly logger [33m=[39m [36mnew[39m [33mLogger[39m([33mTransferService[39m[33m.[39mname)[33m;[39m
   [90m 54 |[39m
   [90m 55 |[39m   constructor([0m

[1m[31mERROR[39m[22m in [1m./src/database/services/transaction.examples.ts:56:23[39m[22m
TS2449: Class 'Account' used before its declaration.
  [0m [90m 54 |[39m
   [90m 55 |[39m   constructor(
  [31m[1m>[22m[39m[90m 56 |[39m     [33m@[39m[33mInjectRepository[39m([33mAccount[39m)
   [90m    |[39m                       [31m[1m^[22m[39m[31m[1m^[22m[39m[31m[1m^[22m[39m[31m[1m^[22m[39m[31m[1m^[22m[39m[31m[1m^[22m[39m[31m[1m^[22m[39m
   [90m 57 |[39m     [36mprivate[39m readonly accountRepository[33m:[39m [33mRepository[39m[33m<[39m[33mAccount[39m[33m>[39m[33m,[39m
   [90m 58 |[39m     [33m@[39m[33mInjectTransaction[39m()
   [90m 59 |[39m     [36mprivate[39m readonly transactionService[33m:[39m [33mTransactionService[39m[33m,[39m[0m

[1m[31mERROR[39m[22m in [1m./src/database/services/transaction.examples.ts:118:14[39m[22m
TS2323: Cannot redeclare exported variable 'OrderService'.
  [0m [90m 116 |[39m [90m// Example 3: Nested transactions using savepoints[39m
   [90m 117 |[39m [33m@[39m[33mInjectable[39m()
  [31m[1m>[22m[39m[90m 118 |[39m [36mexport[39m [36mclass[39m [33mOrderService[39m {
   [90m     |[39m              [31m[1m^[22m[39m[31m[1m^[22m[39m[31m[1m^[22m[39m[31m[1m^[22m[39m[31m[1m^[22m[39m[31m[1m^[22m[39m[31m[1m^[22m[39m[31m[1m^[22m[39m[31m[1m^[22m[39m[31m[1m^[22m[39m[31m[1m^[22m[39m[31m[1m^[22m[39m
   [90m 119 |[39m   [36mprivate[39m readonly logger [33m=[39m [36mnew[39m [33mLogger[39m([33mOrderService[39m[33m.[39mname)[33m;[39m
   [90m 120 |[39m
   [90m 121 |[39m   constructor([0m

[1m[31mERROR[39m[22m in [1m./src/database/services/transaction.examples.ts:122:23[39m[22m
TS2449: Class 'Order' used before its declaration.
  [0m [90m 120 |[39m
   [90m 121 |[39m   constructor(
  [31m[1m>[22m[39m[90m 122 |[39m     [33m@[39m[33mInjectRepository[39m([33mOrder[39m)
   [90m     |[39m                       [31m[1m^[22m[39m[31m[1m^[22m[39m[31m[1m^[22m[39m[31m[1m^[22m[39m[31m[1m^[22m[39m
   [90m 123 |[39m     [36mprivate[39m readonly orderRepository[33m:[39m [33mRepository[39m[33m<[39m[33mOrder[39m[33m>[39m[33m,[39m
   [90m 124 |[39m     [33m@[39m[33mInjectRepository[39m([33mOrderItem[39m)
   [90m 125 |[39m     [36mprivate[39m readonly orderItemRepository[33m:[39m [33mRepository[39m[33m<[39m[33mOrderItem[39m[33m>[39m[33m,[39m[0m

[1m[31mERROR[39m[22m in [1m./src/database/services/transaction.examples.ts:124:23[39m[22m
TS2449: Class 'OrderItem' used before its declaration.
  [0m [90m 122 |[39m     [33m@[39m[33mInjectRepository[39m([33mOrder[39m)
   [90m 123 |[39m     [36mprivate[39m readonly orderRepository[33m:[39m [33mRepository[39m[33m<[39m[33mOrder[39m[33m>[39m[33m,[39m
  [31m[1m>[22m[39m[90m 124 |[39m     [33m@[39m[33mInjectRepository[39m([33mOrderItem[39m)
   [90m     |[39m                       [31m[1m^[22m[39m[31m[1m^[22m[39m[31m[1m^[22m[39m[31m[1m^[22m[39m[31m[1m^[22m[39m[31m[1m^[22m[39m[31m[1m^[22m[39m[31m[1m^[22m[39m[31m[1m^[22m[39m
   [90m 125 |[39m     [36mprivate[39m readonly orderItemRepository[33m:[39m [33mRepository[39m[33m<[39m[33mOrderItem[39m[33m>[39m[33m,[39m
   [90m 126 |[39m     [33m@[39m[33mInjectTransaction[39m()
   [90m 127 |[39m     [36mprivate[39m readonly transactionService[33m:[39m [33mTransactionService[39m[33m,[39m[0m

[1m[31mERROR[39m[22m in [1m./src/database/services/transaction.examples.ts:137:5[39m[22m
TS2739: Type 'Order[]' is missing the following properties from type 'Order': id, items, total
  [0m [90m 135 |[39m     [36mconst[39m contextId [33m=[39m [32m`createOrder:${Date.now()}`[39m[33m;[39m
   [90m 136 |[39m
  [31m[1m>[22m[39m[90m 137 |[39m     [36mreturn[39m [36mthis[39m[33m.[39mtransactionService[33m.[39mexecute(
   [90m     |[39m     [31m[1m^[22m[39m[31m[1m^[22m[39m[31m[1m^[22m[39m[31m[1m^[22m[39m[31m[1m^[22m[39m[31m[1m^[22m[39m
   [90m 138 |[39m       contextId[33m,[39m
   [90m 139 |[39m       [36masync[39m (queryRunner[33m:[39m [33mQueryRunner[39m) [33m=>[39m {
   [90m 140 |[39m         [90m// Create main order (depth 0)[39m[0m

[1m[31mERROR[39m[22m in [1m./src/database/services/transaction.examples.ts:173:14[39m[22m
TS2323: Cannot redeclare exported variable 'PaymentService'.
  [0m [90m 171 |[39m [90m// Example 4: Using Transaction decorator for automatic management[39m
   [90m 172 |[39m [33m@[39m[33mInjectable[39m()
  [31m[1m>[22m[39m[90m 173 |[39m [36mexport[39m [36mclass[39m [33mPaymentService[39m {
   [90m     |[39m              [31m[1m^[22m[39m[31m[1m^[22m[39m[31m[1m^[22m[39m[31m[1m^[22m[39m[31m[1m^[22m[39m[31m[1m^[22m[39m[31m[1m^[22m[39m[31m[1m^[22m[39m[31m[1m^[22m[39m[31m[1m^[22m[39m[31m[1m^[22m[39m[31m[1m^[22m[39m[31m[1m^[22m[39m[31m[1m^[22m[39m
   [90m 174 |[39m   [36mprivate[39m readonly logger [33m=[39m [36mnew[39m [33mLogger[39m([33mPaymentService[39m[33m.[39mname)[33m;[39m
   [90m 175 |[39m   [36mprivate[39m transactionService[33m:[39m [33mTransactionService[39m[33m;[39m [90m// Would be injected in real code[39m
   [90m 176 |[39m[0m

[1m[31mERROR[39m[22m in [1m./src/database/services/transaction.examples.ts:199:14[39m[22m
TS2323: Cannot redeclare exported variable 'BatchProcessService'.
  [0m [90m 197 |[39m [90m// Example 5: Handling timeout scenarios[39m
   [90m 198 |[39m [33m@[39m[33mInjectable[39m()
  [31m[1m>[22m[39m[90m 199 |[39m [36mexport[39m [36mclass[39m [33mBatchProcessService[39m {
   [90m     |[39m              [31m[1m^[22m[39m[31m[1m^[22m[39m[31m[1m^[22m[39m[31m[1m^[22m[39m[31m[1m^[22m[39m[31m[1m^[22m[39m[31m[1m^[22m[39m[31m[1m^[22m[39m[31m[1m^[22m[39m[31m[1m^[22m[39m[31m[1m^[22m[39m[31m[1m^[22m[39m[31m[1m^[22m[39m[31m[1m^[22m[39m[31m[1m^[22m[39m[31m[1m^[22m[39m[31m[1m^[22m[39m[31m[1m^[22m[39m[31m[1m^[22m[39m
   [90m 200 |[39m   [36mprivate[39m readonly logger [33m=[39m [36mnew[39m [33mLogger[39m([33mBatchProcessService[39m[33m.[39mname)[33m;[39m
   [90m 201 |[39m
   [90m 202 |[39m   constructor([0m

[1m[31mERROR[39m[22m in [1m./src/database/services/transaction.examples.ts:203:23[39m[22m
TS2449: Class 'Record' used before its declaration.
  [0m [90m 201 |[39m
   [90m 202 |[39m   constructor(
  [31m[1m>[22m[39m[90m 203 |[39m     [33m@[39m[33mInjectRepository[39m([33mRecord[39m)
   [90m     |[39m                       [31m[1m^[22m[39m[31m[1m^[22m[39m[31m[1m^[22m[39m[31m[1m^[22m[39m[31m[1m^[22m[39m[31m[1m^[22m[39m
   [90m 204 |[39m     [36mprivate[39m readonly recordRepository[33m:[39m [33mRepository[39m[33m<[39m[33mRecord[39m[33m>[39m[33m,[39m
   [90m 205 |[39m     [33m@[39m[33mInjectTransaction[39m()
   [90m 206 |[39m     [36mprivate[39m readonly transactionService[33m:[39m [33mTransactionService[39m[33m,[39m[0m

[1m[31mERROR[39m[22m in [1m./src/database/services/transaction.examples.ts:253:14[39m[22m
TS2323: Cannot redeclare exported variable 'TransactionCleanupInterceptor'.
  [0m [90m 251 |[39m [90m// Example 6: Transaction cleanup middleware/interceptor[39m
   [90m 252 |[39m [33m@[39m[33mInjectable[39m()
  [31m[1m>[22m[39m[90m 253 |[39m [36mexport[39m [36mclass[39m [33mTransactionCleanupInterceptor[39m {
   [90m     |[39m              [31m[1m^[22m[39m[31m[1m^[22m[39m[31m[1m^[22m[39m[31m[1m^[22m[39m[31m[1m^[22m[39m[31m[1m^[22m[39m[31m[1m^[22m[39m[31m[1m^[22m[39m[31m[1m^[22m[39m[31m[1m^[22m[39m[31m[1m^[22m[39m[31m[1m^[22m[39m[31m[1m^[22m[39m[31m[1m^[22m[39m[31m[1m^[22m[39m[31m[1m^[22m[39m[31m[1m^[22m[39m[31m[1m^[22m[39m[31m[1m^[22m[39m[31m[1m^[22m[39m[31m[1m^[22m[39m[31m[1m^[22m[39m[31m[1m^[22m[39m[31m[1m^[22m[39m[31m[1m^[22m[39m[31m[1m^[22m[39m[31m[1m^[22m[39m[31m[1m^[22m[39m[31m[1m^[22m[39m
   [90m 254 |[39m   constructor(
   [90m 255 |[39m     [33m@[39m[33mInjectTransaction[39m()
   [90m 256 |[39m     [36mprivate[39m readonly transactionService[33m:[39m [33mTransactionService[39m[33m,[39m[0m

[1m[31mERROR[39m[22m in [1m./src/database/services/transaction.examples.ts:318:3[39m[22m
TS2323: Cannot redeclare exported variable 'UserService'.
  [0m [90m 316 |[39m
   [90m 317 |[39m [36mexport[39m {
  [31m[1m>[22m[39m[90m 318 |[39m   [33mUserService[39m[33m,[39m
   [90m     |[39m   [31m[1m^[22m[39m[31m[1m^[22m[39m[31m[1m^[22m[39m[31m[1m^[22m[39m[31m[1m^[22m[39m[31m[1m^[22m[39m[31m[1m^[22m[39m[31m[1m^[22m[39m[31m[1m^[22m[39m[31m[1m^[22m[39m[31m[1m^[22m[39m
   [90m 319 |[39m   [33mTransferService[39m[33m,[39m
   [90m 320 |[39m   [33mOrderService[39m[33m,[39m
   [90m 321 |[39m   [33mPaymentService[39m[33m,[39m[0m

[1m[31mERROR[39m[22m in [1m./src/database/services/transaction.examples.ts:318:3[39m[22m
TS2484: Export declaration conflicts with exported declaration of 'UserService'.
  [0m [90m 316 |[39m
   [90m 317 |[39m [36mexport[39m {
  [31m[1m>[22m[39m[90m 318 |[39m   [33mUserService[39m[33m,[39m
   [90m     |[39m   [31m[1m^[22m[39m[31m[1m^[22m[39m[31m[1m^[22m[39m[31m[1m^[22m[39m[31m[1m^[22m[39m[31m[1m^[22m[39m[31m[1m^[22m[39m[31m[1m^[22m[39m[31m[1m^[22m[39m[31m[1m^[22m[39m[31m[1m^[22m[39m
   [90m 319 |[39m   [33mTransferService[39m[33m,[39m
   [90m 320 |[39m   [33mOrderService[39m[33m,[39m
   [90m 321 |[39m   [33mPaymentService[39m[33m,[39m[0m

[1m[31mERROR[39m[22m in [1m./src/database/services/transaction.examples.ts:319:3[39m[22m
TS2323: Cannot redeclare exported variable 'TransferService'.
  [0m [90m 317 |[39m [36mexport[39m {
   [90m 318 |[39m   [33mUserService[39m[33m,[39m
  [31m[1m>[22m[39m[90m 319 |[39m   [33mTransferService[39m[33m,[39m
   [90m     |[39m   [31m[1m^[22m[39m[31m[1m^[22m[39m[31m[1m^[22m[39m[31m[1m^[22m[39m[31m[1m^[22m[39m[31m[1m^[22m[39m[31m[1m^[22m[39m[31m[1m^[22m[39m[31m[1m^[22m[39m[31m[1m^[22m[39m[31m[1m^[22m[39m[31m[1m^[22m[39m[31m[1m^[22m[39m[31m[1m^[22m[39m[31m[1m^[22m[39m
   [90m 320 |[39m   [33mOrderService[39m[33m,[39m
   [90m 321 |[39m   [33mPaymentService[39m[33m,[39m
   [90m 322 |[39m   [33mBatchProcessService[39m[33m,[39m[0m

[1m[31mERROR[39m[22m in [1m./src/database/services/transaction.examples.ts:319:3[39m[22m
TS2484: Export declaration conflicts with exported declaration of 'TransferService'.
  [0m [90m 317 |[39m [36mexport[39m {
   [90m 318 |[39m   [33mUserService[39m[33m,[39m
  [31m[1m>[22m[39m[90m 319 |[39m   [33mTransferService[39m[33m,[39m
   [90m     |[39m   [31m[1m^[22m[39m[31m[1m^[22m[39m[31m[1m^[22m[39m[31m[1m^[22m[39m[31m[1m^[22m[39m[31m[1m^[22m[39m[31m[1m^[22m[39m[31m[1m^[22m[39m[31m[1m^[22m[39m[31m[1m^[22m[39m[31m[1m^[22m[39m[31m[1m^[22m[39m[31m[1m^[22m[39m[31m[1m^[22m[39m[31m[1m^[22m[39m
   [90m 320 |[39m   [33mOrderService[39m[33m,[39m
   [90m 321 |[39m   [33mPaymentService[39m[33m,[39m
   [90m 322 |[39m   [33mBatchProcessService[39m[33m,[39m[0m

[1m[31mERROR[39m[22m in [1m./src/database/services/transaction.examples.ts:320:3[39m[22m
TS2323: Cannot redeclare exported variable 'OrderService'.
  [0m [90m 318 |[39m   [33mUserService[39m[33m,[39m
   [90m 319 |[39m   [33mTransferService[39m[33m,[39m
  [31m[1m>[22m[39m[90m 320 |[39m   [33mOrderService[39m[33m,[39m
   [90m     |[39m   [31m[1m^[22m[39m[31m[1m^[22m[39m[31m[1m^[22m[39m[31m[1m^[22m[39m[31m[1m^[22m[39m[31m[1m^[22m[39m[31m[1m^[22m[39m[31m[1m^[22m[39m[31m[1m^[22m[39m[31m[1m^[22m[39m[31m[1m^[22m[39m[31m[1m^[22m[39m
   [90m 321 |[39m   [33mPaymentService[39m[33m,[39m
   [90m 322 |[39m   [33mBatchProcessService[39m[33m,[39m
   [90m 323 |[39m   [33mTransactionCleanupInterceptor[39m[33m,[39m[0m

[1m[31mERROR[39m[22m in [1m./src/database/services/transaction.examples.ts:320:3[39m[22m
TS2484: Export declaration conflicts with exported declaration of 'OrderService'.
  [0m [90m 318 |[39m   [33mUserService[39m[33m,[39m
   [90m 319 |[39m   [33mTransferService[39m[33m,[39m
  [31m[1m>[22m[39m[90m 320 |[39m   [33mOrderService[39m[33m,[39m
   [90m     |[39m   [31m[1m^[22m[39m[31m[1m^[22m[39m[31m[1m^[22m[39m[31m[1m^[22m[39m[31m[1m^[22m[39m[31m[1m^[22m[39m[31m[1m^[22m[39m[31m[1m^[22m[39m[31m[1m^[22m[39m[31m[1m^[22m[39m[31m[1m^[22m[39m[31m[1m^[22m[39m
   [90m 321 |[39m   [33mPaymentService[39m[33m,[39m
   [90m 322 |[39m   [33mBatchProcessService[39m[33m,[39m
   [90m 323 |[39m   [33mTransactionCleanupInterceptor[39m[33m,[39m[0m

[1m[31mERROR[39m[22m in [1m./src/database/services/transaction.examples.ts:321:3[39m[22m
TS2323: Cannot redeclare exported variable 'PaymentService'.
  [0m [90m 319 |[39m   [33mTransferService[39m[33m,[39m
   [90m 320 |[39m   [33mOrderService[39m[33m,[39m
  [31m[1m>[22m[39m[90m 321 |[39m   [33mPaymentService[39m[33m,[39m
   [90m     |[39m   [31m[1m^[22m[39m[31m[1m^[22m[39m[31m[1m^[22m[39m[31m[1m^[22m[39m[31m[1m^[22m[39m[31m[1m^[22m[39m[31m[1m^[22m[39m[31m[1m^[22m[39m[31m[1m^[22m[39m[31m[1m^[22m[39m[31m[1m^[22m[39m[31m[1m^[22m[39m[31m[1m^[22m[39m[31m[1m^[22m[39m
   [90m 322 |[39m   [33mBatchProcessService[39m[33m,[39m
   [90m 323 |[39m   [33mTransactionCleanupInterceptor[39m[33m,[39m
   [90m 324 |[39m }[33m;[39m[0m

[1m[31mERROR[39m[22m in [1m./src/database/services/transaction.examples.ts:321:3[39m[22m
TS2484: Export declaration conflicts with exported declaration of 'PaymentService'.
  [0m [90m 319 |[39m   [33mTransferService[39m[33m,[39m
   [90m 320 |[39m   [33mOrderService[39m[33m,[39m
  [31m[1m>[22m[39m[90m 321 |[39m   [33mPaymentService[39m[33m,[39m
   [90m     |[39m   [31m[1m^[22m[39m[31m[1m^[22m[39m[31m[1m^[22m[39m[31m[1m^[22m[39m[31m[1m^[22m[39m[31m[1m^[22m[39m[31m[1m^[22m[39m[31m[1m^[22m[39m[31m[1m^[22m[39m[31m[1m^[22m[39m[31m[1m^[22m[39m[31m[1m^[22m[39m[31m[1m^[22m[39m[31m[1m^[22m[39m
   [90m 322 |[39m   [33mBatchProcessService[39m[33m,[39m
   [90m 323 |[39m   [33mTransactionCleanupInterceptor[39m[33m,[39m
   [90m 324 |[39m }[33m;[39m[0m

[1m[31mERROR[39m[22m in [1m./src/database/services/transaction.examples.ts:322:3[39m[22m
TS2323: Cannot redeclare exported variable 'BatchProcessService'.
  [0m [90m 320 |[39m   [33mOrderService[39m[33m,[39m
   [90m 321 |[39m   [33mPaymentService[39m[33m,[39m
  [31m[1m>[22m[39m[90m 322 |[39m   [33mBatchProcessService[39m[33m,[39m
   [90m     |[39m   [31m[1m^[22m[39m[31m[1m^[22m[39m[31m[1m^[22m[39m[31m[1m^[22m[39m[31m[1m^[22m[39m[31m[1m^[22m[39m[31m[1m^[22m[39m[31m[1m^[22m[39m[31m[1m^[22m[39m[31m[1m^[22m[39m[31m[1m^[22m[39m[31m[1m^[22m[39m[31m[1m^[22m[39m[31m[1m^[22m[39m[31m[1m^[22m[39m[31m[1m^[22m[39m[31m[1m^[22m[39m[31m[1m^[22m[39m[31m[1m^[22m[39m
   [90m 323 |[39m   [33mTransactionCleanupInterceptor[39m[33m,[39m
   [90m 324 |[39m }[33m;[39m
   [90m 325 |[39m[0m

[1m[31mERROR[39m[22m in [1m./src/database/services/transaction.examples.ts:322:3[39m[22m
TS2484: Export declaration conflicts with exported declaration of 'BatchProcessService'.
  [0m [90m 320 |[39m   [33mOrderService[39m[33m,[39m
   [90m 321 |[39m   [33mPaymentService[39m[33m,[39m
  [31m[1m>[22m[39m[90m 322 |[39m   [33mBatchProcessService[39m[33m,[39m
   [90m     |[39m   [31m[1m^[22m[39m[31m[1m^[22m[39m[31m[1m^[22m[39m[31m[1m^[22m[39m[31m[1m^[22m[39m[31m[1m^[22m[39m[31m[1m^[22m[39m[31m[1m^[22m[39m[31m[1m^[22m[39m[31m[1m^[22m[39m[31m[1m^[22m[39m[31m[1m^[22m[39m[31m[1m^[22m[39m[31m[1m^[22m[39m[31m[1m^[22m[39m[31m[1m^[22m[39m[31m[1m^[22m[39m[31m[1m^[22m[39m[31m[1m^[22m[39m
   [90m 323 |[39m   [33mTransactionCleanupInterceptor[39m[33m,[39m
   [90m 324 |[39m }[33m;[39m
   [90m 325 |[39m[0m

[1m[31mERROR[39m[22m in [1m./src/database/services/transaction.examples.ts:323:3[39m[22m
TS2323: Cannot redeclare exported variable 'TransactionCleanupInterceptor'.
  [0m [90m 321 |[39m   [33mPaymentService[39m[33m,[39m
   [90m 322 |[39m   [33mBatchProcessService[39m[33m,[39m
  [31m[1m>[22m[39m[90m 323 |[39m   [33mTransactionCleanupInterceptor[39m[33m,[39m
   [90m     |[39m   [31m[1m^[22m[39m[31m[1m^[22m[39m[31m[1m^[22m[39m[31m[1m^[22m[39m[31m[1m^[22m[39m[31m[1m^[22m[39m[31m[1m^[22m[39m[31m[1m^[22m[39m[31m[1m^[22m[39m[31m[1m^[22m[39m[31m[1m^[22m[39m[31m[1m^[22m[39m[31m[1m^[22m[39m[31m[1m^[22m[39m[31m[1m^[22m[39m[31m[1m^[22m[39m[31m[1m^[22m[39m[31m[1m^[22m[39m[31m[1m^[22m[39m[31m[1m^[22m[39m[31m[1m^[22m[39m[31m[1m^[22m[39m[31m[1m^[22m[39m[31m[1m^[22m[39m[31m[1m^[22m[39m[31m[1m^[22m[39m[31m[1m^[22m[39m[31m[1m^[22m[39m[31m[1m^[22m[39m
   [90m 324 |[39m }[33m;[39m
   [90m 325 |[39m[0m

[1m[31mERROR[39m[22m in [1m./src/database/services/transaction.examples.ts:323:3[39m[22m
TS2484: Export declaration conflicts with exported declaration of 'TransactionCleanupInterceptor'.
  [0m [90m 321 |[39m   [33mPaymentService[39m[33m,[39m
   [90m 322 |[39m   [33mBatchProcessService[39m[33m,[39m
  [31m[1m>[22m[39m[90m 323 |[39m   [33mTransactionCleanupInterceptor[39m[33m,[39m
   [90m     |[39m   [31m[1m^[22m[39m[31m[1m^[22m[39m[31m[1m^[22m[39m[31m[1m^[22m[39m[31m[1m^[22m[39m[31m[1m^[22m[39m[31m[1m^[22m[39m[31m[1m^[22m[39m[31m[1m^[22m[39m[31m[1m^[22m[39m[31m[1m^[22m[39m[31m[1m^[22m[39m[31m[1m^[22m[39m[31m[1m^[22m[39m[31m[1m^[22m[39m[31m[1m^[22m[39m[31m[1m^[22m[39m[31m[1m^[22m[39m[31m[1m^[22m[39m[31m[1m^[22m[39m[31m[1m^[22m[39m[31m[1m^[22m[39m[31m[1m^[22m[39m[31m[1m^[22m[39m[31m[1m^[22m[39m[31m[1m^[22m[39m[31m[1m^[22m[39m[31m[1m^[22m[39m[31m[1m^[22m[39m
   [90m 324 |[39m }[33m;[39m
   [90m 325 |[39m[0m

[1m[31mERROR[39m[22m in [1m./src/database/services/transaction.service.ts:10:3[39m[22m
TS2724: '"@nestjs/common"' has no exported member named 'setMetadata'. Did you mean 'SetMetadata'?
  [0m [90m  8 |[39m [36mimport[39m { [33mDataSource[39m[33m,[39m [33mQueryRunner[39m } [36mfrom[39m [32m'typeorm'[39m[33m;[39m
   [90m  9 |[39m [36mimport[39m {
  [31m[1m>[22m[39m[90m 10 |[39m   setMetadata[33m,[39m
   [90m    |[39m   [31m[1m^[22m[39m[31m[1m^[22m[39m[31m[1m^[22m[39m[31m[1m^[22m[39m[31m[1m^[22m[39m[31m[1m^[22m[39m[31m[1m^[22m[39m[31m[1m^[22m[39m[31m[1m^[22m[39m[31m[1m^[22m[39m[31m[1m^[22m[39m
   [90m 11 |[39m   createParamDecorator[33m,[39m
   [90m 12 |[39m   [33mExecutionContext[39m[33m,[39m
   [90m 13 |[39m } [36mfrom[39m [32m'@nestjs/common'[39m[33m;[39m[0m

[1m[31mERROR[39m[22m in [1m./src/database/services/transaction.service.ts:369:39[39m[22m
TS2339: Property 'transactionService' does not exist on type 'PropertyDescriptor'.
  [0m [90m 367 |[39m     descriptor[33m.[39mvalue [33m=[39m [36masync[39m [36mfunction[39m ([33m...[39margs[33m:[39m any[]) {
   [90m 368 |[39m       [36mconst[39m context [33m=[39m [32m`${target.constructor.name}:${String(propertyKey)}:${Date.now()}`[39m[33m;[39m
  [31m[1m>[22m[39m[90m 369 |[39m       [36mconst[39m transactionService [33m=[39m [36mthis[39m[33m.[39mtransactionService [36mas[39m [33mTransactionService[39m[33m;[39m
   [90m     |[39m                                       [31m[1m^[22m[39m[31m[1m^[22m[39m[31m[1m^[22m[39m[31m[1m^[22m[39m[31m[1m^[22m[39m[31m[1m^[22m[39m[31m[1m^[22m[39m[31m[1m^[22m[39m[31m[1m^[22m[39m[31m[1m^[22m[39m[31m[1m^[22m[39m[31m[1m^[22m[39m[31m[1m^[22m[39m[31m[1m^[22m[39m[31m[1m^[22m[39m[31m[1m^[22m[39m[31m[1m^[22m[39m[31m[1m^[22m[39m
   [90m 370 |[39m
   [90m 371 |[39m       [36mtry[39m {
   [90m 372 |[39m         [36mreturn[39m [36mawait[39m transactionService[33m.[39mexecute([0m

[1m[31mERROR[39m[22m in [1m./src/database/services/transaction.service.ts:376:18[39m[22m
TS2339: Property 'currentQueryRunner' does not exist on type 'PropertyDescriptor'.
  [0m [90m 374 |[39m           [36masync[39m (queryRunner) [33m=>[39m {
   [90m 375 |[39m             [90m// Set the queryRunner in the method context[39m
  [31m[1m>[22m[39m[90m 376 |[39m             [36mthis[39m[33m.[39mcurrentQueryRunner [33m=[39m queryRunner[33m;[39m
   [90m     |[39m                  [31m[1m^[22m[39m[31m[1m^[22m[39m[31m[1m^[22m[39m[31m[1m^[22m[39m[31m[1m^[22m[39m[31m[1m^[22m[39m[31m[1m^[22m[39m[31m[1m^[22m[39m[31m[1m^[22m[39m[31m[1m^[22m[39m[31m[1m^[22m[39m[31m[1m^[22m[39m[31m[1m^[22m[39m[31m[1m^[22m[39m[31m[1m^[22m[39m[31m[1m^[22m[39m[31m[1m^[22m[39m[31m[1m^[22m[39m
   [90m 377 |[39m             [36mreturn[39m originalMethod[33m.[39mapply([36mthis[39m[33m,[39m args)[33m;[39m
   [90m 378 |[39m           }[33m,[39m
   [90m 379 |[39m           options[33m,[39m[0m

[1m[31mERROR[39m[22m in [1m./src/database/services/transaction.service.ts:384:14[39m[22m
TS2339: Property 'currentQueryRunner' does not exist on type 'PropertyDescriptor'.
  [0m [90m 382 |[39m         [90m// Cleanup[39m
   [90m 383 |[39m         [36mawait[39m transactionService[33m.[39mcleanup(context)[33m;[39m
  [31m[1m>[22m[39m[90m 384 |[39m         [36mthis[39m[33m.[39mcurrentQueryRunner [33m=[39m [36mnull[39m[33m;[39m
   [90m     |[39m              [31m[1m^[22m[39m[31m[1m^[22m[39m[31m[1m^[22m[39m[31m[1m^[22m[39m[31m[1m^[22m[39m[31m[1m^[22m[39m[31m[1m^[22m[39m[31m[1m^[22m[39m[31m[1m^[22m[39m[31m[1m^[22m[39m[31m[1m^[22m[39m[31m[1m^[22m[39m[31m[1m^[22m[39m[31m[1m^[22m[39m[31m[1m^[22m[39m[31m[1m^[22m[39m[31m[1m^[22m[39m[31m[1m^[22m[39m
   [90m 385 |[39m       }
   [90m 386 |[39m     }[33m;[39m
   [90m 387 |[39m[0m

[1m[31mERROR[39m[22m in [1m./src/database/services/user-service.example.ts:73:14[39m[22m
TS2323: Cannot redeclare exported variable 'RefactoredUserService'.
  [0m [90m 71 |[39m [90m */[39m
   [90m 72 |[39m [33m@[39m[33mInjectable[39m()
  [31m[1m>[22m[39m[90m 73 |[39m [36mexport[39m [36mclass[39m [33mRefactoredUserService[39m {
   [90m    |[39m              [31m[1m^[22m[39m[31m[1m^[22m[39m[31m[1m^[22m[39m[31m[1m^[22m[39m[31m[1m^[22m[39m[31m[1m^[22m[39m[31m[1m^[22m[39m[31m[1m^[22m[39m[31m[1m^[22m[39m[31m[1m^[22m[39m[31m[1m^[22m[39m[31m[1m^[22m[39m[31m[1m^[22m[39m[31m[1m^[22m[39m[31m[1m^[22m[39m[31m[1m^[22m[39m[31m[1m^[22m[39m[31m[1m^[22m[39m[31m[1m^[22m[39m[31m[1m^[22m[39m[31m[1m^[22m[39m
   [90m 74 |[39m   [36mprivate[39m readonly logger [33m=[39m [36mnew[39m [33mLogger[39m([33mRefactoredUserService[39m[33m.[39mname)[33m;[39m
   [90m 75 |[39m
   [90m 76 |[39m   constructor([0m

[1m[31mERROR[39m[22m in [1m./src/database/services/user-service.example.ts:194:5[39m[22m
TS2322: Type '{ user: User; profile: UserProfile; } | { user: User; profile: null; }' is not assignable to type '{ user: User; profile: UserProfile; }'.
  Type '{ user: User; profile: null; }' is not assignable to type '{ user: User; profile: UserProfile; }'.
    Types of property 'profile' are incompatible.
      Type 'null' is not assignable to type 'UserProfile'.
  [0m [90m 192 |[39m     )[33m;[39m
   [90m 193 |[39m
  [31m[1m>[22m[39m[90m 194 |[39m     [36mreturn[39m [36mthis[39m[33m.[39mtransactionService[33m.[39mexecute(
   [90m     |[39m     [31m[1m^[22m[39m[31m[1m^[22m[39m[31m[1m^[22m[39m[31m[1m^[22m[39m[31m[1m^[22m[39m[31m[1m^[22m[39m
   [90m 195 |[39m       contextId[33m,[39m
   [90m 196 |[39m       [36masync[39m (queryRunner[33m:[39m [33mQueryRunner[39m) [33m=>[39m {
   [90m 197 |[39m         [90m// Step 1: Find and update user[39m[0m

[1m[31mERROR[39m[22m in [1m./src/database/services/user-service.example.ts:422:10[39m[22m
TS2323: Cannot redeclare exported variable 'RefactoredUserService'.
  [0m [90m 420 |[39m }
   [90m 421 |[39m
  [31m[1m>[22m[39m[90m 422 |[39m [36mexport[39m { [33mRefactoredUserService[39m[33m,[39m [33mCreateUserDto[39m[33m,[39m [33mUpdateUserDto[39m }[33m;[39m
   [90m     |[39m          [31m[1m^[22m[39m[31m[1m^[22m[39m[31m[1m^[22m[39m[31m[1m^[22m[39m[31m[1m^[22m[39m[31m[1m^[22m[39m[31m[1m^[22m[39m[31m[1m^[22m[39m[31m[1m^[22m[39m[31m[1m^[22m[39m[31m[1m^[22m[39m[31m[1m^[22m[39m[31m[1m^[22m[39m[31m[1m^[22m[39m[31m[1m^[22m[39m[31m[1m^[22m[39m[31m[1m^[22m[39m[31m[1m^[22m[39m[31m[1m^[22m[39m[31m[1m^[22m[39m[31m[1m^[22m[39m
   [90m 423 |[39m[0m

[1m[31mERROR[39m[22m in [1m./src/database/services/user-service.example.ts:422:10[39m[22m
TS2484: Export declaration conflicts with exported declaration of 'RefactoredUserService'.
  [0m [90m 420 |[39m }
   [90m 421 |[39m
  [31m[1m>[22m[39m[90m 422 |[39m [36mexport[39m { [33mRefactoredUserService[39m[33m,[39m [33mCreateUserDto[39m[33m,[39m [33mUpdateUserDto[39m }[33m;[39m
   [90m     |[39m          [31m[1m^[22m[39m[31m[1m^[22m[39m[31m[1m^[22m[39m[31m[1m^[22m[39m[31m[1m^[22m[39m[31m[1m^[22m[39m[31m[1m^[22m[39m[31m[1m^[22m[39m[31m[1m^[22m[39m[31m[1m^[22m[39m[31m[1m^[22m[39m[31m[1m^[22m[39m[31m[1m^[22m[39m[31m[1m^[22m[39m[31m[1m^[22m[39m[31m[1m^[22m[39m[31m[1m^[22m[39m[31m[1m^[22m[39m[31m[1m^[22m[39m[31m[1m^[22m[39m[31m[1m^[22m[39m
   [90m 423 |[39m[0m

[1m[31mERROR[39m[22m in [1m./src/entities/health-task.entity.ts:41:4[39m[22m
TS2552: Cannot find name 'UpdateDateColumn'. Did you mean 'CreateDateColumn'?
  [0m [90m 39 |[39m   createdAt[33m:[39m [33mDate[39m[33m;[39m
   [90m 40 |[39m
  [31m[1m>[22m[39m[90m 41 |[39m   [33m@[39m[33mUpdateDateColumn[39m()
   [90m    |[39m    [31m[1m^[22m[39m[31m[1m^[22m[39m[31m[1m^[22m[39m[31m[1m^[22m[39m[31m[1m^[22m[39m[31m[1m^[22m[39m[31m[1m^[22m[39m[31m[1m^[22m[39m[31m[1m^[22m[39m[31m[1m^[22m[39m[31m[1m^[22m[39m[31m[1m^[22m[39m[31m[1m^[22m[39m[31m[1m^[22m[39m[31m[1m^[22m[39m[31m[1m^[22m[39m
   [90m 42 |[39m   updatedAt[33m:[39m [33mDate[39m[33m;[39m
   [90m 43 |[39m }
   [90m 44 |[39m[0m

[1m[31mERROR[39m[22m in [1m./src/leaderboard/leaderboard.processor.ts:18:58[39m[22m
TS18046: 'error' is of type 'unknown'.
  [0m [90m 16 |[39m       [36mawait[39m [36mthis[39m[33m.[39mleaderboardService[33m.[39mrebuildLeaderboards()[33m;[39m
   [90m 17 |[39m     } [36mcatch[39m (error) {
  [31m[1m>[22m[39m[90m 18 |[39m       [36mthis[39m[33m.[39mlogger[33m.[39merror([32m'Failed to rebuild leaderboard'[39m[33m,[39m error[33m.[39mstack)[33m;[39m
   [90m    |[39m                                                          [31m[1m^[22m[39m[31m[1m^[22m[39m[31m[1m^[22m[39m[31m[1m^[22m[39m[31m[1m^[22m[39m
   [90m 19 |[39m     }
   [90m 20 |[39m   }
   [90m 21 |[39m }[0m

[1m[31mERROR[39m[22m in [1m./src/leaderboard/leaderboard.service.ts:152:20[39m[22m
TS2345: Argument of type 'string' is not assignable to parameter of type 'never'.
  [0m [90m 150 |[39m     [36mconst[39m userIds [33m=[39m [][33m;[39m
   [90m 151 |[39m     [36mfor[39m ([36mlet[39m i [33m=[39m [35m0[39m[33m;[39m i [33m<[39m rawTopUsers[33m.[39mlength[33m;[39m i [33m+=[39m [35m2[39m) {
  [31m[1m>[22m[39m[90m 152 |[39m       userIds[33m.[39mpush(rawTopUsers[i])[33m;[39m
   [90m     |[39m                    [31m[1m^[22m[39m[31m[1m^[22m[39m[31m[1m^[22m[39m[31m[1m^[22m[39m[31m[1m^[22m[39m[31m[1m^[22m[39m[31m[1m^[22m[39m[31m[1m^[22m[39m[31m[1m^[22m[39m[31m[1m^[22m[39m[31m[1m^[22m[39m[31m[1m^[22m[39m[31m[1m^[22m[39m[31m[1m^[22m[39m
   [90m 153 |[39m     }
   [90m 154 |[39m
   [90m 155 |[39m     [90m// Fetch names from Redis Hash (HMGET returns an array of values)[39m[0m

[1m[31mERROR[39m[22m in [1m./src/main.ts:52:9[39m[22m
TS2304: Cannot find name 'CustomValidationPipe'.
  [0m [90m 50 |[39m   [90m// Global validation pipe[39m
   [90m 51 |[39m   app[33m.[39museGlobalPipes(
  [31m[1m>[22m[39m[90m 52 |[39m     [36mnew[39m [33mCustomValidationPipe[39m()[33m,[39m
   [90m    |[39m         [31m[1m^[22m[39m[31m[1m^[22m[39m[31m[1m^[22m[39m[31m[1m^[22m[39m[31m[1m^[22m[39m[31m[1m^[22m[39m[31m[1m^[22m[39m[31m[1m^[22m[39m[31m[1m^[22m[39m[31m[1m^[22m[39m[31m[1m^[22m[39m[31m[1m^[22m[39m[31m[1m^[22m[39m[31m[1m^[22m[39m[31m[1m^[22m[39m[31m[1m^[22m[39m[31m[1m^[22m[39m[31m[1m^[22m[39m[31m[1m^[22m[39m[31m[1m^[22m[39m
   [90m 53 |[39m     [36mnew[39m [33mValidationPipe[39m({
   [90m 54 |[39m       whitelist[33m:[39m [36mtrue[39m[33m,[39m
   [90m 55 |[39m       forbidNonWhitelisted[33m:[39m [36mtrue[39m[33m,[39m[0m

[1m[31mERROR[39m[22m in [1m./src/migrations/1740000000001-AddHealthTasksForeignKeyToDailyTaskAssignments.ts:22:24[39m[22m
TS18048: 'table' is possibly 'undefined'.
  [0m [90m 20 |[39m     [90m// Drop the foreign key constraint[39m
   [90m 21 |[39m     [36mconst[39m table [33m=[39m [36mawait[39m queryRunner[33m.[39mgetTable([32m'daily_task_assignment_tasks'[39m)[33m;[39m
  [31m[1m>[22m[39m[90m 22 |[39m     [36mconst[39m foreignKey [33m=[39m table[33m.[39mforeignKeys[33m.[39mfind(
   [90m    |[39m                        [31m[1m^[22m[39m[31m[1m^[22m[39m[31m[1m^[22m[39m[31m[1m^[22m[39m[31m[1m^[22m[39m
   [90m 23 |[39m       fk [33m=>[39m fk[33m.[39mcolumnNames[33m.[39mindexOf([32m'task_id'[39m) [33m!==[39m [33m-[39m[35m1[39m
   [90m 24 |[39m     )[33m;[39m
   [90m 25 |[39m     [36mif[39m (foreignKey) {[0m

[1m[31mERROR[39m[22m in [1m./src/modules/admin/services/admin.service.ts:142:33[39m[22m
TS2339: Property 'causes' does not exist on type '{}'.
  [0m [90m 140 |[39m     } [36mcatch[39m (error) {
   [90m 141 |[39m       overallStatus [33m=[39m [32m'error'[39m[33m;[39m
  [31m[1m>[22m[39m[90m 142 |[39m       details[33m.[39mdatabase [33m=[39m error[33m?[39m[33m.[39mcauses[33m?[39m[33m.[39mdatabase [33m||[39m { status[33m:[39m [32m'down'[39m }[33m;[39m
   [90m     |[39m                                 [31m[1m^[22m[39m[31m[1m^[22m[39m[31m[1m^[22m[39m[31m[1m^[22m[39m[31m[1m^[22m[39m[31m[1m^[22m[39m
   [90m 143 |[39m     }
   [90m 144 |[39m
   [90m 145 |[39m     [36mtry[39m {[0m

[1m[31mERROR[39m[22m in [1m./src/modules/admin/services/admin.service.ts:149:30[39m[22m
TS2339: Property 'causes' does not exist on type '{}'.
  [0m [90m 147 |[39m     } [36mcatch[39m (error) {
   [90m 148 |[39m       overallStatus [33m=[39m [32m'error'[39m[33m;[39m
  [31m[1m>[22m[39m[90m 149 |[39m       details[33m.[39mredis [33m=[39m error[33m?[39m[33m.[39mcauses[33m?[39m[33m.[39mredis [33m||[39m { status[33m:[39m [32m'down'[39m }[33m;[39m
   [90m     |[39m                              [31m[1m^[22m[39m[31m[1m^[22m[39m[31m[1m^[22m[39m[31m[1m^[22m[39m[31m[1m^[22m[39m[31m[1m^[22m[39m
   [90m 150 |[39m     }
   [90m 151 |[39m
   [90m 152 |[39m     details[33m.[39muptimeSeconds [33m=[39m [33mMath[39m[33m.[39mround(process[33m.[39muptime())[33m;[39m[0m

[1m[31mERROR[39m[22m in [1m./src/modules/auth/auth.module.ts:32:7[39m[22m
TS2322: Type '(configService: ConfigService) => { secret: string | undefined; signOptions: { expiresIn: string; }; }' is not assignable to type '(...args: any[]) => JwtModuleOptions | Promise<JwtModuleOptions>'.
  Type '{ secret: string | undefined; signOptions: { expiresIn: string; }; }' is not assignable to type 'JwtModuleOptions | Promise<JwtModuleOptions>'.
    Type '{ secret: string | undefined; signOptions: { expiresIn: string; }; }' is not assignable to type 'JwtModuleOptions'.
      The types of 'signOptions.expiresIn' are incompatible between these types.
        Type 'string' is not assignable to type 'number | StringValue | undefined'.
  [0m [90m 30 |[39m     [33mJwtModule[39m[33m.[39mregisterAsync({
   [90m 31 |[39m       inject[33m:[39m [[33mConfigService[39m][33m,[39m
  [31m[1m>[22m[39m[90m 32 |[39m       useFactory[33m:[39m (configService[33m:[39m [33mConfigService[39m) [33m=>[39m ({
   [90m    |[39m       [31m[1m^[22m[39m[31m[1m^[22m[39m[31m[1m^[22m[39m[31m[1m^[22m[39m[31m[1m^[22m[39m[31m[1m^[22m[39m[31m[1m^[22m[39m[31m[1m^[22m[39m[31m[1m^[22m[39m[31m[1m^[22m[39m
   [90m 33 |[39m         secret[33m:[39m configService[33m.[39m[36mget[39m[33m<[39m[33mstring[39m[33m>[39m([32m'JWT_SECRET'[39m)[33m,[39m
   [90m 34 |[39m         signOptions[33m:[39m {
   [90m 35 |[39m           expiresIn[33m:[39m configService[33m.[39m[36mget[39m[33m<[39m[33mstring[39m[33m>[39m([32m'JWT_EXPIRATION'[39m[33m,[39m [32m'3600s'[39m)[33m,[39m[0m

[1m[31mERROR[39m[22m in [1m./src/modules/auth/services/email-verification.service.ts:6:30[39m[22m
TS2307: Cannot find module './users.service' or its corresponding type declarations.
  [0m [90m 4 |[39m [36mimport[39m [33m*[39m [36mas[39m crypto [36mfrom[39m [32m'crypto'[39m[33m;[39m
   [90m 5 |[39m [36mimport[39m { [33mEmailVerification[39m } [36mfrom[39m [32m'../../../database/entities/email-verification.entity'[39m[33m;[39m
  [31m[1m>[22m[39m[90m 6 |[39m [36mimport[39m { [33mUsersService[39m } [36mfrom[39m [32m'./users.service'[39m[33m;[39m
   [90m   |[39m                              [31m[1m^[22m[39m[31m[1m^[22m[39m[31m[1m^[22m[39m[31m[1m^[22m[39m[31m[1m^[22m[39m[31m[1m^[22m[39m[31m[1m^[22m[39m[31m[1m^[22m[39m[31m[1m^[22m[39m[31m[1m^[22m[39m[31m[1m^[22m[39m[31m[1m^[22m[39m[31m[1m^[22m[39m[31m[1m^[22m[39m[31m[1m^[22m[39m[31m[1m^[22m[39m[31m[1m^[22m[39m
   [90m 7 |[39m [36mimport[39m { [33mNotificationService[39m } [36mfrom[39m [32m'../../../notifications/services/notification.service'[39m[33m;[39m
   [90m 8 |[39m
   [90m 9 |[39m [33m@[39m[33mInjectable[39m()[0m

[1m[31mERROR[39m[22m in [1m./src/modules/auth/services/session.service.ts:5:30[39m[22m
TS2307: Cannot find module './users.service' or its corresponding type declarations.
  [0m [90m 3 |[39m [36mimport[39m { [33mRepository[39m } [36mfrom[39m [32m'typeorm'[39m[33m;[39m
   [90m 4 |[39m [36mimport[39m { [33mSession[39m } [36mfrom[39m [32m'../../../database/entities/session.entity'[39m[33m;[39m
  [31m[1m>[22m[39m[90m 5 |[39m [36mimport[39m { [33mUsersService[39m } [36mfrom[39m [32m'./users.service'[39m[33m;[39m
   [90m   |[39m                              [31m[1m^[22m[39m[31m[1m^[22m[39m[31m[1m^[22m[39m[31m[1m^[22m[39m[31m[1m^[22m[39m[31m[1m^[22m[39m[31m[1m^[22m[39m[31m[1m^[22m[39m[31m[1m^[22m[39m[31m[1m^[22m[39m[31m[1m^[22m[39m[31m[1m^[22m[39m[31m[1m^[22m[39m[31m[1m^[22m[39m[31m[1m^[22m[39m[31m[1m^[22m[39m[31m[1m^[22m[39m
   [90m 6 |[39m
   [90m 7 |[39m [33m@[39m[33mInjectable[39m()
   [90m 8 |[39m [36mexport[39m [36mclass[39m [33mSessionService[39m {[0m

[1m[31mERROR[39m[22m in [1m./src/modules/health-tasks/health-tasks.controller.ts:25:10[39m[22m
TS2300: Duplicate identifier 'AnalyticsService'.
  [0m [90m 23 |[39m [36mimport[39m { [33mArchiveService[39m } [36mfrom[39m [32m'./services/archive.service'[39m[33m;[39m
   [90m 24 |[39m [36mimport[39m { [33mCompletionService[39m[33m,[39m [33mMarkCompleteDto[39m[33m,[39m [33mMarkIncompleteDto[39m } [36mfrom[39m [32m'./services/completion.service'[39m[33m;[39m
  [31m[1m>[22m[39m[90m 25 |[39m [36mimport[39m { [33mAnalyticsService[39m } [36mfrom[39m [32m'./services/analytics.service'[39m[33m;[39m
   [90m    |[39m          [31m[1m^[22m[39m[31m[1m^[22m[39m[31m[1m^[22m[39m[31m[1m^[22m[39m[31m[1m^[22m[39m[31m[1m^[22m[39m[31m[1m^[22m[39m[31m[1m^[22m[39m[31m[1m^[22m[39m[31m[1m^[22m[39m[31m[1m^[22m[39m[31m[1m^[22m[39m[31m[1m^[22m[39m[31m[1m^[22m[39m[31m[1m^[22m[39m[31m[1m^[22m[39m
   [90m 26 |[39m [36mimport[39m { [33mTaskSearchService[39m } [36mfrom[39m [32m'./services/task-search.service'[39m[33m;[39m
   [90m 27 |[39m [36mimport[39m { [33mAttachmentsService[39m } [36mfrom[39m [32m'./services/attachments.service'[39m[33m;[39m
   [90m 28 |[39m [36mimport[39m { [33mDuplicationService[39m } [36mfrom[39m [32m'./services/duplication.service'[39m[33m;[39m[0m

[1m[31mERROR[39m[22m in [1m./src/modules/health-tasks/health-tasks.controller.ts:29:10[39m[22m
TS2300: Duplicate identifier 'AnalyticsService'.
  [0m [90m 27 |[39m [36mimport[39m { [33mAttachmentsService[39m } [36mfrom[39m [32m'./services/attachments.service'[39m[33m;[39m
   [90m 28 |[39m [36mimport[39m { [33mDuplicationService[39m } [36mfrom[39m [32m'./services/duplication.service'[39m[33m;[39m
  [31m[1m>[22m[39m[90m 29 |[39m [36mimport[39m { [33mAnalyticsService[39m } [36mfrom[39m [32m'./services/analytics.service'[39m[33m;[39m
   [90m    |[39m          [31m[1m^[22m[39m[31m[1m^[22m[39m[31m[1m^[22m[39m[31m[1m^[22m[39m[31m[1m^[22m[39m[31m[1m^[22m[39m[31m[1m^[22m[39m[31m[1m^[22m[39m[31m[1m^[22m[39m[31m[1m^[22m[39m[31m[1m^[22m[39m[31m[1m^[22m[39m[31m[1m^[22m[39m[31m[1m^[22m[39m[31m[1m^[22m[39m[31m[1m^[22m[39m
   [90m 30 |[39m [36mimport[39m { [33mSearchTasksDto[39m } [36mfrom[39m [32m'./dto/search-tasks.dto'[39m[33m;[39m
   [90m 31 |[39m [36mimport[39m { [33mCanActivate[39m[33m,[39m [33mExecutionContext[39m[33m,[39m [33mInjectable[39m } [36mfrom[39m [32m'@nestjs/common'[39m[33m;[39m
   [90m 32 |[39m [36mimport[39m { [33mObservable[39m } [36mfrom[39m [32m'rxjs'[39m[33m;[39m[0m

[1m[31mERROR[39m[22m in [1m./src/modules/health-tasks/health-tasks.controller.ts:57:22[39m[22m
TS2300: Duplicate identifier 'analyticsService'.
  [0m [90m 55 |[39m     [36mprivate[39m readonly archiveService[33m:[39m [33mArchiveService[39m[33m,[39m
   [90m 56 |[39m     [36mprivate[39m readonly completionService[33m:[39m [33mCompletionService[39m[33m,[39m
  [31m[1m>[22m[39m[90m 57 |[39m     [36mprivate[39m readonly analyticsService[33m:[39m [33mAnalyticsService[39m[33m,[39m
   [90m    |[39m                      [31m[1m^[22m[39m[31m[1m^[22m[39m[31m[1m^[22m[39m[31m[1m^[22m[39m[31m[1m^[22m[39m[31m[1m^[22m[39m[31m[1m^[22m[39m[31m[1m^[22m[39m[31m[1m^[22m[39m[31m[1m^[22m[39m[31m[1m^[22m[39m[31m[1m^[22m[39m[31m[1m^[22m[39m[31m[1m^[22m[39m[31m[1m^[22m[39m[31m[1m^[22m[39m
   [90m 58 |[39m     [36mprivate[39m readonly searchService[33m:[39m [33mTaskSearchService[39m[33m,[39m
   [90m 59 |[39m     [36mprivate[39m readonly attachmentsService[33m:[39m [33mAttachmentsService[39m[33m,[39m
   [90m 60 |[39m     [36mprivate[39m readonly duplicationService[33m:[39m [33mDuplicationService[39m[33m,[39m[0m

[1m[31mERROR[39m[22m in [1m./src/modules/health-tasks/health-tasks.controller.ts:61:22[39m[22m
TS2300: Duplicate identifier 'analyticsService'.
  [0m [90m 59 |[39m     [36mprivate[39m readonly attachmentsService[33m:[39m [33mAttachmentsService[39m[33m,[39m
   [90m 60 |[39m     [36mprivate[39m readonly duplicationService[33m:[39m [33mDuplicationService[39m[33m,[39m
  [31m[1m>[22m[39m[90m 61 |[39m     [36mprivate[39m readonly analyticsService[33m:[39m [33mAnalyticsService[39m[33m,[39m
   [90m    |[39m                      [31m[1m^[22m[39m[31m[1m^[22m[39m[31m[1m^[22m[39m[31m[1m^[22m[39m[31m[1m^[22m[39m[31m[1m^[22m[39m[31m[1m^[22m[39m[31m[1m^[22m[39m[31m[1m^[22m[39m[31m[1m^[22m[39m[31m[1m^[22m[39m[31m[1m^[22m[39m[31m[1m^[22m[39m[31m[1m^[22m[39m[31m[1m^[22m[39m[31m[1m^[22m[39m
   [90m 62 |[39m   ) {}
   [90m 63 |[39m
   [90m 64 |[39m   [33m@[39m[33mGet[39m()[0m

[1m[31mERROR[39m[22m in [1m./src/modules/health-tasks/health-tasks.controller.ts:78:36[39m[22m
TS2339: Property 'getUserTasks' does not exist on type 'HealthTasksService'.
  [0m [90m 76 |[39m     [33m@[39m[33mQuery[39m([32m'sortOrder'[39m) sortOrder[33m?[39m[33m:[39m [32m'asc'[39m [33m|[39m [32m'desc'[39m[33m,[39m
   [90m 77 |[39m   ) {
  [31m[1m>[22m[39m[90m 78 |[39m     [36mreturn[39m [36mthis[39m[33m.[39mhealthTasksService[33m.[39mgetUserTasks(req[33m.[39muser[33m.[39muserId[33m,[39m {
   [90m    |[39m                                    [31m[1m^[22m[39m[31m[1m^[22m[39m[31m[1m^[22m[39m[31m[1m^[22m[39m[31m[1m^[22m[39m[31m[1m^[22m[39m[31m[1m^[22m[39m[31m[1m^[22m[39m[31m[1m^[22m[39m[31m[1m^[22m[39m[31m[1m^[22m[39m[31m[1m^[22m[39m
   [90m 79 |[39m       status[33m,[39m
   [90m 80 |[39m       category[33m,[39m
   [90m 81 |[39m       priority[33m,[39m[0m

[1m[31mERROR[39m[22m in [1m./src/modules/health-tasks/health-tasks.controller.ts:149:17[39m[22m
TS2339: Property 'activityLogService' does not exist on type 'HealthTasksController'.
  [0m [90m 147 |[39m   [33m@[39m[33mApiOperation[39m({ summary[33m:[39m [32m'Get task activity history'[39m })
   [90m 148 |[39m   [36masync[39m getActivityHistory([33m@[39m[33mParam[39m([32m'id'[39m) id[33m:[39m string) {
  [31m[1m>[22m[39m[90m 149 |[39m     [36mreturn[39m [36mthis[39m[33m.[39mactivityLogService[33m.[39mgetActivityHistory(id)[33m;[39m
   [90m     |[39m                 [31m[1m^[22m[39m[31m[1m^[22m[39m[31m[1m^[22m[39m[31m[1m^[22m[39m[31m[1m^[22m[39m[31m[1m^[22m[39m[31m[1m^[22m[39m[31m[1m^[22m[39m[31m[1m^[22m[39m[31m[1m^[22m[39m[31m[1m^[22m[39m[31m[1m^[22m[39m[31m[1m^[22m[39m[31m[1m^[22m[39m[31m[1m^[22m[39m[31m[1m^[22m[39m[31m[1m^[22m[39m[31m[1m^[22m[39m
   [90m 150 |[39m   }
   [90m 151 |[39m
   [90m 152 |[39m   [33m@[39m[33mGet[39m([32m':id'[39m)[0m

[1m[31mERROR[39m[22m in [1m./src/modules/health-tasks/health-tasks.service.ts:126:57[39m[22m
TS2307: Cannot find module '../../../database/entities/task-activity.entity' or its corresponding type declarations.
  [0m [90m 124 |[39m   }
   [90m 125 |[39m
  [31m[1m>[22m[39m[90m 126 |[39m   [36masync[39m getTaskActivity(taskId[33m:[39m string)[33m:[39m [33mPromise[39m[33m<[39m[36mimport[39m([32m'../../../database/entities/task-activity.entity'[39m)[33m.[39m[33mTaskActivity[39m[][33m>[39m {
   [90m     |[39m                                                         [31m[1m^[22m[39m[31m[1m^[22m[39m[31m[1m^[22m[39m[31m[1m^[22m[39m[31m[1m^[22m[39m[31m[1m^[22m[39m[31m[1m^[22m[39m[31m[1m^[22m[39m[31m[1m^[22m[39m[31m[1m^[22m[39m[31m[1m^[22m[39m[31m[1m^[22m[39m[31m[1m^[22m[39m[31m[1m^[22m[39m[31m[1m^[22m[39m[31m[1m^[22m[39m[31m[1m^[22m[39m[31m[1m^[22m[39m[31m[1m^[22m[39m[31m[1m^[22m[39m[31m[1m^[22m[39m[31m[1m^[22m[39m[31m[1m^[22m[39m[31m[1m^[22m[39m[31m[1m^[22m[39m[31m[1m^[22m[39m[31m[1m^[22m[39m[31m[1m^[22m[39m[31m[1m^[22m[39m[31m[1m^[22m[39m[31m[1m^[22m[39m[31m[1m^[22m[39m[31m[1m^[22m[39m[31m[1m^[22m[39m[31m[1m^[22m[39m[31m[1m^[22m[39m[31m[1m^[22m[39m[31m[1m^[22m[39m[31m[1m^[22m[39m[31m[1m^[22m[39m[31m[1m^[22m[39m[31m[1m^[22m[39m[31m[1m^[22m[39m[31m[1m^[22m[39m[31m[1m^[22m[39m[31m[1m^[22m[39m[31m[1m^[22m[39m[31m[1m^[22m[39m[31m[1m^[22m[39m
   [90m 127 |[39m     [36mreturn[39m [36mthis[39m[33m.[39mactivityLogService[33m.[39mgetActivityHistory(taskId)[33m;[39m
   [90m 128 |[39m   }
   [90m 129 |[39m[0m

[1m[31mERROR[39m[22m in [1m./src/modules/health-tasks/services/duplication.service.ts:64:37[39m[22m
TS2769: No overload matches this call.
  Overload 1 of 4, '(entities: DeepPartial<HealthTask>[], options?: SaveOptions | undefined): Promise<(DeepPartial<HealthTask> & HealthTask)[]>', gave the following error.
    Argument of type 'HealthTask[][]' is not assignable to parameter of type 'DeepPartial<HealthTask>[]'.
      Type 'HealthTask[]' is not assignable to type 'DeepPartial<HealthTask>'.
  Overload 2 of 4, '(entity: DeepPartial<HealthTask>, options?: SaveOptions | undefined): Promise<DeepPartial<HealthTask> & HealthTask>', gave the following error.
    Argument of type 'HealthTask[][]' is not assignable to parameter of type 'DeepPartial<HealthTask>'.
  [0m [90m 62 |[39m     })[33m;[39m
   [90m 63 |[39m
  [31m[1m>[22m[39m[90m 64 |[39m     [36mreturn[39m [36mthis[39m[33m.[39mtaskRepository[33m.[39msave(duplicates)[33m;[39m
   [90m    |[39m                                     [31m[1m^[22m[39m[31m[1m^[22m[39m[31m[1m^[22m[39m[31m[1m^[22m[39m[31m[1m^[22m[39m[31m[1m^[22m[39m[31m[1m^[22m[39m[31m[1m^[22m[39m[31m[1m^[22m[39m[31m[1m^[22m[39m
   [90m 65 |[39m   }
   [90m 66 |[39m }
   [90m 67 |[39m[0m

[1m[31mERROR[39m[22m in [1m./src/modules/health-tasks/services/reminder.service.ts:70:70[39m[22m
TS18046: 'error' is of type 'unknown'.
  [0m [90m 68 |[39m         processedCount[33m++[39m[33m;[39m
   [90m 69 |[39m       } [36mcatch[39m (error) {
  [31m[1m>[22m[39m[90m 70 |[39m         [36mthis[39m[33m.[39mlogger[33m.[39merror([32m`Failed to send reminder ${reminder.id}: ${error.message}`[39m)[33m;[39m
   [90m    |[39m                                                                      [31m[1m^[22m[39m[31m[1m^[22m[39m[31m[1m^[22m[39m[31m[1m^[22m[39m[31m[1m^[22m[39m
   [90m 71 |[39m         reminder[33m.[39mstatus [33m=[39m [33mReminderStatus[39m[33m.[39m[33mFAILED[39m[33m;[39m
   [90m 72 |[39m         reminder[33m.[39mdeliveryTracking [33m=[39m { error[33m:[39m error[33m.[39mmessage[33m,[39m timestamp[33m:[39m [36mnew[39m [33mDate[39m() }[33m;[39m
   [90m 73 |[39m         [36mawait[39m [36mthis[39m[33m.[39mreminderRepository[33m.[39msave(reminder)[33m;[39m[0m

[1m[31mERROR[39m[22m in [1m./src/modules/health-tasks/services/reminder.service.ts:72:46[39m[22m
TS18046: 'error' is of type 'unknown'.
  [0m [90m 70 |[39m         [36mthis[39m[33m.[39mlogger[33m.[39merror([32m`Failed to send reminder ${reminder.id}: ${error.message}`[39m)[33m;[39m
   [90m 71 |[39m         reminder[33m.[39mstatus [33m=[39m [33mReminderStatus[39m[33m.[39m[33mFAILED[39m[33m;[39m
  [31m[1m>[22m[39m[90m 72 |[39m         reminder[33m.[39mdeliveryTracking [33m=[39m { error[33m:[39m error[33m.[39mmessage[33m,[39m timestamp[33m:[39m [36mnew[39m [33mDate[39m() }[33m;[39m
   [90m    |[39m                                              [31m[1m^[22m[39m[31m[1m^[22m[39m[31m[1m^[22m[39m[31m[1m^[22m[39m[31m[1m^[22m[39m
   [90m 73 |[39m         [36mawait[39m [36mthis[39m[33m.[39mreminderRepository[33m.[39msave(reminder)[33m;[39m
   [90m 74 |[39m       }
   [90m 75 |[39m     }[0m

[1m[31mERROR[39m[22m in [1m./src/modules/health-tasks/services/task-notifications.service.ts:53:21[39m[22m
TS2339: Property 'isEnabled' does not exist on type 'TaskNotificationsService'.
  [0m [90m 51 |[39m
   [90m 52 |[39m   [36masync[39m notifyShared(task[33m:[39m [33mHealthTask[39m[33m,[39m recipientId[33m:[39m string[33m,[39m sharedByName[33m:[39m string)[33m:[39m [33mPromise[39m[33m<[39m[36mvoid[39m[33m>[39m {
  [31m[1m>[22m[39m[90m 53 |[39m     [36mif[39m ([33m![39m[36mawait[39m [36mthis[39m[33m.[39misEnabled(recipientId[33m,[39m [32m'shared'[39m)) [36mreturn[39m[33m;[39m
   [90m    |[39m                     [31m[1m^[22m[39m[31m[1m^[22m[39m[31m[1m^[22m[39m[31m[1m^[22m[39m[31m[1m^[22m[39m[31m[1m^[22m[39m[31m[1m^[22m[39m[31m[1m^[22m[39m[31m[1m^[22m[39m
   [90m 54 |[39m
   [90m 55 |[39m     [36mawait[39m [36mthis[39m[33m.[39msend(recipientId[33m,[39m task[33m.[39mid[33m,[39m [32m'shared'[39m[33m,[39m {
   [90m 56 |[39m       title[33m:[39m [32m`Task shared with you`[39m[33m,[39m[0m

[1m[31mERROR[39m[22m in [1m./src/modules/health-tasks/services/task-notifications.service.ts:82:48[39m[22m
TS2345: Argument of type 'NotificationPreference | null' is not assignable to parameter of type 'NotificationPreference | undefined'.
  Type 'null' is not assignable to type 'NotificationPreference | undefined'.
  [0m [90m 80 |[39m
   [90m 81 |[39m       [36mif[39m (diff [33m>[39m [35m0[39m [33m&&[39m diff [33m<=[39m [33mDUE_SOON_THRESHOLD_MS[39m) {
  [31m[1m>[22m[39m[90m 82 |[39m         [36mawait[39m [36mthis[39m[33m.[39mnotifyDueSoon(task[33m,[39m userId[33m,[39m pref)[33m;[39m
   [90m    |[39m                                                [31m[1m^[22m[39m[31m[1m^[22m[39m[31m[1m^[22m[39m[31m[1m^[22m[39m
   [90m 83 |[39m       } [36melse[39m [36mif[39m (diff [33m<[39m [35m0[39m) {
   [90m 84 |[39m         [36mawait[39m [36mthis[39m[33m.[39mnotifyOverdue(task[33m,[39m userId[33m,[39m pref)[33m;[39m
   [90m 85 |[39m       }[0m

[1m[31mERROR[39m[22m in [1m./src/modules/health-tasks/services/task-notifications.service.ts:84:48[39m[22m
TS2345: Argument of type 'NotificationPreference | null' is not assignable to parameter of type 'NotificationPreference | undefined'.
  Type 'null' is not assignable to type 'NotificationPreference | undefined'.
  [0m [90m 82 |[39m         [36mawait[39m [36mthis[39m[33m.[39mnotifyDueSoon(task[33m,[39m userId[33m,[39m pref)[33m;[39m
   [90m 83 |[39m       } [36melse[39m [36mif[39m (diff [33m<[39m [35m0[39m) {
  [31m[1m>[22m[39m[90m 84 |[39m         [36mawait[39m [36mthis[39m[33m.[39mnotifyOverdue(task[33m,[39m userId[33m,[39m pref)[33m;[39m
   [90m    |[39m                                                [31m[1m^[22m[39m[31m[1m^[22m[39m[31m[1m^[22m[39m[31m[1m^[22m[39m
   [90m 85 |[39m       }
   [90m 86 |[39m     }
   [90m 87 |[39m   }[0m

[1m[31mERROR[39m[22m in [1m./src/modules/reports/report-export.service.ts:32:27[39m[22m
TS2345: Argument of type '(row: Record<string, unknown>) => void' is not assignable to parameter of type '(chunk: string | Buffer<ArrayBufferLike>) => void'.
  Types of parameters 'row' and 'chunk' are incompatible.
    Type 'string | Buffer<ArrayBufferLike>' is not assignable to type 'Record<string, unknown>'.
      Type 'string' is not assignable to type 'Record<string, unknown>'.
  [0m [90m 30 |[39m       [33m.[39mstream()
   [90m 31 |[39m       [33m.[39mthen((cursor) [33m=>[39m {
  [31m[1m>[22m[39m[90m 32 |[39m         cursor[33m.[39mon([32m'data'[39m[33m,[39m (row[33m:[39m [33mRecord[39m[33m<[39m[33mstring[39m[33m,[39m unknown[33m>[39m) [33m=>[39m {
   [90m    |[39m                           [31m[1m^[22m[39m[31m[1m^[22m[39m[31m[1m^[22m[39m[31m[1m^[22m[39m[31m[1m^[22m[39m[31m[1m^[22m[39m[31m[1m^[22m[39m[31m[1m^[22m[39m[31m[1m^[22m[39m[31m[1m^[22m[39m[31m[1m^[22m[39m[31m[1m^[22m[39m[31m[1m^[22m[39m[31m[1m^[22m[39m[31m[1m^[22m[39m[31m[1m^[22m[39m[31m[1m^[22m[39m[31m[1m^[22m[39m[31m[1m^[22m[39m[31m[1m^[22m[39m[31m[1m^[22m[39m[31m[1m^[22m[39m[31m[1m^[22m[39m[31m[1m^[22m[39m[31m[1m^[22m[39m[31m[1m^[22m[39m[31m[1m^[22m[39m[31m[1m^[22m[39m[31m[1m^[22m[39m[31m[1m^[22m[39m[31m[1m^[22m[39m[31m[1m^[22m[39m[31m[1m^[22m[39m[31m[1m^[22m[39m[31m[1m^[22m[39m
   [90m 33 |[39m           [36mconst[39m line [33m=[39m [
   [90m 34 |[39m             row[[32m'rt_id'[39m] [33m?[39m[33m?[39m [32m''[39m[33m,[39m
   [90m 35 |[39m             row[[32m'rt_userId'[39m] [33m?[39m[33m?[39m [32m''[39m[33m,[39m[0m

[1m[31mERROR[39m[22m in [1m./src/modules/usage/usage.service.ts:5:38[39m[22m
TS2307: Cannot find module '../../notifications/notifications.service' or its corresponding type declarations.
  [0m [90m 3 |[39m [36mimport[39m { [33mRepository[39m[33m,[39m [33mBetween[39m } [36mfrom[39m [32m'typeorm'[39m[33m;[39m
   [90m 4 |[39m [36mimport[39m { [33mUsage[39m } [36mfrom[39m [32m'./entities/usage.entity'[39m[33m;[39m
  [31m[1m>[22m[39m[90m 5 |[39m [36mimport[39m { [33mNotificationsService[39m } [36mfrom[39m [32m'../../notifications/notifications.service'[39m[33m;[39m [90m// Assuming exists[39m
   [90m   |[39m                                      [31m[1m^[22m[39m[31m[1m^[22m[39m[31m[1m^[22m[39m[31m[1m^[22m[39m[31m[1m^[22m[39m[31m[1m^[22m[39m[31m[1m^[22m[39m[31m[1m^[22m[39m[31m[1m^[22m[39m[31m[1m^[22m[39m[31m[1m^[22m[39m[31m[1m^[22m[39m[31m[1m^[22m[39m[31m[1m^[22m[39m[31m[1m^[22m[39m[31m[1m^[22m[39m[31m[1m^[22m[39m[31m[1m^[22m[39m[31m[1m^[22m[39m[31m[1m^[22m[39m[31m[1m^[22m[39m[31m[1m^[22m[39m[31m[1m^[22m[39m[31m[1m^[22m[39m[31m[1m^[22m[39m[31m[1m^[22m[39m[31m[1m^[22m[39m[31m[1m^[22m[39m[31m[1m^[22m[39m[31m[1m^[22m[39m[31m[1m^[22m[39m[31m[1m^[22m[39m[31m[1m^[22m[39m[31m[1m^[22m[39m[31m[1m^[22m[39m[31m[1m^[22m[39m[31m[1m^[22m[39m[31m[1m^[22m[39m[31m[1m^[22m[39m[31m[1m^[22m[39m[31m[1m^[22m[39m[31m[1m^[22m[39m[31m[1m^[22m[39m
   [90m 6 |[39m
   [90m 7 |[39m [33m@[39m[33mInjectable[39m()
   [90m 8 |[39m [36mexport[39m [36mclass[39m [33mUsageService[39m {[0m

[1m[31mERROR[39m[22m in [1m./src/modules/usage/usage.service.ts:17:40[39m[22m
TS2769: No overload matches this call.
  Overload 1 of 3, '(entityLikeArray: DeepPartial<Usage>[]): Usage[]', gave the following error.
    Object literal may only specify known properties, and 'userId' does not exist in type 'DeepPartial<Usage>[]'.
  Overload 2 of 3, '(entityLike: DeepPartial<Usage>): Usage', gave the following error.
    Type 'string | null' is not assignable to type 'string | undefined'.
      Type 'null' is not assignable to type 'string | undefined'.
  [0m [90m 15 |[39m
   [90m 16 |[39m   [36masync[39m trackUsage(userId[33m:[39m number[33m,[39m event[33m:[39m string[33m,[39m amount[33m:[39m number [33m=[39m [35m1[39m[33m,[39m metadata[33m?[39m[33m:[39m any)[33m:[39m [33mPromise[39m[33m<[39m[36mvoid[39m[33m>[39m {
  [31m[1m>[22m[39m[90m 17 |[39m     [36mconst[39m usage [33m=[39m [36mthis[39m[33m.[39musageRepository[33m.[39mcreate({
   [90m    |[39m                                        [31m[1m^[22m[39m[31m[1m^[22m[39m[31m[1m^[22m[39m[31m[1m^[22m[39m[31m[1m^[22m[39m[31m[1m^[22m[39m
   [90m 18 |[39m       userId[33m,[39m
   [90m 19 |[39m       event[33m,[39m
   [90m 20 |[39m       amount[33m,[39m[0m

[1m[31mERROR[39m[22m in [1m./src/modules/users/dto/preferences.dto.ts:4:41[39m[22m
TS2307: Cannot find module '../../database/entities/user-preferences.entity' or its corresponding type declarations.
  [0m [90m 2 |[39m [36mimport[39m { [33mIsString[39m[33m,[39m [33mIsOptional[39m[33m,[39m [33mIsEnum[39m[33m,[39m [33mIsBoolean[39m[33m,[39m [33mIsObject[39m[33m,[39m [33mIsNumber[39m[33m,[39m [33mMatches[39m[33m,[39m [33mMin[39m[33m,[39m [33mMax[39m } [36mfrom[39m [32m'class-validator'[39m[33m;[39m
   [90m 3 |[39m [36mimport[39m { [33mType[39m } [36mfrom[39m [32m'class-transformer'[39m[33m;[39m
  [31m[1m>[22m[39m[90m 4 |[39m [36mimport[39m { [33mTheme[39m[33m,[39m [33mNotificationType[39m } [36mfrom[39m [32m'../../database/entities/user-preferences.entity'[39m[33m;[39m
   [90m   |[39m                                         [31m[1m^[22m[39m[31m[1m^[22m[39m[31m[1m^[22m[39m[31m[1m^[22m[39m[31m[1m^[22m[39m[31m[1m^[22m[39m[31m[1m^[22m[39m[31m[1m^[22m[39m[31m[1m^[22m[39m[31m[1m^[22m[39m[31m[1m^[22m[39m[31m[1m^[22m[39m[31m[1m^[22m[39m[31m[1m^[22m[39m[31m[1m^[22m[39m[31m[1m^[22m[39m[31m[1m^[22m[39m[31m[1m^[22m[39m[31m[1m^[22m[39m[31m[1m^[22m[39m[31m[1m^[22m[39m[31m[1m^[22m[39m[31m[1m^[22m[39m[31m[1m^[22m[39m[31m[1m^[22m[39m[31m[1m^[22m[39m[31m[1m^[22m[39m[31m[1m^[22m[39m[31m[1m^[22m[39m[31m[1m^[22m[39m[31m[1m^[22m[39m[31m[1m^[22m[39m[31m[1m^[22m[39m[31m[1m^[22m[39m[31m[1m^[22m[39m[31m[1m^[22m[39m[31m[1m^[22m[39m[31m[1m^[22m[39m[31m[1m^[22m[39m[31m[1m^[22m[39m[31m[1m^[22m[39m[31m[1m^[22m[39m[31m[1m^[22m[39m[31m[1m^[22m[39m[31m[1m^[22m[39m[31m[1m^[22m[39m[31m[1m^[22m[39m[31m[1m^[22m[39m[31m[1m^[22m[39m
   [90m 5 |[39m
   [90m 6 |[39m [36mexport[39m [36mclass[39m [33mNotificationPreferencesDto[39m {
   [90m 7 |[39m   [33m@[39m[33mApiPropertyOptional[39m({[0m

[1m[31mERROR[39m[22m in [1m./src/modules/users/dto/user-filter.dto.ts:4:22[39m[22m
TS2307: Cannot find module '../../auth/enums/role.enum' or its corresponding type declarations.
  [0m [90m 2 |[39m [36mimport[39m { [33mIsOptional[39m[33m,[39m [33mIsEnum[39m[33m,[39m [33mIsBoolean[39m[33m,[39m [33mIsDateString[39m[33m,[39m [33mIsString[39m[33m,[39m [33mIsArray[39m } [36mfrom[39m [32m'class-validator'[39m[33m;[39m
   [90m 3 |[39m [36mimport[39m { [33mApiPropertyOptional[39m } [36mfrom[39m [32m'@nestjs/swagger'[39m[33m;[39m
  [31m[1m>[22m[39m[90m 4 |[39m [36mimport[39m { [33mRole[39m } [36mfrom[39m [32m'../../auth/enums/role.enum'[39m[33m;[39m
   [90m   |[39m                      [31m[1m^[22m[39m[31m[1m^[22m[39m[31m[1m^[22m[39m[31m[1m^[22m[39m[31m[1m^[22m[39m[31m[1m^[22m[39m[31m[1m^[22m[39m[31m[1m^[22m[39m[31m[1m^[22m[39m[31m[1m^[22m[39m[31m[1m^[22m[39m[31m[1m^[22m[39m[31m[1m^[22m[39m[31m[1m^[22m[39m[31m[1m^[22m[39m[31m[1m^[22m[39m[31m[1m^[22m[39m[31m[1m^[22m[39m[31m[1m^[22m[39m[31m[1m^[22m[39m[31m[1m^[22m[39m[31m[1m^[22m[39m[31m[1m^[22m[39m[31m[1m^[22m[39m[31m[1m^[22m[39m[31m[1m^[22m[39m[31m[1m^[22m[39m[31m[1m^[22m[39m
   [90m 5 |[39m [36mimport[39m { [33mPaginationDto[39m } [36mfrom[39m [32m'../../../common/dtos/pagination.dto'[39m[33m;[39m
   [90m 6 |[39m
   [90m 7 |[39m [36mexport[39m [36mclass[39m [33mUserFilterDto[39m [36mextends[39m [33mPaginationDto[39m {[0m

[1m[31mERROR[39m[22m in [1m./src/modules/users/dto/user-search.dto.ts:133:4[39m[22m
TS2304: Cannot find name 'ApiProperty'.
  [0m [90m 131 |[39m   score[33m?[39m[33m:[39m number[33m;[39m
   [90m 132 |[39m
  [31m[1m>[22m[39m[90m 133 |[39m   [33m@[39m[33mApiProperty[39m({
   [90m     |[39m    [31m[1m^[22m[39m[31m[1m^[22m[39m[31m[1m^[22m[39m[31m[1m^[22m[39m[31m[1m^[22m[39m[31m[1m^[22m[39m[31m[1m^[22m[39m[31m[1m^[22m[39m[31m[1m^[22m[39m[31m[1m^[22m[39m[31m[1m^[22m[39m
   [90m 134 |[39m     description[33m:[39m [32m'User ID'[39m[33m,[39m
   [90m 135 |[39m     example[33m:[39m [32m'123e4567-e89b-12d3-a456-426614174000'[39m[33m,[39m
   [90m 136 |[39m   })[0m

[1m[31mERROR[39m[22m in [1m./src/modules/users/dto/user-search.dto.ts:139:4[39m[22m
TS2304: Cannot find name 'ApiProperty'.
  [0m [90m 137 |[39m   id[33m:[39m string[33m;[39m
   [90m 138 |[39m
  [31m[1m>[22m[39m[90m 139 |[39m   [33m@[39m[33mApiProperty[39m({
   [90m     |[39m    [31m[1m^[22m[39m[31m[1m^[22m[39m[31m[1m^[22m[39m[31m[1m^[22m[39m[31m[1m^[22m[39m[31m[1m^[22m[39m[31m[1m^[22m[39m[31m[1m^[22m[39m[31m[1m^[22m[39m[31m[1m^[22m[39m[31m[1m^[22m[39m
   [90m 140 |[39m     description[33m:[39m [32m'User email'[39m[33m,[39m
   [90m 141 |[39m     example[33m:[39m [32m'user@example.com'[39m[33m,[39m
   [90m 142 |[39m   })[0m

[1m[31mERROR[39m[22m in [1m./src/modules/users/dto/user-search.dto.ts:145:4[39m[22m
TS2304: Cannot find name 'ApiProperty'.
  [0m [90m 143 |[39m   email[33m:[39m string[33m;[39m
   [90m 144 |[39m
  [31m[1m>[22m[39m[90m 145 |[39m   [33m@[39m[33mApiProperty[39m({
   [90m     |[39m    [31m[1m^[22m[39m[31m[1m^[22m[39m[31m[1m^[22m[39m[31m[1m^[22m[39m[31m[1m^[22m[39m[31m[1m^[22m[39m[31m[1m^[22m[39m[31m[1m^[22m[39m[31m[1m^[22m[39m[31m[1m^[22m[39m[31m[1m^[22m[39m
   [90m 146 |[39m     description[33m:[39m [32m'First name'[39m[33m,[39m
   [90m 147 |[39m     example[33m:[39m [32m'John'[39m[33m,[39m
   [90m 148 |[39m   })[0m

[1m[31mERROR[39m[22m in [1m./src/modules/users/dto/user-search.dto.ts:151:4[39m[22m
TS2304: Cannot find name 'ApiProperty'.
  [0m [90m 149 |[39m   firstName[33m?[39m[33m:[39m string[33m;[39m
   [90m 150 |[39m
  [31m[1m>[22m[39m[90m 151 |[39m   [33m@[39m[33mApiProperty[39m({
   [90m     |[39m    [31m[1m^[22m[39m[31m[1m^[22m[39m[31m[1m^[22m[39m[31m[1m^[22m[39m[31m[1m^[22m[39m[31m[1m^[22m[39m[31m[1m^[22m[39m[31m[1m^[22m[39m[31m[1m^[22m[39m[31m[1m^[22m[39m[31m[1m^[22m[39m
   [90m 152 |[39m     description[33m:[39m [32m'Last name'[39m[33m,[39m
   [90m 153 |[39m     example[33m:[39m [32m'Doe'[39m[33m,[39m
   [90m 154 |[39m   })[0m

[1m[31mERROR[39m[22m in [1m./src/modules/users/dto/user-search.dto.ts:157:4[39m[22m
TS2304: Cannot find name 'ApiProperty'.
  [0m [90m 155 |[39m   lastName[33m?[39m[33m:[39m string[33m;[39m
   [90m 156 |[39m
  [31m[1m>[22m[39m[90m 157 |[39m   [33m@[39m[33mApiProperty[39m({
   [90m     |[39m    [31m[1m^[22m[39m[31m[1m^[22m[39m[31m[1m^[22m[39m[31m[1m^[22m[39m[31m[1m^[22m[39m[31m[1m^[22m[39m[31m[1m^[22m[39m[31m[1m^[22m[39m[31m[1m^[22m[39m[31m[1m^[22m[39m[31m[1m^[22m[39m
   [90m 158 |[39m     description[33m:[39m [32m'Full name'[39m[33m,[39m
   [90m 159 |[39m     example[33m:[39m [32m'John Doe'[39m[33m,[39m
   [90m 160 |[39m   })[0m

[1m[31mERROR[39m[22m in [1m./src/modules/users/dto/user-search.dto.ts:163:4[39m[22m
TS2304: Cannot find name 'ApiProperty'.
  [0m [90m 161 |[39m   fullName[33m?[39m[33m:[39m string[33m;[39m
   [90m 162 |[39m
  [31m[1m>[22m[39m[90m 163 |[39m   [33m@[39m[33mApiProperty[39m({
   [90m     |[39m    [31m[1m^[22m[39m[31m[1m^[22m[39m[31m[1m^[22m[39m[31m[1m^[22m[39m[31m[1m^[22m[39m[31m[1m^[22m[39m[31m[1m^[22m[39m[31m[1m^[22m[39m[31m[1m^[22m[39m[31m[1m^[22m[39m[31m[1m^[22m[39m
   [90m 164 |[39m     description[33m:[39m [32m'Phone number'[39m[33m,[39m
   [90m 165 |[39m     example[33m:[39m [32m'+1234567890'[39m[33m,[39m
   [90m 166 |[39m   })[0m

[1m[31mERROR[39m[22m in [1m./src/modules/users/dto/user-search.dto.ts:169:4[39m[22m
TS2304: Cannot find name 'ApiProperty'.
  [0m [90m 167 |[39m   phoneNumber[33m?[39m[33m:[39m string[33m;[39m
   [90m 168 |[39m
  [31m[1m>[22m[39m[90m 169 |[39m   [33m@[39m[33mApiProperty[39m({
   [90m     |[39m    [31m[1m^[22m[39m[31m[1m^[22m[39m[31m[1m^[22m[39m[31m[1m^[22m[39m[31m[1m^[22m[39m[31m[1m^[22m[39m[31m[1m^[22m[39m[31m[1m^[22m[39m[31m[1m^[22m[39m[31m[1m^[22m[39m[31m[1m^[22m[39m
   [90m 170 |[39m     description[33m:[39m [32m'Avatar URL'[39m[33m,[39m
   [90m 171 |[39m     example[33m:[39m [32m'https://example.com/avatar.jpg'[39m[33m,[39m
   [90m 172 |[39m   })[0m

[1m[31mERROR[39m[22m in [1m./src/modules/users/dto/user-search.dto.ts:175:4[39m[22m
TS2304: Cannot find name 'ApiProperty'.
  [0m [90m 173 |[39m   avatar[33m?[39m[33m:[39m string[33m;[39m
   [90m 174 |[39m
  [31m[1m>[22m[39m[90m 175 |[39m   [33m@[39m[33mApiProperty[39m({
   [90m     |[39m    [31m[1m^[22m[39m[31m[1m^[22m[39m[31m[1m^[22m[39m[31m[1m^[22m[39m[31m[1m^[22m[39m[31m[1m^[22m[39m[31m[1m^[22m[39m[31m[1m^[22m[39m[31m[1m^[22m[39m[31m[1m^[22m[39m[31m[1m^[22m[39m
   [90m 176 |[39m     description[33m:[39m [32m'User role'[39m[33m,[39m
   [90m 177 |[39m     [36menum[39m[33m:[39m [33mRole[39m[33m,[39m
   [90m 178 |[39m     example[33m:[39m [33mRole[39m[33m.[39m[33mUSER[39m[33m,[39m[0m

[1m[31mERROR[39m[22m in [1m./src/modules/users/dto/user-search.dto.ts:182:4[39m[22m
TS2304: Cannot find name 'ApiProperty'.
  [0m [90m 180 |[39m   role[33m:[39m [33mRole[39m[33m;[39m
   [90m 181 |[39m
  [31m[1m>[22m[39m[90m 182 |[39m   [33m@[39m[33mApiProperty[39m({
   [90m     |[39m    [31m[1m^[22m[39m[31m[1m^[22m[39m[31m[1m^[22m[39m[31m[1m^[22m[39m[31m[1m^[22m[39m[31m[1m^[22m[39m[31m[1m^[22m[39m[31m[1m^[22m[39m[31m[1m^[22m[39m[31m[1m^[22m[39m[31m[1m^[22m[39m
   [90m 183 |[39m     description[33m:[39m [32m'User status'[39m[33m,[39m
   [90m 184 |[39m     [36menum[39m[33m:[39m [33mUserStatus[39m[33m,[39m
   [90m 185 |[39m     example[33m:[39m [33mUserStatus[39m[33m.[39m[33mACTIVE[39m[33m,[39m[0m

[1m[31mERROR[39m[22m in [1m./src/modules/users/dto/user-search.dto.ts:189:4[39m[22m
TS2304: Cannot find name 'ApiProperty'.
  [0m [90m 187 |[39m   status[33m:[39m [33mUserStatus[39m[33m;[39m
   [90m 188 |[39m
  [31m[1m>[22m[39m[90m 189 |[39m   [33m@[39m[33mApiProperty[39m({
   [90m     |[39m    [31m[1m^[22m[39m[31m[1m^[22m[39m[31m[1m^[22m[39m[31m[1m^[22m[39m[31m[1m^[22m[39m[31m[1m^[22m[39m[31m[1m^[22m[39m[31m[1m^[22m[39m[31m[1m^[22m[39m[31m[1m^[22m[39m[31m[1m^[22m[39m
   [90m 190 |[39m     description[33m:[39m [32m'Account verification status'[39m[33m,[39m
   [90m 191 |[39m     example[33m:[39m [36mtrue[39m[33m,[39m
   [90m 192 |[39m   })[0m

[1m[31mERROR[39m[22m in [1m./src/modules/users/dto/user-search.dto.ts:195:4[39m[22m
TS2304: Cannot find name 'ApiProperty'.
  [0m [90m 193 |[39m   isVerified[33m:[39m boolean[33m;[39m
   [90m 194 |[39m
  [31m[1m>[22m[39m[90m 195 |[39m   [33m@[39m[33mApiProperty[39m({
   [90m     |[39m    [31m[1m^[22m[39m[31m[1m^[22m[39m[31m[1m^[22m[39m[31m[1m^[22m[39m[31m[1m^[22m[39m[31m[1m^[22m[39m[31m[1m^[22m[39m[31m[1m^[22m[39m[31m[1m^[22m[39m[31m[1m^[22m[39m[31m[1m^[22m[39m
   [90m 196 |[39m     description[33m:[39m [32m'Country code'[39m[33m,[39m
   [90m 197 |[39m     example[33m:[39m [32m'US'[39m[33m,[39m
   [90m 198 |[39m   })[0m

[1m[31mERROR[39m[22m in [1m./src/modules/users/dto/user-search.dto.ts:201:4[39m[22m
TS2304: Cannot find name 'ApiProperty'.
  [0m [90m 199 |[39m   country[33m?[39m[33m:[39m string[33m;[39m
   [90m 200 |[39m
  [31m[1m>[22m[39m[90m 201 |[39m   [33m@[39m[33mApiProperty[39m({
   [90m     |[39m    [31m[1m^[22m[39m[31m[1m^[22m[39m[31m[1m^[22m[39m[31m[1m^[22m[39m[31m[1m^[22m[39m[31m[1m^[22m[39m[31m[1m^[22m[39m[31m[1m^[22m[39m[31m[1m^[22m[39m[31m[1m^[22m[39m[31m[1m^[22m[39m
   [90m 202 |[39m     description[33m:[39m [32m'Preferred language'[39m[33m,[39m
   [90m 203 |[39m     example[33m:[39m [32m'en'[39m[33m,[39m
   [90m 204 |[39m   })[0m

[1m[31mERROR[39m[22m in [1m./src/modules/users/dto/user-search.dto.ts:207:4[39m[22m
TS2304: Cannot find name 'ApiProperty'.
  [0m [90m 205 |[39m   preferredLanguage[33m?[39m[33m:[39m string[33m;[39m
   [90m 206 |[39m
  [31m[1m>[22m[39m[90m 207 |[39m   [33m@[39m[33mApiProperty[39m({
   [90m     |[39m    [31m[1m^[22m[39m[31m[1m^[22m[39m[31m[1m^[22m[39m[31m[1m^[22m[39m[31m[1m^[22m[39m[31m[1m^[22m[39m[31m[1m^[22m[39m[31m[1m^[22m[39m[31m[1m^[22m[39m[31m[1m^[22m[39m[31m[1m^[22m[39m
   [90m 208 |[39m     description[33m:[39m [32m'Last active timestamp'[39m[33m,[39m
   [90m 209 |[39m     example[33m:[39m [32m'2024-01-01T12:00:00.000Z'[39m[33m,[39m
   [90m 210 |[39m   })[0m

[1m[31mERROR[39m[22m in [1m./src/modules/users/dto/user-search.dto.ts:213:4[39m[22m
TS2304: Cannot find name 'ApiProperty'.
  [0m [90m 211 |[39m   lastActiveAt[33m?[39m[33m:[39m [33mDate[39m[33m;[39m
   [90m 212 |[39m
  [31m[1m>[22m[39m[90m 213 |[39m   [33m@[39m[33mApiProperty[39m({
   [90m     |[39m    [31m[1m^[22m[39m[31m[1m^[22m[39m[31m[1m^[22m[39m[31m[1m^[22m[39m[31m[1m^[22m[39m[31m[1m^[22m[39m[31m[1m^[22m[39m[31m[1m^[22m[39m[31m[1m^[22m[39m[31m[1m^[22m[39m[31m[1m^[22m[39m
   [90m 214 |[39m     description[33m:[39m [32m'Account creation timestamp'[39m[33m,[39m
   [90m 215 |[39m     example[33m:[39m [32m'2024-01-01T00:00:00.000Z'[39m[33m,[39m
   [90m 216 |[39m   })[0m

[1m[31mERROR[39m[22m in [1m./src/modules/users/dto/user-search.dto.ts:219:4[39m[22m
TS2304: Cannot find name 'ApiProperty'.
  [0m [90m 217 |[39m   createdAt[33m:[39m [33mDate[39m[33m;[39m
   [90m 218 |[39m
  [31m[1m>[22m[39m[90m 219 |[39m   [33m@[39m[33mApiProperty[39m({
   [90m     |[39m    [31m[1m^[22m[39m[31m[1m^[22m[39m[31m[1m^[22m[39m[31m[1m^[22m[39m[31m[1m^[22m[39m[31m[1m^[22m[39m[31m[1m^[22m[39m[31m[1m^[22m[39m[31m[1m^[22m[39m[31m[1m^[22m[39m[31m[1m^[22m[39m
   [90m 220 |[39m     description[33m:[39m [32m'Profile last update timestamp'[39m[33m,[39m
   [90m 221 |[39m     example[33m:[39m [32m'2024-01-01T12:00:00.000Z'[39m[33m,[39m
   [90m 222 |[39m   })[0m

[1m[31mERROR[39m[22m in [1m./src/modules/users/dto/user-search.dto.ts:227:4[39m[22m
TS2304: Cannot find name 'ApiProperty'.
  [0m [90m 225 |[39m
   [90m 226 |[39m [36mexport[39m [36mclass[39m [33mUserSearchResponseDto[39m {
  [31m[1m>[22m[39m[90m 227 |[39m   [33m@[39m[33mApiProperty[39m({
   [90m     |[39m    [31m[1m^[22m[39m[31m[1m^[22m[39m[31m[1m^[22m[39m[31m[1m^[22m[39m[31m[1m^[22m[39m[31m[1m^[22m[39m[31m[1m^[22m[39m[31m[1m^[22m[39m[31m[1m^[22m[39m[31m[1m^[22m[39m[31m[1m^[22m[39m
   [90m 228 |[39m     description[33m:[39m [32m'Search results'[39m[33m,[39m
   [90m 229 |[39m     type[33m:[39m [[33mUserSearchResultDto[39m][33m,[39m
   [90m 230 |[39m   })[0m

[1m[31mERROR[39m[22m in [1m./src/modules/users/dto/user-search.dto.ts:233:4[39m[22m
TS2304: Cannot find name 'ApiProperty'.
  [0m [90m 231 |[39m   results[33m:[39m [33mUserSearchResultDto[39m[][33m;[39m
   [90m 232 |[39m
  [31m[1m>[22m[39m[90m 233 |[39m   [33m@[39m[33mApiProperty[39m({
   [90m     |[39m    [31m[1m^[22m[39m[31m[1m^[22m[39m[31m[1m^[22m[39m[31m[1m^[22m[39m[31m[1m^[22m[39m[31m[1m^[22m[39m[31m[1m^[22m[39m[31m[1m^[22m[39m[31m[1m^[22m[39m[31m[1m^[22m[39m[31m[1m^[22m[39m
   [90m 234 |[39m     description[33m:[39m [32m'Total number of results'[39m[33m,[39m
   [90m 235 |[39m     example[33m:[39m [35m150[39m[33m,[39m
   [90m 236 |[39m   })[0m

[1m[31mERROR[39m[22m in [1m./src/modules/users/dto/user-search.dto.ts:239:4[39m[22m
TS2304: Cannot find name 'ApiProperty'.
  [0m [90m 237 |[39m   total[33m:[39m number[33m;[39m
   [90m 238 |[39m
  [31m[1m>[22m[39m[90m 239 |[39m   [33m@[39m[33mApiProperty[39m({
   [90m     |[39m    [31m[1m^[22m[39m[31m[1m^[22m[39m[31m[1m^[22m[39m[31m[1m^[22m[39m[31m[1m^[22m[39m[31m[1m^[22m[39m[31m[1m^[22m[39m[31m[1m^[22m[39m[31m[1m^[22m[39m[31m[1m^[22m[39m[31m[1m^[22m[39m
   [90m 240 |[39m     description[33m:[39m [32m'Current page number'[39m[33m,[39m
   [90m 241 |[39m     example[33m:[39m [35m1[39m[33m,[39m
   [90m 242 |[39m   })[0m

[1m[31mERROR[39m[22m in [1m./src/modules/users/dto/user-search.dto.ts:245:4[39m[22m
TS2304: Cannot find name 'ApiProperty'.
  [0m [90m 243 |[39m   page[33m:[39m number[33m;[39m
   [90m 244 |[39m
  [31m[1m>[22m[39m[90m 245 |[39m   [33m@[39m[33mApiProperty[39m({
   [90m     |[39m    [31m[1m^[22m[39m[31m[1m^[22m[39m[31m[1m^[22m[39m[31m[1m^[22m[39m[31m[1m^[22m[39m[31m[1m^[22m[39m[31m[1m^[22m[39m[31m[1m^[22m[39m[31m[1m^[22m[39m[31m[1m^[22m[39m[31m[1m^[22m[39m
   [90m 246 |[39m     description[33m:[39m [32m'Number of results per page'[39m[33m,[39m
   [90m 247 |[39m     example[33m:[39m [35m20[39m[33m,[39m
   [90m 248 |[39m   })[0m

[1m[31mERROR[39m[22m in [1m./src/modules/users/dto/user-search.dto.ts:251:4[39m[22m
TS2304: Cannot find name 'ApiProperty'.
  [0m [90m 249 |[39m   limit[33m:[39m number[33m;[39m
   [90m 250 |[39m
  [31m[1m>[22m[39m[90m 251 |[39m   [33m@[39m[33mApiProperty[39m({
   [90m     |[39m    [31m[1m^[22m[39m[31m[1m^[22m[39m[31m[1m^[22m[39m[31m[1m^[22m[39m[31m[1m^[22m[39m[31m[1m^[22m[39m[31m[1m^[22m[39m[31m[1m^[22m[39m[31m[1m^[22m[39m[31m[1m^[22m[39m[31m[1m^[22m[39m
   [90m 252 |[39m     description[33m:[39m [32m'Total number of pages'[39m[33m,[39m
   [90m 253 |[39m     example[33m:[39m [35m8[39m[33m,[39m
   [90m 254 |[39m   })[0m

[1m[31mERROR[39m[22m in [1m./src/modules/users/dto/user-search.dto.ts:257:4[39m[22m
TS2304: Cannot find name 'ApiProperty'.
  [0m [90m 255 |[39m   totalPages[33m:[39m number[33m;[39m
   [90m 256 |[39m
  [31m[1m>[22m[39m[90m 257 |[39m   [33m@[39m[33mApiProperty[39m({
   [90m     |[39m    [31m[1m^[22m[39m[31m[1m^[22m[39m[31m[1m^[22m[39m[31m[1m^[22m[39m[31m[1m^[22m[39m[31m[1m^[22m[39m[31m[1m^[22m[39m[31m[1m^[22m[39m[31m[1m^[22m[39m[31m[1m^[22m[39m[31m[1m^[22m[39m
   [90m 258 |[39m     description[33m:[39m [32m'Search query used'[39m[33m,[39m
   [90m 259 |[39m     example[33m:[39m [32m'john doe'[39m[33m,[39m
   [90m 260 |[39m   })[0m

[1m[31mERROR[39m[22m in [1m./src/modules/users/dto/user-search.dto.ts:263:4[39m[22m
TS2304: Cannot find name 'ApiProperty'.
  [0m [90m 261 |[39m   query[33m?[39m[33m:[39m string[33m;[39m
   [90m 262 |[39m
  [31m[1m>[22m[39m[90m 263 |[39m   [33m@[39m[33mApiProperty[39m({
   [90m     |[39m    [31m[1m^[22m[39m[31m[1m^[22m[39m[31m[1m^[22m[39m[31m[1m^[22m[39m[31m[1m^[22m[39m[31m[1m^[22m[39m[31m[1m^[22m[39m[31m[1m^[22m[39m[31m[1m^[22m[39m[31m[1m^[22m[39m[31m[1m^[22m[39m
   [90m 264 |[39m     description[33m:[39m [32m'Search execution time in milliseconds'[39m[33m,[39m
   [90m 265 |[39m     example[33m:[39m [35m45[39m[33m,[39m
   [90m 266 |[39m   })[0m

[1m[31mERROR[39m[22m in [1m./src/modules/users/dto/user-search.dto.ts:269:4[39m[22m
TS2304: Cannot find name 'ApiProperty'.
  [0m [90m 267 |[39m   executionTimeMs[33m:[39m number[33m;[39m
   [90m 268 |[39m
  [31m[1m>[22m[39m[90m 269 |[39m   [33m@[39m[33mApiProperty[39m({
   [90m     |[39m    [31m[1m^[22m[39m[31m[1m^[22m[39m[31m[1m^[22m[39m[31m[1m^[22m[39m[31m[1m^[22m[39m[31m[1m^[22m[39m[31m[1m^[22m[39m[31m[1m^[22m[39m[31m[1m^[22m[39m[31m[1m^[22m[39m[31m[1m^[22m[39m
   [90m 270 |[39m     description[33m:[39m [32m'Whether fuzzy matching was used'[39m[33m,[39m
   [90m 271 |[39m     example[33m:[39m [36mtrue[39m[33m,[39m
   [90m 272 |[39m   })[0m

[1m[31mERROR[39m[22m in [1m./src/modules/users/dto/user-status-change.dto.ts:3:28[39m[22m
TS2307: Cannot find module '../../auth/enums/user-status.enum' or its corresponding type declarations.
  [0m [90m 1 |[39m [36mimport[39m { [33mIsEnum[39m[33m,[39m [33mIsString[39m[33m,[39m [33mIsOptional[39m[33m,[39m [33mMaxLength[39m } [36mfrom[39m [32m'class-validator'[39m[33m;[39m
   [90m 2 |[39m [36mimport[39m { [33mApiProperty[39m[33m,[39m [33mApiPropertyOptional[39m } [36mfrom[39m [32m'@nestjs/swagger'[39m[33m;[39m
  [31m[1m>[22m[39m[90m 3 |[39m [36mimport[39m { [33mUserStatus[39m } [36mfrom[39m [32m'../../auth/enums/user-status.enum'[39m[33m;[39m
   [90m   |[39m                            [31m[1m^[22m[39m[31m[1m^[22m[39m[31m[1m^[22m[39m[31m[1m^[22m[39m[31m[1m^[22m[39m[31m[1m^[22m[39m[31m[1m^[22m[39m[31m[1m^[22m[39m[31m[1m^[22m[39m[31m[1m^[22m[39m[31m[1m^[22m[39m[31m[1m^[22m[39m[31m[1m^[22m[39m[31m[1m^[22m[39m[31m[1m^[22m[39m[31m[1m^[22m[39m[31m[1m^[22m[39m[31m[1m^[22m[39m[31m[1m^[22m[39m[31m[1m^[22m[39m[31m[1m^[22m[39m[31m[1m^[22m[39m[31m[1m^[22m[39m[31m[1m^[22m[39m[31m[1m^[22m[39m[31m[1m^[22m[39m[31m[1m^[22m[39m[31m[1m^[22m[39m[31m[1m^[22m[39m[31m[1m^[22m[39m[31m[1m^[22m[39m[31m[1m^[22m[39m[31m[1m^[22m[39m[31m[1m^[22m[39m[31m[1m^[22m[39m
   [90m 4 |[39m
   [90m 5 |[39m [36mexport[39m [36mclass[39m [33mUserStatusChangeDto[39m {
   [90m 6 |[39m   [33m@[39m[33mApiProperty[39m({[0m

[1m[31mERROR[39m[22m in [1m./src/modules/users/services/activity-tracker.service.ts:7:11[39m[22m
TS2430: Interface 'AuthenticatedRequest' incorrectly extends interface 'Request<ParamsDictionary, any, any, ParsedQs, Record<string, any>>'.
  The types returned by 'get(...)' are incompatible between these types.
    Type 'string | undefined' is not assignable to type 'string[] | undefined'.
      Type 'string' is not assignable to type 'string[]'.
  [0m [90m  5 |[39m [36mimport[39m { [33mRequest[39m } [36mfrom[39m [32m'express'[39m[33m;[39m
   [90m  6 |[39m
  [31m[1m>[22m[39m[90m  7 |[39m [36minterface[39m [33mAuthenticatedRequest[39m [36mextends[39m [33mRequest[39m {
   [90m    |[39m           [31m[1m^[22m[39m[31m[1m^[22m[39m[31m[1m^[22m[39m[31m[1m^[22m[39m[31m[1m^[22m[39m[31m[1m^[22m[39m[31m[1m^[22m[39m[31m[1m^[22m[39m[31m[1m^[22m[39m[31m[1m^[22m[39m[31m[1m^[22m[39m[31m[1m^[22m[39m[31m[1m^[22m[39m[31m[1m^[22m[39m[31m[1m^[22m[39m[31m[1m^[22m[39m[31m[1m^[22m[39m[31m[1m^[22m[39m[31m[1m^[22m[39m[31m[1m^[22m[39m
   [90m  8 |[39m   user[33m:[39m { userId[33m:[39m string[33m;[39m role[33m?[39m[33m:[39m string }[33m;[39m
   [90m  9 |[39m   [36mget[39m(header[33m:[39m string)[33m:[39m string [33m|[39m undefined[33m;[39m
   [90m 10 |[39m   headers[33m:[39m [33mRecord[39m[33m<[39m[33mstring[39m[33m,[39m string [33m|[39m string[] [33m|[39m undefined[33m>[39m[33m;[39m[0m

[1m[31mERROR[39m[22m in [1m./src/modules/users/services/avatar.service.ts:38:31[39m[22m
TS2339: Property 'avatarUrl' does not exist on type 'User'.
  [0m [90m 36 |[39m     }
   [90m 37 |[39m
  [31m[1m>[22m[39m[90m 38 |[39m     [36mconst[39m oldAvatarUrl [33m=[39m user[33m.[39mavatarUrl[33m;[39m
   [90m    |[39m                               [31m[1m^[22m[39m[31m[1m^[22m[39m[31m[1m^[22m[39m[31m[1m^[22m[39m[31m[1m^[22m[39m[31m[1m^[22m[39m[31m[1m^[22m[39m[31m[1m^[22m[39m[31m[1m^[22m[39m
   [90m 39 |[39m
   [90m 40 |[39m     [36mconst[39m uploadResult [33m=[39m [36mawait[39m [36mthis[39m[33m.[39mstorageService[33m.[39msaveFile(
   [90m 41 |[39m       resizedImage[33m,[39m[0m

[1m[31mERROR[39m[22m in [1m./src/modules/users/services/avatar.service.ts:48:7[39m[22m
TS2353: Object literal may only specify known properties, and 'avatarUrl' does not exist in type '_QueryDeepPartialEntity<User>'.
  [0m [90m 46 |[39m
   [90m 47 |[39m     [36mawait[39m [36mthis[39m[33m.[39muserRepository[33m.[39mupdate(userId[33m,[39m {
  [31m[1m>[22m[39m[90m 48 |[39m       avatarUrl[33m:[39m uploadResult[33m.[39murl[33m,[39m
   [90m    |[39m       [31m[1m^[22m[39m[31m[1m^[22m[39m[31m[1m^[22m[39m[31m[1m^[22m[39m[31m[1m^[22m[39m[31m[1m^[22m[39m[31m[1m^[22m[39m[31m[1m^[22m[39m[31m[1m^[22m[39m
   [90m 49 |[39m     })[33m;[39m
   [90m 50 |[39m
   [90m 51 |[39m     [36mif[39m (oldAvatarUrl) {[0m

[1m[31mERROR[39m[22m in [1m./src/modules/users/services/avatar.service.ts:69:14[39m[22m
TS2339: Property 'avatarUrl' does not exist on type 'User'.
  [0m [90m 67 |[39m     }
   [90m 68 |[39m
  [31m[1m>[22m[39m[90m 69 |[39m     [36mif[39m (user[33m.[39mavatarUrl) {
   [90m    |[39m              [31m[1m^[22m[39m[31m[1m^[22m[39m[31m[1m^[22m[39m[31m[1m^[22m[39m[31m[1m^[22m[39m[31m[1m^[22m[39m[31m[1m^[22m[39m[31m[1m^[22m[39m[31m[1m^[22m[39m
   [90m 70 |[39m       [36mawait[39m [36mthis[39m[33m.[39mstorageService[33m.[39mdeleteFileByUrl(user[33m.[39mavatarUrl)[33m;[39m
   [90m 71 |[39m       [36mawait[39m [36mthis[39m[33m.[39muserRepository[33m.[39mupdate(userId[33m,[39m {
   [90m 72 |[39m         avatarUrl[33m:[39m [36mnull[39m[33m,[39m[0m

[1m[31mERROR[39m[22m in [1m./src/modules/users/services/avatar.service.ts:70:54[39m[22m
TS2339: Property 'avatarUrl' does not exist on type 'User'.
  [0m [90m 68 |[39m
   [90m 69 |[39m     [36mif[39m (user[33m.[39mavatarUrl) {
  [31m[1m>[22m[39m[90m 70 |[39m       [36mawait[39m [36mthis[39m[33m.[39mstorageService[33m.[39mdeleteFileByUrl(user[33m.[39mavatarUrl)[33m;[39m
   [90m    |[39m                                                      [31m[1m^[22m[39m[31m[1m^[22m[39m[31m[1m^[22m[39m[31m[1m^[22m[39m[31m[1m^[22m[39m[31m[1m^[22m[39m[31m[1m^[22m[39m[31m[1m^[22m[39m[31m[1m^[22m[39m
   [90m 71 |[39m       [36mawait[39m [36mthis[39m[33m.[39muserRepository[33m.[39mupdate(userId[33m,[39m {
   [90m 72 |[39m         avatarUrl[33m:[39m [36mnull[39m[33m,[39m
   [90m 73 |[39m       })[33m;[39m[0m

[1m[31mERROR[39m[22m in [1m./src/modules/users/services/avatar.service.ts:72:9[39m[22m
TS2353: Object literal may only specify known properties, and 'avatarUrl' does not exist in type '_QueryDeepPartialEntity<User>'.
  [0m [90m 70 |[39m       [36mawait[39m [36mthis[39m[33m.[39mstorageService[33m.[39mdeleteFileByUrl(user[33m.[39mavatarUrl)[33m;[39m
   [90m 71 |[39m       [36mawait[39m [36mthis[39m[33m.[39muserRepository[33m.[39mupdate(userId[33m,[39m {
  [31m[1m>[22m[39m[90m 72 |[39m         avatarUrl[33m:[39m [36mnull[39m[33m,[39m
   [90m    |[39m         [31m[1m^[22m[39m[31m[1m^[22m[39m[31m[1m^[22m[39m[31m[1m^[22m[39m[31m[1m^[22m[39m[31m[1m^[22m[39m[31m[1m^[22m[39m[31m[1m^[22m[39m[31m[1m^[22m[39m
   [90m 73 |[39m       })[33m;[39m
   [90m 74 |[39m
   [90m 75 |[39m       [36mawait[39m [36mthis[39m[33m.[39mactivityTracker[33m.[39mtrackAvatarUpdated(userId[33m,[39m [32m''[39m[33m,[39m request)[33m;[39m[0m

[1m[31mERROR[39m[22m in [1m./src/modules/users/services/avatar.service.ts:81:18[39m[22m
TS2339: Property 'avatarUrl' does not exist on type 'User'.
  [0m [90m 79 |[39m   [36masync[39m getAvatarUrl(userId[33m:[39m string)[33m:[39m [33mPromise[39m[33m<[39m[33mstring[39m [33m|[39m [36mnull[39m[33m>[39m {
   [90m 80 |[39m     [36mconst[39m user [33m=[39m [36mawait[39m [36mthis[39m[33m.[39muserRepository[33m.[39mfindOne({ where[33m:[39m { id[33m:[39m userId } })[33m;[39m
  [31m[1m>[22m[39m[90m 81 |[39m     [36mreturn[39m user[33m?[39m[33m.[39mavatarUrl [33m||[39m [36mnull[39m[33m;[39m
   [90m    |[39m                  [31m[1m^[22m[39m[31m[1m^[22m[39m[31m[1m^[22m[39m[31m[1m^[22m[39m[31m[1m^[22m[39m[31m[1m^[22m[39m[31m[1m^[22m[39m[31m[1m^[22m[39m[31m[1m^[22m[39m
   [90m 82 |[39m   }
   [90m 83 |[39m
   [90m 84 |[39m   [36mprivate[39m validateFile(file[33m:[39m [33mBuffer[39m[33m,[39m mimetype[33m:[39m string)[33m:[39m [36mvoid[39m {[0m

[1m[31mERROR[39m[22m in [1m./src/modules/users/services/preferences.service.ts:4:58[39m[22m
TS2307: Cannot find module '../../database/entities/user-preferences.entity' or its corresponding type declarations.
  [0m [90m 2 |[39m [36mimport[39m { [33mInjectRepository[39m } [36mfrom[39m [32m'@nestjs/typeorm'[39m[33m;[39m
   [90m 3 |[39m [36mimport[39m { [33mRepository[39m } [36mfrom[39m [32m'typeorm'[39m[33m;[39m
  [31m[1m>[22m[39m[90m 4 |[39m [36mimport[39m { [33mUserPreferences[39m[33m,[39m [33mTheme[39m[33m,[39m [33mNotificationType[39m } [36mfrom[39m [32m'../../database/entities/user-preferences.entity'[39m[33m;[39m
   [90m   |[39m                                                          [31m[1m^[22m[39m[31m[1m^[22m[39m[31m[1m^[22m[39m[31m[1m^[22m[39m[31m[1m^[22m[39m[31m[1m^[22m[39m[31m[1m^[22m[39m[31m[1m^[22m[39m[31m[1m^[22m[39m[31m[1m^[22m[39m[31m[1m^[22m[39m[31m[1m^[22m[39m[31m[1m^[22m[39m[31m[1m^[22m[39m[31m[1m^[22m[39m[31m[1m^[22m[39m[31m[1m^[22m[39m[31m[1m^[22m[39m[31m[1m^[22m[39m[31m[1m^[22m[39m[31m[1m^[22m[39m[31m[1m^[22m[39m[31m[1m^[22m[39m[31m[1m^[22m[39m[31m[1m^[22m[39m[31m[1m^[22m[39m[31m[1m^[22m[39m[31m[1m^[22m[39m[31m[1m^[22m[39m[31m[1m^[22m[39m[31m[1m^[22m[39m[31m[1m^[22m[39m[31m[1m^[22m[39m[31m[1m^[22m[39m[31m[1m^[22m[39m[31m[1m^[22m[39m[31m[1m^[22m[39m[31m[1m^[22m[39m[31m[1m^[22m[39m[31m[1m^[22m[39m[31m[1m^[22m[39m[31m[1m^[22m[39m[31m[1m^[22m[39m[31m[1m^[22m[39m[31m[1m^[22m[39m[31m[1m^[22m[39m[31m[1m^[22m[39m[31m[1m^[22m[39m[31m[1m^[22m[39m
   [90m 5 |[39m [36mimport[39m { [33mUser[39m } [36mfrom[39m [32m'../../database/entities/user.entity'[39m[33m;[39m
   [90m 6 |[39m
   [90m 7 |[39m [36mexport[39m [36minterface[39m [33mUpdatePreferencesDto[39m {[0m

[1m[31mERROR[39m[22m in [1m./src/modules/users/services/preferences.service.ts:5:22[39m[22m
TS2307: Cannot find module '../../database/entities/user.entity' or its corresponding type declarations.
  [0m [90m 3 |[39m [36mimport[39m { [33mRepository[39m } [36mfrom[39m [32m'typeorm'[39m[33m;[39m
   [90m 4 |[39m [36mimport[39m { [33mUserPreferences[39m[33m,[39m [33mTheme[39m[33m,[39m [33mNotificationType[39m } [36mfrom[39m [32m'../../database/entities/user-preferences.entity'[39m[33m;[39m
  [31m[1m>[22m[39m[90m 5 |[39m [36mimport[39m { [33mUser[39m } [36mfrom[39m [32m'../../database/entities/user.entity'[39m[33m;[39m
   [90m   |[39m                      [31m[1m^[22m[39m[31m[1m^[22m[39m[31m[1m^[22m[39m[31m[1m^[22m[39m[31m[1m^[22m[39m[31m[1m^[22m[39m[31m[1m^[22m[39m[31m[1m^[22m[39m[31m[1m^[22m[39m[31m[1m^[22m[39m[31m[1m^[22m[39m[31m[1m^[22m[39m[31m[1m^[22m[39m[31m[1m^[22m[39m[31m[1m^[22m[39m[31m[1m^[22m[39m[31m[1m^[22m[39m[31m[1m^[22m[39m[31m[1m^[22m[39m[31m[1m^[22m[39m[31m[1m^[22m[39m[31m[1m^[22m[39m[31m[1m^[22m[39m[31m[1m^[22m[39m[31m[1m^[22m[39m[31m[1m^[22m[39m[31m[1m^[22m[39m[31m[1m^[22m[39m[31m[1m^[22m[39m[31m[1m^[22m[39m[31m[1m^[22m[39m[31m[1m^[22m[39m[31m[1m^[22m[39m[31m[1m^[22m[39m[31m[1m^[22m[39m[31m[1m^[22m[39m[31m[1m^[22m[39m
   [90m 6 |[39m
   [90m 7 |[39m [36mexport[39m [36minterface[39m [33mUpdatePreferencesDto[39m {
   [90m 8 |[39m   theme[33m?[39m[33m:[39m [33mTheme[39m[33m;[39m[0m

[1m[31mERROR[39m[22m in [1m./src/modules/users/services/user-search.service.ts:384:7[39m[22m
TS2322: Type 'string | null' is not assignable to type 'string | undefined'.
  Type 'null' is not assignable to type 'string | undefined'.
  [0m [90m 382 |[39m       fullName[33m:[39m user[33m.[39mfullName[33m,[39m
   [90m 383 |[39m       phoneNumber[33m:[39m user[33m.[39mphoneNumber[33m,[39m
  [31m[1m>[22m[39m[90m 384 |[39m       avatar[33m:[39m user[33m.[39mwalletAddress[33m,[39m [90m// Assuming avatar is stored in walletAddress[39m
   [90m     |[39m       [31m[1m^[22m[39m[31m[1m^[22m[39m[31m[1m^[22m[39m[31m[1m^[22m[39m[31m[1m^[22m[39m[31m[1m^[22m[39m
   [90m 385 |[39m       role[33m:[39m user[33m.[39mrole[33m,[39m
   [90m 386 |[39m       status[33m:[39m user[33m.[39mstatus[33m,[39m
   [90m 387 |[39m       isVerified[33m:[39m user[33m.[39misVerified[33m,[39m[0m

[1m[31mERROR[39m[22m in [1m./src/modules/users/services/user-search.service.ts:390:7[39m[22m
TS2322: Type 'Date | null' is not assignable to type 'Date | undefined'.
  Type 'null' is not assignable to type 'Date | undefined'.
  [0m [90m 388 |[39m       country[33m:[39m user[33m.[39mcountry[33m,[39m
   [90m 389 |[39m       preferredLanguage[33m:[39m user[33m.[39mpreferredLanguage[33m,[39m
  [31m[1m>[22m[39m[90m 390 |[39m       lastActiveAt[33m:[39m user[33m.[39mlastActiveAt[33m,[39m
   [90m     |[39m       [31m[1m^[22m[39m[31m[1m^[22m[39m[31m[1m^[22m[39m[31m[1m^[22m[39m[31m[1m^[22m[39m[31m[1m^[22m[39m[31m[1m^[22m[39m[31m[1m^[22m[39m[31m[1m^[22m[39m[31m[1m^[22m[39m[31m[1m^[22m[39m[31m[1m^[22m[39m
   [90m 391 |[39m       createdAt[33m:[39m user[33m.[39mcreatedAt[33m,[39m
   [90m 392 |[39m       updatedAt[33m:[39m user[33m.[39mupdatedAt[33m,[39m
   [90m 393 |[39m     }[33m;[39m[0m

[1m[31mERROR[39m[22m in [1m./src/modules/users/users.module.ts:19:69[39m[22m
TS2304: Cannot find name 'UserActivity'.
  [0m [90m 17 |[39m   controllers[33m:[39m [[33mUsersController[39m[33m,[39m [33mSettingsController[39m][33m,[39m  
   [90m 18 |[39m   imports[33m:[39m [
  [31m[1m>[22m[39m[90m 19 |[39m     [33mTypeOrmModule[39m[33m.[39mforFeature([[33mUser[39m[33m,[39m [33mUserStatusLog[39m[33m,[39m [33mUserPreferences[39m[33m,[39m [33mUserActivity[39m])[33m,[39m
   [90m    |[39m                                                                     [31m[1m^[22m[39m[31m[1m^[22m[39m[31m[1m^[22m[39m[31m[1m^[22m[39m[31m[1m^[22m[39m[31m[1m^[22m[39m[31m[1m^[22m[39m[31m[1m^[22m[39m[31m[1m^[22m[39m[31m[1m^[22m[39m[31m[1m^[22m[39m[31m[1m^[22m[39m
   [90m 20 |[39m     [33mCacheModule[39m[33m.[39mregister({
   [90m 21 |[39m       ttl[33m:[39m [35m300[39m[33m,[39m [90m// 5 minutes default TTL[39m
   [90m 22 |[39m     })[33m,[39m[0m

[1m[31mERROR[39m[22m in [1m./src/modules/users/users.module.ts:25:72[39m[22m
TS2304: Cannot find name 'ActivityTrackerService'.
  [0m [90m 23 |[39m     [33mQueueModule[39m[33m,[39m
   [90m 24 |[39m   ][33m,[39m 
  [31m[1m>[22m[39m[90m 25 |[39m   exports[33m:[39m [[33mUsersService[39m[33m,[39m [33mUserSearchService[39m[33m,[39m [33mPhoneVerificationService[39m[33m,[39m [33mActivityTrackerService[39m[33m,[39m [33mAvatarService[39m][33m,[39m
   [90m    |[39m                                                                        [31m[1m^[22m[39m[31m[1m^[22m[39m[31m[1m^[22m[39m[31m[1m^[22m[39m[31m[1m^[22m[39m[31m[1m^[22m[39m[31m[1m^[22m[39m[31m[1m^[22m[39m[31m[1m^[22m[39m[31m[1m^[22m[39m[31m[1m^[22m[39m[31m[1m^[22m[39m[31m[1m^[22m[39m[31m[1m^[22m[39m[31m[1m^[22m[39m[31m[1m^[22m[39m[31m[1m^[22m[39m[31m[1m^[22m[39m[31m[1m^[22m[39m[31m[1m^[22m[39m[31m[1m^[22m[39m[31m[1m^[22m[39m
   [90m 26 |[39m   providers[33m:[39m [[33mUsersService[39m[33m,[39m [33mUserSearchService[39m[33m,[39m [33mPhoneVerificationService[39m[33m,[39m [33mSmsService[39m[33m,[39m [33mActivityTrackerService[39m[33m,[39m [33mAvatarService[39m[33m,[39m [33mStorageService[39m][33m,[39m
   [90m 27 |[39m })
   [90m 28 |[39m [36mexport[39m [36mclass[39m [33mUsersModule[39m { }[0m

[1m[31mERROR[39m[22m in [1m./src/modules/users/users.module.ts:25:96[39m[22m
TS2304: Cannot find name 'AvatarService'.
  [0m [90m 23 |[39m     [33mQueueModule[39m[33m,[39m
   [90m 24 |[39m   ][33m,[39m 
  [31m[1m>[22m[39m[90m 25 |[39m   exports[33m:[39m [[33mUsersService[39m[33m,[39m [33mUserSearchService[39m[33m,[39m [33mPhoneVerificationService[39m[33m,[39m [33mActivityTrackerService[39m[33m,[39m [33mAvatarService[39m][33m,[39m
   [90m    |[39m                                                                                                [31m[1m^[22m[39m[31m[1m^[22m[39m[31m[1m^[22m[39m[31m[1m^[22m[39m[31m[1m^[22m[39m[31m[1m^[22m[39m[31m[1m^[22m[39m[31m[1m^[22m[39m[31m[1m^[22m[39m[31m[1m^[22m[39m[31m[1m^[22m[39m[31m[1m^[22m[39m[31m[1m^[22m[39m
   [90m 26 |[39m   providers[33m:[39m [[33mUsersService[39m[33m,[39m [33mUserSearchService[39m[33m,[39m [33mPhoneVerificationService[39m[33m,[39m [33mSmsService[39m[33m,[39m [33mActivityTrackerService[39m[33m,[39m [33mAvatarService[39m[33m,[39m [33mStorageService[39m][33m,[39m
   [90m 27 |[39m })
   [90m 28 |[39m [36mexport[39m [36mclass[39m [33mUsersModule[39m { }[0m

[1m[31mERROR[39m[22m in [1m./src/modules/users/users.module.ts:26:86[39m[22m
TS2304: Cannot find name 'ActivityTrackerService'.
  [0m [90m 24 |[39m   ][33m,[39m 
   [90m 25 |[39m   exports[33m:[39m [[33mUsersService[39m[33m,[39m [33mUserSearchService[39m[33m,[39m [33mPhoneVerificationService[39m[33m,[39m [33mActivityTrackerService[39m[33m,[39m [33mAvatarService[39m][33m,[39m
  [31m[1m>[22m[39m[90m 26 |[39m   providers[33m:[39m [[33mUsersService[39m[33m,[39m [33mUserSearchService[39m[33m,[39m [33mPhoneVerificationService[39m[33m,[39m [33mSmsService[39m[33m,[39m [33mActivityTrackerService[39m[33m,[39m [33mAvatarService[39m[33m,[39m [33mStorageService[39m][33m,[39m
   [90m    |[39m                                                                                      [31m[1m^[22m[39m[31m[1m^[22m[39m[31m[1m^[22m[39m[31m[1m^[22m[39m[31m[1m^[22m[39m[31m[1m^[22m[39m[31m[1m^[22m[39m[31m[1m^[22m[39m[31m[1m^[22m[39m[31m[1m^[22m[39m[31m[1m^[22m[39m[31m[1m^[22m[39m[31m[1m^[22m[39m[31m[1m^[22m[39m[31m[1m^[22m[39m[31m[1m^[22m[39m[31m[1m^[22m[39m[31m[1m^[22m[39m[31m[1m^[22m[39m[31m[1m^[22m[39m[31m[1m^[22m[39m[31m[1m^[22m[39m
   [90m 27 |[39m })
   [90m 28 |[39m [36mexport[39m [36mclass[39m [33mUsersModule[39m { }
   [90m 29 |[39m[0m

[1m[31mERROR[39m[22m in [1m./src/modules/users/users.module.ts:26:110[39m[22m
TS2304: Cannot find name 'AvatarService'.
  [0m [90m 24 |[39m   ][33m,[39m 
   [90m 25 |[39m   exports[33m:[39m [[33mUsersService[39m[33m,[39m [33mUserSearchService[39m[33m,[39m [33mPhoneVerificationService[39m[33m,[39m [33mActivityTrackerService[39m[33m,[39m [33mAvatarService[39m][33m,[39m
  [31m[1m>[22m[39m[90m 26 |[39m   providers[33m:[39m [[33mUsersService[39m[33m,[39m [33mUserSearchService[39m[33m,[39m [33mPhoneVerificationService[39m[33m,[39m [33mSmsService[39m[33m,[39m [33mActivityTrackerService[39m[33m,[39m [33mAvatarService[39m[33m,[39m [33mStorageService[39m][33m,[39m
   [90m    |[39m                                                                                                              [31m[1m^[22m[39m[31m[1m^[22m[39m[31m[1m^[22m[39m[31m[1m^[22m[39m[31m[1m^[22m[39m[31m[1m^[22m[39m[31m[1m^[22m[39m[31m[1m^[22m[39m[31m[1m^[22m[39m[31m[1m^[22m[39m[31m[1m^[22m[39m[31m[1m^[22m[39m[31m[1m^[22m[39m
   [90m 27 |[39m })
   [90m 28 |[39m [36mexport[39m [36mclass[39m [33mUsersModule[39m { }
   [90m 29 |[39m[0m

[1m[31mERROR[39m[22m in [1m./src/modules/users/users.module.ts:26:125[39m[22m
TS2304: Cannot find name 'StorageService'.
  [0m [90m 24 |[39m   ][33m,[39m 
   [90m 25 |[39m   exports[33m:[39m [[33mUsersService[39m[33m,[39m [33mUserSearchService[39m[33m,[39m [33mPhoneVerificationService[39m[33m,[39m [33mActivityTrackerService[39m[33m,[39m [33mAvatarService[39m][33m,[39m
  [31m[1m>[22m[39m[90m 26 |[39m   providers[33m:[39m [[33mUsersService[39m[33m,[39m [33mUserSearchService[39m[33m,[39m [33mPhoneVerificationService[39m[33m,[39m [33mSmsService[39m[33m,[39m [33mActivityTrackerService[39m[33m,[39m [33mAvatarService[39m[33m,[39m [33mStorageService[39m][33m,[39m
   [90m    |[39m                                                                                                                             [31m[1m^[22m[39m[31m[1m^[22m[39m[31m[1m^[22m[39m[31m[1m^[22m[39m[31m[1m^[22m[39m[31m[1m^[22m[39m[31m[1m^[22m[39m[31m[1m^[22m[39m[31m[1m^[22m[39m[31m[1m^[22m[39m[31m[1m^[22m[39m[31m[1m^[22m[39m[31m[1m^[22m[39m[31m[1m^[22m[39m
   [90m 27 |[39m })
   [90m 28 |[39m [36mexport[39m [36mclass[39m [33mUsersModule[39m { }
   [90m 29 |[39m[0m

[1m[31mERROR[39m[22m in [1m./src/notifications/preferences/notification-preferences.service.ts:40:13[39m[22m
TS18046: 'error' is of type 'unknown'.
  [0m [90m 38 |[39m           [36mthis[39m[33m.[39mlogger[33m.[39merror(
   [90m 39 |[39m             [32m`Failed to create default preferences for user ${data.userId}:`[39m[33m,[39m
  [31m[1m>[22m[39m[90m 40 |[39m             error[33m.[39mmessage[33m,[39m
   [90m    |[39m             [31m[1m^[22m[39m[31m[1m^[22m[39m[31m[1m^[22m[39m[31m[1m^[22m[39m[31m[1m^[22m[39m
   [90m 41 |[39m           )[33m;[39m
   [90m 42 |[39m         }
   [90m 43 |[39m       }[33m,[39m[0m

[1m[31mERROR[39m[22m in [1m./src/notifications/preferences/notification-preferences.service.ts:120:7[39m[22m
TS2769: No overload matches this call.
  Overload 1 of 3, '(entityLikeArray: DeepPartial<NotificationPreference>[]): NotificationPreference[]', gave the following error.
    Object literal may only specify known properties, and 'userId' does not exist in type 'DeepPartial<NotificationPreference>[]'.
  [0m [90m 118 |[39m   )[33m:[39m [33mPromise[39m[33m<[39m[33mNotificationPreference[39m[33m>[39m {
   [90m 119 |[39m     [36mconst[39m defaultPreferences [33m=[39m [36mthis[39m[33m.[39mpreferencesRepository[33m.[39mcreate({
  [31m[1m>[22m[39m[90m 120 |[39m       userId[33m,[39m
   [90m     |[39m       [31m[1m^[22m[39m[31m[1m^[22m[39m[31m[1m^[22m[39m[31m[1m^[22m[39m[31m[1m^[22m[39m[31m[1m^[22m[39m
   [90m 121 |[39m       taskReminders[33m:[39m [36mtrue[39m[33m,[39m
   [90m 122 |[39m       rewardAlerts[33m:[39m [36mtrue[39m[33m,[39m
   [90m 123 |[39m       streakAlerts[33m:[39m [36mtrue[39m[33m,[39m[0m

[1m[31mERROR[39m[22m in [1m./src/notifications/preferences/notification-preferences.service.ts:129:5[39m[22m
TS2740: Type 'NotificationPreference[]' is missing the following properties from type 'NotificationPreference': id, userId, user, taskReminders, and 11 more.
  [0m [90m 127 |[39m     })[33m;[39m
   [90m 128 |[39m
  [31m[1m>[22m[39m[90m 129 |[39m     [36mreturn[39m [36mthis[39m[33m.[39mpreferencesRepository[33m.[39msave(defaultPreferences)[33m;[39m
   [90m     |[39m     [31m[1m^[22m[39m[31m[1m^[22m[39m[31m[1m^[22m[39m[31m[1m^[22m[39m[31m[1m^[22m[39m[31m[1m^[22m[39m
   [90m 130 |[39m   }
   [90m 131 |[39m
   [90m 132 |[39m   [90m/**[39m[0m

[1m[31mERROR[39m[22m in [1m./src/reports/report-export.service.ts:41:27[39m[22m
TS2345: Argument of type '(row: Record<string, unknown>) => void' is not assignable to parameter of type '(chunk: string | Buffer<ArrayBufferLike>) => void'.
  Types of parameters 'row' and 'chunk' are incompatible.
    Type 'string | Buffer<ArrayBufferLike>' is not assignable to type 'Record<string, unknown>'.
      Type 'string' is not assignable to type 'Record<string, unknown>'.
  [0m [90m 39 |[39m       [33m.[39mstream()
   [90m 40 |[39m       [33m.[39mthen((cursor) [33m=>[39m {
  [31m[1m>[22m[39m[90m 41 |[39m         cursor[33m.[39mon([32m'data'[39m[33m,[39m (row[33m:[39m [33mRecord[39m[33m<[39m[33mstring[39m[33m,[39m unknown[33m>[39m) [33m=>[39m {
   [90m    |[39m                           [31m[1m^[22m[39m[31m[1m^[22m[39m[31m[1m^[22m[39m[31m[1m^[22m[39m[31m[1m^[22m[39m[31m[1m^[22m[39m[31m[1m^[22m[39m[31m[1m^[22m[39m[31m[1m^[22m[39m[31m[1m^[22m[39m[31m[1m^[22m[39m[31m[1m^[22m[39m[31m[1m^[22m[39m[31m[1m^[22m[39m[31m[1m^[22m[39m[31m[1m^[22m[39m[31m[1m^[22m[39m[31m[1m^[22m[39m[31m[1m^[22m[39m[31m[1m^[22m[39m[31m[1m^[22m[39m[31m[1m^[22m[39m[31m[1m^[22m[39m[31m[1m^[22m[39m[31m[1m^[22m[39m[31m[1m^[22m[39m[31m[1m^[22m[39m[31m[1m^[22m[39m[31m[1m^[22m[39m[31m[1m^[22m[39m[31m[1m^[22m[39m[31m[1m^[22m[39m[31m[1m^[22m[39m[31m[1m^[22m[39m[31m[1m^[22m[39m
   [90m 42 |[39m           [36mconst[39m line [33m=[39m [
   [90m 43 |[39m             row[[32m'rt_id'[39m] [33m?[39m[33m?[39m [32m''[39m[33m,[39m
   [90m 44 |[39m             row[[32m'rt_userId'[39m] [33m?[39m[33m?[39m [32m''[39m[33m,[39m[0m

[1m[31mERROR[39m[22m in [1m./src/rewards/reward.service.ts:61:13[39m[22m
TS2339: Property 'sum' does not exist on type '{ sum: string; } | undefined'.
  [0m [90m 59 |[39m [90m   */[39m
   [90m 60 |[39m   [36masync[39m emitMilestoneIfReached(userId[33m:[39m string)[33m:[39m [33mPromise[39m[33m<[39m[36mvoid[39m[33m>[39m {
  [31m[1m>[22m[39m[90m 61 |[39m     [36mconst[39m { sum } [33m=[39m [36mawait[39m [36mthis[39m[33m.[39mrewardTransactionRepository
   [90m    |[39m             [31m[1m^[22m[39m[31m[1m^[22m[39m[31m[1m^[22m[39m
   [90m 62 |[39m       [33m.[39mcreateQueryBuilder([32m'rt'[39m)
   [90m 63 |[39m       [33m.[39mselect([32m'COALESCE(SUM(rt.amount), 0)'[39m[33m,[39m [32m'sum'[39m)
   [90m 64 |[39m       [33m.[39mwhere([32m'rt.userId = :userId'[39m[33m,[39m { userId })[0m

[1m[31mERROR[39m[22m in [1m./src/rewards/rewards.scheduler.ts:70:71[39m[22m
TS18046: 'error' is of type 'unknown'.
  [0m [90m 68 |[39m       } [36mcatch[39m (error) {
   [90m 69 |[39m         [36mthis[39m[33m.[39mlogger[33m.[39merror(
  [31m[1m>[22m[39m[90m 70 |[39m           [32m`[${trigger}] Failed resetting batch at offset ${offset}: ${error.message}`[39m[33m,[39m
   [90m    |[39m                                                                       [31m[1m^[22m[39m[31m[1m^[22m[39m[31m[1m^[22m[39m[31m[1m^[22m[39m[31m[1m^[22m[39m
   [90m 71 |[39m           error[33m.[39mstack[33m,[39m
   [90m 72 |[39m         )[33m;[39m
   [90m 73 |[39m[0m

[1m[31mERROR[39m[22m in [1m./src/rewards/rewards.scheduler.ts:71:11[39m[22m
TS18046: 'error' is of type 'unknown'.
  [0m [90m 69 |[39m         [36mthis[39m[33m.[39mlogger[33m.[39merror(
   [90m 70 |[39m           [32m`[${trigger}] Failed resetting batch at offset ${offset}: ${error.message}`[39m[33m,[39m
  [31m[1m>[22m[39m[90m 71 |[39m           error[33m.[39mstack[33m,[39m
   [90m    |[39m           [31m[1m^[22m[39m[31m[1m^[22m[39m[31m[1m^[22m[39m[31m[1m^[22m[39m[31m[1m^[22m[39m
   [90m 72 |[39m         )[33m;[39m
   [90m 73 |[39m
   [90m 74 |[39m         [36mfor[39m ([36mconst[39m userId [36mof[39m userIds) {[0m

[1m[31mERROR[39m[22m in [1m./src/rewards/rewards.scheduler.ts:84:82[39m[22m
TS18046: 'userError' is of type 'unknown'.
  [0m [90m 82 |[39m             failedCount [33m+=[39m [35m1[39m[33m;[39m
   [90m 83 |[39m             [36mthis[39m[33m.[39mlogger[33m.[39merror(
  [31m[1m>[22m[39m[90m 84 |[39m               [32m`[${trigger}] Failed resetting daily rewards for user ${userId}: ${userError.message}`[39m[33m,[39m
   [90m    |[39m                                                                                  [31m[1m^[22m[39m[31m[1m^[22m[39m[31m[1m^[22m[39m[31m[1m^[22m[39m[31m[1m^[22m[39m[31m[1m^[22m[39m[31m[1m^[22m[39m[31m[1m^[22m[39m[31m[1m^[22m[39m
   [90m 85 |[39m               userError[33m.[39mstack[33m,[39m
   [90m 86 |[39m             )[33m;[39m
   [90m 87 |[39m           }[0m

[1m[31mERROR[39m[22m in [1m./src/rewards/rewards.scheduler.ts:85:15[39m[22m
TS18046: 'userError' is of type 'unknown'.
  [0m [90m 83 |[39m             [36mthis[39m[33m.[39mlogger[33m.[39merror(
   [90m 84 |[39m               [32m`[${trigger}] Failed resetting daily rewards for user ${userId}: ${userError.message}`[39m[33m,[39m
  [31m[1m>[22m[39m[90m 85 |[39m               userError[33m.[39mstack[33m,[39m
   [90m    |[39m               [31m[1m^[22m[39m[31m[1m^[22m[39m[31m[1m^[22m[39m[31m[1m^[22m[39m[31m[1m^[22m[39m[31m[1m^[22m[39m[31m[1m^[22m[39m[31m[1m^[22m[39m[31m[1m^[22m[39m
   [90m 86 |[39m             )[33m;[39m
   [90m 87 |[39m           }
   [90m 88 |[39m         }[0m

[1m[31mERROR[39m[22m in [1m./src/shared/cache/cache.service.ts:31:22[39m[22m
TS2769: No overload matches this call.
  Overload 1 of 8, '(options: RedisOptions): Redis', gave the following error.
    Object literal may only specify known properties, and 'retryDelayOnFailover' does not exist in type 'RedisOptions'.
  Overload 2 of 8, '(port: number): Redis', gave the following error.
    Argument of type '{ host: string; port: number; password: string | undefined; db: number | undefined; tls: {} | undefined; retryDelayOnFailover: number; maxRetriesPerRequest: number; lazyConnect: boolean; }' is not assignable to parameter of type 'number'.
  Overload 3 of 8, '(path: string): Redis', gave the following error.
    Argument of type '{ host: string; port: number; password: string | undefined; db: number | undefined; tls: {} | undefined; retryDelayOnFailover: number; maxRetriesPerRequest: number; lazyConnect: boolean; }' is not assignable to parameter of type 'string'.
  [0m [90m 29 |[39m     [36mconst[39m config [33m=[39m redisConfig([36mthis[39m[33m.[39mconfigService)[33m;[39m
   [90m 30 |[39m     
  [31m[1m>[22m[39m[90m 31 |[39m     [36mthis[39m[33m.[39mredis [33m=[39m [36mnew[39m [33mRedis[39m({
   [90m    |[39m                      [31m[1m^[22m[39m[31m[1m^[22m[39m[31m[1m^[22m[39m[31m[1m^[22m[39m[31m[1m^[22m[39m
   [90m 32 |[39m       host[33m:[39m config[33m.[39mhost[33m,[39m
   [90m 33 |[39m       port[33m:[39m config[33m.[39mport[33m,[39m
   [90m 34 |[39m       password[33m:[39m config[33m.[39mpassword[33m,[39m[0m

[1m[31mERROR[39m[22m in [1m./src/shared/monitoring/monitoring.service.ts:3:38[39m[22m
TS2307: Cannot find module '../../modules/notifications/notifications.service' or its corresponding type declarations.
  [0m [90m 1 |[39m [36mimport[39m { [33mInjectable[39m[33m,[39m [33mLogger[39m } [36mfrom[39m [32m'@nestjs/common'[39m[33m;[39m
   [90m 2 |[39m [36mimport[39m { [33mMetricsService[39m } [36mfrom[39m [32m'../metrics/metrics.service'[39m[33m;[39m
  [31m[1m>[22m[39m[90m 3 |[39m [36mimport[39m { [33mNotificationsService[39m } [36mfrom[39m [32m'../../modules/notifications/notifications.service'[39m[33m;[39m
   [90m   |[39m                                      [31m[1m^[22m[39m[31m[1m^[22m[39m[31m[1m^[22m[39m[31m[1m^[22m[39m[31m[1m^[22m[39m[31m[1m^[22m[39m[31m[1m^[22m[39m[31m[1m^[22m[39m[31m[1m^[22m[39m[31m[1m^[22m[39m[31m[1m^[22m[39m[31m[1m^[22m[39m[31m[1m^[22m[39m[31m[1m^[22m[39m[31m[1m^[22m[39m[31m[1m^[22m[39m[31m[1m^[22m[39m[31m[1m^[22m[39m[31m[1m^[22m[39m[31m[1m^[22m[39m[31m[1m^[22m[39m[31m[1m^[22m[39m[31m[1m^[22m[39m[31m[1m^[22m[39m[31m[1m^[22m[39m[31m[1m^[22m[39m[31m[1m^[22m[39m[31m[1m^[22m[39m[31m[1m^[22m[39m[31m[1m^[22m[39m[31m[1m^[22m[39m[31m[1m^[22m[39m[31m[1m^[22m[39m[31m[1m^[22m[39m[31m[1m^[22m[39m[31m[1m^[22m[39m[31m[1m^[22m[39m[31m[1m^[22m[39m[31m[1m^[22m[39m[31m[1m^[22m[39m[31m[1m^[22m[39m[31m[1m^[22m[39m[31m[1m^[22m[39m[31m[1m^[22m[39m[31m[1m^[22m[39m[31m[1m^[22m[39m[31m[1m^[22m[39m[31m[1m^[22m[39m[31m[1m^[22m[39m[31m[1m^[22m[39m[31m[1m^[22m[39m
   [90m 4 |[39m [36mimport[39m [33m*[39m [36mas[39m os [36mfrom[39m [32m'os'[39m[33m;[39m
   [90m 5 |[39m
   [90m 6 |[39m [33m@[39m[33mInjectable[39m()[0m

[1m[31mERROR[39m[22m in [1m./src/shared/queue/queue.service.ts:177:15[39m[22m
TS2339: Property 'getPaused' does not exist on type 'Queue<any>'.
  [0m [90m 175 |[39m         queue[33m.[39mgetFailed()[33m,[39m
   [90m 176 |[39m         queue[33m.[39mgetDelayed()[33m,[39m
  [31m[1m>[22m[39m[90m 177 |[39m         queue[33m.[39mgetPaused()[33m,[39m
   [90m     |[39m               [31m[1m^[22m[39m[31m[1m^[22m[39m[31m[1m^[22m[39m[31m[1m^[22m[39m[31m[1m^[22m[39m[31m[1m^[22m[39m[31m[1m^[22m[39m[31m[1m^[22m[39m[31m[1m^[22m[39m
   [90m 178 |[39m       ])[33m;[39m
   [90m 179 |[39m
   [90m 180 |[39m       [36mreturn[39m {[0m

[1m[31mERROR[39m[22m in [1m./src/shared/queue/queue.service.ts:333:28[39m[22m
TS2345: Argument of type '"waiting"' is not assignable to parameter of type 'JobStatusClean | undefined'.
  [0m [90m 331 |[39m       [36mawait[39m queue[33m.[39mclean([35m0[39m[33m,[39m [32m'completed'[39m)[33m;[39m
   [90m 332 |[39m       [36mawait[39m queue[33m.[39mclean([35m0[39m[33m,[39m [32m'failed'[39m)[33m;[39m
  [31m[1m>[22m[39m[90m 333 |[39m       [36mawait[39m queue[33m.[39mclean([35m0[39m[33m,[39m [32m'waiting'[39m)[33m;[39m
   [90m     |[39m                            [31m[1m^[22m[39m[31m[1m^[22m[39m[31m[1m^[22m[39m[31m[1m^[22m[39m[31m[1m^[22m[39m[31m[1m^[22m[39m[31m[1m^[22m[39m[31m[1m^[22m[39m[31m[1m^[22m[39m
   [90m 334 |[39m       [36mawait[39m queue[33m.[39mclean([35m0[39m[33m,[39m [32m'delayed'[39m)[33m;[39m
   [90m 335 |[39m       
   [90m 336 |[39m       [36mthis[39m[33m.[39mlogger[33m.[39mlog([32m`Queue ${queueName} cleared`[39m)[33m;[39m[0m

[1m[31mERROR[39m[22m in [1m./src/shared/scheduler/scheduler.service.ts:55:19[39m[22m
TS18048: 'job' is possibly 'undefined'.
  [0m [90m 53 |[39m       [36mlet[39m nextRun[33m;[39m
   [90m 54 |[39m       [36mtry[39m {
  [31m[1m>[22m[39m[90m 55 |[39m         nextRun [33m=[39m job[33m.[39mnextDate()[33m.[39mtoISO()[33m;[39m
   [90m    |[39m                   [31m[1m^[22m[39m[31m[1m^[22m[39m[31m[1m^[22m[39m
   [90m 56 |[39m       } [36mcatch[39m (e) {
   [90m 57 |[39m         nextRun [33m=[39m [32m'error/not scheduled'[39m[33m;[39m
   [90m 58 |[39m       }[0m

[1m[31mERROR[39m[22m in [1m./src/shared/scheduler/scheduler.service.ts:62:18[39m[22m
TS18048: 'job' is possibly 'undefined'.
  [0m [90m 60 |[39m         name[33m,[39m
   [90m 61 |[39m         nextRun[33m,[39m
  [31m[1m>[22m[39m[90m 62 |[39m         lastRun[33m:[39m job[33m.[39mlastDate()[33m,[39m
   [90m    |[39m                  [31m[1m^[22m[39m[31m[1m^[22m[39m[31m[1m^[22m[39m
   [90m 63 |[39m         isRunning[33m:[39m job[33m.[39mrunning[33m,[39m
   [90m 64 |[39m       }[33m;[39m
   [90m 65 |[39m     })[33m;[39m[0m

[1m[31mERROR[39m[22m in [1m./src/shared/scheduler/scheduler.service.ts:63:20[39m[22m
TS18048: 'job' is possibly 'undefined'.
  [0m [90m 61 |[39m         nextRun[33m,[39m
   [90m 62 |[39m         lastRun[33m:[39m job[33m.[39mlastDate()[33m,[39m
  [31m[1m>[22m[39m[90m 63 |[39m         isRunning[33m:[39m job[33m.[39mrunning[33m,[39m
   [90m    |[39m                    [31m[1m^[22m[39m[31m[1m^[22m[39m[31m[1m^[22m[39m
   [90m 64 |[39m       }[33m;[39m
   [90m 65 |[39m     })[33m;[39m
   [90m 66 |[39m   }[0m

[1m[31mERROR[39m[22m in [1m./src/shared/scheduler/scheduler.service.ts:63:24[39m[22m
TS2339: Property 'running' does not exist on type 'CronJob<null, null>'.
  [0m [90m 61 |[39m         nextRun[33m,[39m
   [90m 62 |[39m         lastRun[33m:[39m job[33m.[39mlastDate()[33m,[39m
  [31m[1m>[22m[39m[90m 63 |[39m         isRunning[33m:[39m job[33m.[39mrunning[33m,[39m
   [90m    |[39m                        [31m[1m^[22m[39m[31m[1m^[22m[39m[31m[1m^[22m[39m[31m[1m^[22m[39m[31m[1m^[22m[39m[31m[1m^[22m[39m[31m[1m^[22m[39m
   [90m 64 |[39m       }[33m;[39m
   [90m 65 |[39m     })[33m;[39m
   [90m 66 |[39m   }[0m

[1m[31mERROR[39m[22m in [1m./src/tasks/completions/verification/proof-verification.processor.ts:1:54[39m[22m
TS2307: Cannot find module '@nestjs/bullmq' or its corresponding type declarations.
  [0m[31m[1m>[22m[39m[90m 1 |[39m [36mimport[39m { [33mProcessor[39m[33m,[39m [33mWorkerHost[39m[33m,[39m [33mOnWorkerEvent[39m } [36mfrom[39m [32m'@nestjs/bullmq'[39m[33m;[39m
   [90m   |[39m                                                      [31m[1m^[22m[39m[31m[1m^[22m[39m[31m[1m^[22m[39m[31m[1m^[22m[39m[31m[1m^[22m[39m[31m[1m^[22m[39m[31m[1m^[22m[39m[31m[1m^[22m[39m[31m[1m^[22m[39m[31m[1m^[22m[39m[31m[1m^[22m[39m[31m[1m^[22m[39m[31m[1m^[22m[39m[31m[1m^[22m[39m[31m[1m^[22m[39m[31m[1m^[22m[39m
   [90m 2 |[39m [36mimport[39m { [33mLogger[39m } [36mfrom[39m [32m'@nestjs/common'[39m[33m;[39m
   [90m 3 |[39m [36mimport[39m { [33mJob[39m } [36mfrom[39m [32m'bullmq'[39m[33m;[39m
   [90m 4 |[39m [36mimport[39m { [33mPROOF_VERIFICATION_QUEUE[39m } [36mfrom[39m [32m'../../../queue/queue.constants'[39m[33m;[39m[0m

[1m[31mERROR[39m[22m in [1m./src/tasks/completions/verification/proof-verification.processor.ts:3:21[39m[22m
TS2307: Cannot find module 'bullmq' or its corresponding type declarations.
  [0m [90m 1 |[39m [36mimport[39m { [33mProcessor[39m[33m,[39m [33mWorkerHost[39m[33m,[39m [33mOnWorkerEvent[39m } [36mfrom[39m [32m'@nestjs/bullmq'[39m[33m;[39m
   [90m 2 |[39m [36mimport[39m { [33mLogger[39m } [36mfrom[39m [32m'@nestjs/common'[39m[33m;[39m
  [31m[1m>[22m[39m[90m 3 |[39m [36mimport[39m { [33mJob[39m } [36mfrom[39m [32m'bullmq'[39m[33m;[39m
   [90m   |[39m                     [31m[1m^[22m[39m[31m[1m^[22m[39m[31m[1m^[22m[39m[31m[1m^[22m[39m[31m[1m^[22m[39m[31m[1m^[22m[39m[31m[1m^[22m[39m[31m[1m^[22m[39m
   [90m 4 |[39m [36mimport[39m { [33mPROOF_VERIFICATION_QUEUE[39m } [36mfrom[39m [32m'../../../queue/queue.constants'[39m[33m;[39m
   [90m 5 |[39m [36mimport[39m { [33mProofVerificationService[39m } [36mfrom[39m [32m'./proof-verification.service'[39m[33m;[39m
   [90m 6 |[39m[0m

[1m[31mERROR[39m[22m in [1m./src/tasks/tasks.scheduler.ts:46:75[39m[22m
TS18046: 'error' is of type 'unknown'.
  [0m [90m 44 |[39m           processedCount[33m++[39m[33m;[39m
   [90m 45 |[39m         } [36mcatch[39m (error) {
  [31m[1m>[22m[39m[90m 46 |[39m           [36mthis[39m[33m.[39mlogger[33m.[39merror([32m`Failed to assign tasks to user ${user.id}: ${error.message}`[39m)[33m;[39m
   [90m    |[39m                                                                           [31m[1m^[22m[39m[31m[1m^[22m[39m[31m[1m^[22m[39m[31m[1m^[22m[39m[31m[1m^[22m[39m
   [90m 47 |[39m           errorCount[33m++[39m[33m;[39m
   [90m 48 |[39m         }
   [90m 49 |[39m       }[0m

[1m[31mERROR[39m[22m in [1m./src/tasks/tasks.scheduler.ts:55:67[39m[22m
TS18046: 'error' is of type 'unknown'.
  [0m [90m 53 |[39m       )[33m;[39m
   [90m 54 |[39m     } [36mcatch[39m (error) {
  [31m[1m>[22m[39m[90m 55 |[39m       [36mthis[39m[33m.[39mlogger[33m.[39merror([32m`Daily task assignment cron job failed: ${error.message}`[39m[33m,[39m error[33m.[39mstack)[33m;[39m
   [90m    |[39m                                                                   [31m[1m^[22m[39m[31m[1m^[22m[39m[31m[1m^[22m[39m[31m[1m^[22m[39m[31m[1m^[22m[39m
   [90m 56 |[39m     }
   [90m 57 |[39m   }
   [90m 58 |[39m   [90m/**[39m[0m

[1m[31mERROR[39m[22m in [1m./src/tasks/tasks.scheduler.ts:55:84[39m[22m
TS18046: 'error' is of type 'unknown'.
  [0m [90m 53 |[39m       )[33m;[39m
   [90m 54 |[39m     } [36mcatch[39m (error) {
  [31m[1m>[22m[39m[90m 55 |[39m       [36mthis[39m[33m.[39mlogger[33m.[39merror([32m`Daily task assignment cron job failed: ${error.message}`[39m[33m,[39m error[33m.[39mstack)[33m;[39m
   [90m    |[39m                                                                                    [31m[1m^[22m[39m[31m[1m^[22m[39m[31m[1m^[22m[39m[31m[1m^[22m[39m[31m[1m^[22m[39m
   [90m 56 |[39m     }
   [90m 57 |[39m   }
   [90m 58 |[39m   [90m/**[39m[0m

[1m[31mERROR[39m[22m in [1m./src/tasks/tasks.scheduler.ts:70:61[39m[22m
TS18046: 'error' is of type 'unknown'.
  [0m [90m 68 |[39m       }
   [90m 69 |[39m     } [36mcatch[39m (error) {
  [31m[1m>[22m[39m[90m 70 |[39m       [36mthis[39m[33m.[39mlogger[33m.[39merror([32m`Task reminder processing failed: ${error.message}`[39m[33m,[39m error[33m.[39mstack)[33m;[39m
   [90m    |[39m                                                             [31m[1m^[22m[39m[31m[1m^[22m[39m[31m[1m^[22m[39m[31m[1m^[22m[39m[31m[1m^[22m[39m
   [90m 71 |[39m     }
   [90m 72 |[39m   }
   [90m 73 |[39m[0m

[1m[31mERROR[39m[22m in [1m./src/tasks/tasks.scheduler.ts:70:78[39m[22m
TS18046: 'error' is of type 'unknown'.
  [0m [90m 68 |[39m       }
   [90m 69 |[39m     } [36mcatch[39m (error) {
  [31m[1m>[22m[39m[90m 70 |[39m       [36mthis[39m[33m.[39mlogger[33m.[39merror([32m`Task reminder processing failed: ${error.message}`[39m[33m,[39m error[33m.[39mstack)[33m;[39m
   [90m    |[39m                                                                              [31m[1m^[22m[39m[31m[1m^[22m[39m[31m[1m^[22m[39m[31m[1m^[22m[39m[31m[1m^[22m[39m
   [90m 71 |[39m     }
   [90m 72 |[39m   }
   [90m 73 |[39m[0m

[1m[31mERROR[39m[22m in [1m./src/tasks/tasks.scheduler.ts:94:73[39m[22m
TS18046: 'error' is of type 'unknown'.
  [0m [90m 92 |[39m         processedCount[33m++[39m[33m;[39m
   [90m 93 |[39m       } [36mcatch[39m (error) {
  [31m[1m>[22m[39m[90m 94 |[39m         [36mthis[39m[33m.[39mlogger[33m.[39merror([32m`Failed to assign tasks to user ${user.id}: ${error.message}`[39m)[33m;[39m
   [90m    |[39m                                                                         [31m[1m^[22m[39m[31m[1m^[22m[39m[31m[1m^[22m[39m[31m[1m^[22m[39m[31m[1m^[22m[39m
   [90m 95 |[39m         errorCount[33m++[39m[33m;[39m
   [90m 96 |[39m       }
   [90m 97 |[39m     }[0m

[1m[31mERROR[39m[22m in [1m./src/users/entities/health-profile.entity.ts:18:14[39m[22m
TS2322: Type 'null' is not assignable to type 'string'.
  [0m [90m 16 |[39m
   [90m 17 |[39m [36mfunction[39m encrypt(text[33m:[39m string)[33m:[39m string {
  [31m[1m>[22m[39m[90m 18 |[39m   [36mif[39m ([33m![39mtext) [36mreturn[39m [36mnull[39m[33m;[39m
   [90m    |[39m              [31m[1m^[22m[39m[31m[1m^[22m[39m[31m[1m^[22m[39m[31m[1m^[22m[39m[31m[1m^[22m[39m[31m[1m^[22m[39m
   [90m 19 |[39m   [36mconst[39m iv [33m=[39m crypto[33m.[39mrandomBytes([33mIV_LENGTH[39m)[33m;[39m
   [90m 20 |[39m   [36mconst[39m cipher [33m=[39m crypto[33m.[39mcreateCipheriv([32m'aes-256-cbc'[39m[33m,[39m [33mBuffer[39m[33m.[39m[36mfrom[39m([33mAES_KEY[39m)[33m,[39m iv)[33m;[39m
   [90m 21 |[39m   [36mlet[39m encrypted [33m=[39m cipher[33m.[39mupdate(text)[33m;[39m[0m

[1m[31mERROR[39m[22m in [1m./src/users/wallet/wallet.service.ts:59:58[39m[22m
TS18046: 'error' is of type 'unknown'.
  [0m [90m 57 |[39m     } [36mcatch[39m (error) {
   [90m 58 |[39m       [36mthis[39m[33m.[39mlogger[33m.[39mwarn(
  [31m[1m>[22m[39m[90m 59 |[39m         [32m`Failed to fetch balance for ${walletAddress}: ${error.message}`[39m[33m,[39m
   [90m    |[39m                                                          [31m[1m^[22m[39m[31m[1m^[22m[39m[31m[1m^[22m[39m[31m[1m^[22m[39m[31m[1m^[22m[39m
   [90m 60 |[39m       )[33m;[39m
   [90m 61 |[39m     }
   [90m 62 |[39m[0m

[1m[33m11 errors have detailed information that is not shown.
Use 'stats.errorDetails: true' resp. '--stats-error-details' to show it.[39m[22m

webpack 5.97.1 compiled with [1m[31m191 errors[39m[22m in 9407 ms
