node.exe : FAIL 
test/wallet.e2e-spec.ts
At C:\nodejs\npx.ps1:16 
char:5
+     & 
"$basedir/node$exe"  "$base
dir/node_modules/npm/bin/np
x-cli.js" ...
+     ~~~~~~~~~~~~~~~~~~~~~
~~~~~~~~~~~~~~~~~~~~~~~~~~~
~~~~~~~~~~~~~~~~~
    + CategoryInfo         
     : NotSpecified: (FAI  
  L test/wallet.e2e-spec   
 .ts:String) [], Remote    
Exception
    + FullyQualifiedErrorI 
   d : NativeCommandError
 
  ΓùÅ Test suite failed to 
run

    [96mtest/wallet.e2e-sp
ec.ts[0m:[93m72[0m:[93m
25[0m - 
[91merror[0m[90m 
TS2349: [0mThis 
expression is not callable.
      Type '{ default: 
SuperTestStatic; Test: 
typeof Test; agent: typeof 
TestAgent & ((app?: App, 
options?: AgentOptions) => 
TestAgent<Test>); }' has 
no call signatures.

    [7m72[0m       const 
res = await request(app.get
HttpServer())
    [7m  [0m [91m       
                 
~~~~~~~[0m

      [96mtest/wallet.e2e-
spec.ts[0m:[93m3[0m:[93
m1[0m
        [7m3[0m import * 
as request from 
'supertest';
        [7m [0m [96m~~~~
~~~~~~~~~~~~~~~~~~~~~~~~~~~
~~~~~~[0m
        Type originates at 
this import. A 
namespace-style import 
cannot be called or 
constructed, and will 
cause a failure at 
runtime. Consider using a 
default import or import 
require here instead.
    [96mtest/wallet.e2e-sp
ec.ts[0m:[93m74[0m:[93m
37[0m - 
[91merror[0m[90m 
TS2339: [0mProperty 'id' 
does not exist on type 
'User[]'.

    [7m74[0m         
.set('x-test-user-id', 
user.id)
    [7m  [0m [91m       
                           
  ~~[0m
    [96mtest/wallet.e2e-sp
ec.ts[0m:[93m81[0m:[93m
70[0m - 
[91merror[0m[90m 
TS2339: [0mProperty 'id' 
does not exist on type 
'User[]'.

    [7m81[0m       const 
updatedUser = await 
userRepo.findOne({ where: 
{ id: user.id } });
    [7m  [0m [91m       
                           
                           
        ~~[0m
    [96mtest/wallet.e2e-sp
ec.ts[0m:[93m95[0m:[93m
13[0m - 
[91merror[0m[90m 
TS2349: [0mThis 
expression is not callable.
      Type '{ default: 
SuperTestStatic; Test: 
typeof Test; agent: typeof 
TestAgent & ((app?: App, 
options?: AgentOptions) => 
TestAgent<Test>); }' has 
no call signatures.

    [7m95[0m       await 
request(app.getHttpServer()
)
    [7m  [0m [91m       
     ~~~~~~~[0m

      [96mtest/wallet.e2e-
spec.ts[0m:[93m3[0m:[93
m1[0m
        [7m3[0m import * 
as request from 
'supertest';
        [7m [0m [96m~~~~
~~~~~~~~~~~~~~~~~~~~~~~~~~~
~~~~~~[0m
        Type originates at 
this import. A 
namespace-style import 
cannot be called or 
constructed, and will 
cause a failure at 
runtime. Consider using a 
default import or import 
require here instead.
    [96mtest/wallet.e2e-sp
ec.ts[0m:[93m97[0m:[93m
37[0m - 
[91merror[0m[90m 
TS2339: [0mProperty 'id' 
does not exist on type 
'User[]'.

    [7m97[0m         
.set('x-test-user-id', 
user.id)
    [7m  [0m [91m       
                           
  ~~[0m
    [96mtest/wallet.e2e-sp
ec.ts[0m:[93m114[0m:[93
m13[0m - 
[91merror[0m[90m 
TS2349: [0mThis 
expression is not callable.
      Type '{ default: 
SuperTestStatic; Test: 
typeof Test; agent: typeof 
TestAgent & ((app?: App, 
options?: AgentOptions) => 
TestAgent<Test>); }' has 
no call signatures.

    [7m114[0m       
await request(app.getHttpSe
rver())
    [7m   [0m [91m      
      ~~~~~~~[0m

      [96mtest/wallet.e2e-
spec.ts[0m:[93m3[0m:[93
m1[0m
        [7m3[0m import * 
as request from 
'supertest';
        [7m [0m [96m~~~~
~~~~~~~~~~~~~~~~~~~~~~~~~~~
~~~~~~[0m
        Type originates at 
this import. A 
namespace-style import 
cannot be called or 
constructed, and will 
cause a failure at 
runtime. Consider using a 
default import or import 
require here instead.
    [96mtest/wallet.e2e-sp
ec.ts[0m:[93m116[0m:[93
m37[0m - 
[91merror[0m[90m 
TS2339: [0mProperty 'id' 
does not exist on type 
'User[]'.

    [7m116[0m         
.set('x-test-user-id', 
user.id)
    [7m   [0m [91m      
                           
   ~~[0m
    [96mtest/wallet.e2e-sp
ec.ts[0m:[93m145[0m:[93
m13[0m - 
[91merror[0m[90m 
TS2349: [0mThis 
expression is not callable.
      Type '{ default: 
SuperTestStatic; Test: 
typeof Test; agent: typeof 
TestAgent & ((app?: App, 
options?: AgentOptions) => 
TestAgent<Test>); }' has 
no call signatures.

    [7m145[0m       
await request(app.getHttpSe
rver())
    [7m   [0m [91m      
      ~~~~~~~[0m

      [96mtest/wallet.e2e-
spec.ts[0m:[93m3[0m:[93
m1[0m
        [7m3[0m import * 
as request from 
'supertest';
        [7m [0m [96m~~~~
~~~~~~~~~~~~~~~~~~~~~~~~~~~
~~~~~~[0m
        Type originates at 
this import. A 
namespace-style import 
cannot be called or 
constructed, and will 
cause a failure at 
runtime. Consider using a 
default import or import 
require here instead.
    [96mtest/wallet.e2e-sp
ec.ts[0m:[93m147[0m:[93
m37[0m - 
[91merror[0m[90m 
TS2339: [0mProperty 'id' 
does not exist on type 
'User[]'.

    [7m147[0m         
.set('x-test-user-id', 
user.id)
    [7m   [0m [91m      
                           
   ~~[0m
    [96mtest/wallet.e2e-sp
ec.ts[0m:[93m177[0m:[93
m25[0m - 
[91merror[0m[90m 
TS2349: [0mThis 
expression is not callable.
      Type '{ default: 
SuperTestStatic; Test: 
typeof Test; agent: typeof 
TestAgent & ((app?: App, 
options?: AgentOptions) => 
TestAgent<Test>); }' has 
no call signatures.

    [7m177[0m       
const res = await request(a
pp.getHttpServer())
    [7m   [0m [91m      
                  
~~~~~~~[0m

      [96mtest/wallet.e2e-
spec.ts[0m:[93m3[0m:[93
m1[0m
        [7m3[0m import * 
as request from 
'supertest';
        [7m [0m [96m~~~~
~~~~~~~~~~~~~~~~~~~~~~~~~~~
~~~~~~[0m
        Type originates at 
this import. A 
namespace-style import 
cannot be called or 
constructed, and will 
cause a failure at 
runtime. Consider using a 
default import or import 
require here instead.
    [96mtest/wallet.e2e-sp
ec.ts[0m:[93m179[0m:[93
m37[0m - 
[91merror[0m[90m 
TS2339: [0mProperty 'id' 
does not exist on type 
'User[]'.

    [7m179[0m         
.set('x-test-user-id', 
user.id)
    [7m   [0m [91m      
                           
   ~~[0m

Test Suites: 1 failed, 1 
total
Tests:       0 total
Snapshots:   0 total
Time:        13.972 s
Ran all test suites 
matching 
test/wallet.e2e-spec.ts.
